[ahmad.works/bostan/index.html]
[backblue.gif]
[fade.gif]
[index.html]
[ahmad.works/bostan/xmlrpc.php]
[ahmad.works/bostan/wp-content/themes/bostan/framework/aqua/assets/css/aqpb-viewed41.css]
[ahmad.works/bostan/feed/index.html]
[ahmad.works/bostan/wp-content/plugins/contact-form-7/includes/css/styles0235.css]
[ahmad.works/bostan/comments/feed/index.html]
[ahmad.works/bostan/new-home/feed/index.html]
[ahmad.works/bostan/wp-content/plugins/revslider/rs-plugin/css/settings1dc6.css]
[ahmad.works/bostan/wp-content/plugins/wp-syntax/css/wp-syntax5152.css]
[ahmad.works/bostan/wp-content/themes/bostan/framework/wp-pricing-table/css/base31a4.css]
[ahmad.works/bostan/wp-content/themes/bostan/framework/wp-pricing-table/css/layout31a4.css]
[ahmad.works/bostan/wp-content/themes/bostan/framework/wp-pricing-table/css/fluid_skeleton31a4.css]
[ahmad.works/bostan/wp-content/themes/bostan/framework/wp-pricing-table/css/pricing_table31a4.css]
[ahmad.works/bostan/wp-content/themes/bostan/framework/bootstrap/css/bootstrap.min31a4.css]
[ahmad.works/bostan/wp-content/themes/bostan/framework/fontello/css/fontello31a4.css]
[ahmad.works/bostan/wp-content/themes/bostan/framework/fontello/css/animation31a4.css]
[ahmad.works/bostan/wp-content/themes/bostan/js/flexslider/flexslider31a4.css]
[ahmad.works/bostan/wp-content/themes/bostan/js/flexslider/galleryslider31a4.css]
[ahmad.works/bostan/wp-content/themes/bostan/inc/shortcodes/style31a4.css]
[ahmad.works/bostan/wp-content/themes/bostan/js/tweets/jquery.tweet31a4.css]
[ahmad.works/bostan/wp-content/themes/bostan/js/prettyphoto/css/prettyPhoto31a4.css]
[ahmad.works/bostan/wp-content/themes/bostan/js/isotope/style68b3.css]
[ahmad.works/bostan/wp-content/themes/bostan/js/owl-carousel/owl.carousel31a4.css]
[ahmad.works/bostan/wp-content/themes/bostan/js/owl-carousel/owl.theme31a4.css]
[ahmad.works/bostan/wp-content/themes/bostan/style128b.css]
[ahmad.works/bostan/wp-content/themes/bostan/responsivea361.css]
[ahmad.works/bostan/wp-content/themes/bostan/switcher/switcher31a4.css]
[ahmad.works/bostan/wp-content/themes/bostan/switcher/colorpicker/css/colorpicker31a4.css]
[ahmad.works/bostan/wp-includes/js/jquery/jquery-migrate.min1576.js]
[ahmad.works/bostan/wp-includes/js/jquery/jquery90f9.js]
[ahmad.works/bostan/wp-content/plugins/revslider/rs-plugin/js/jquery.themepunch.revolution.min1dc6.js]
[ahmad.works/bostan/wp-content/plugins/revslider/rs-plugin/js/jquery.themepunch.tools.min1dc6.js]
[ahmad.works/bostan/wp-content/themes/bostan/js/modernizr31a4.js]
[ahmad.works/bostan/wp-content/themes/bostan/switcher/colorpicker/js/color-picker.min31a4.js]
[ahmad.works/bostan/wp-content/themes/bostan/switcher/switcherfc99.js]
[ahmad.works/bostan/xmlrpc0db0.php]
[ahmad.works/bostan/wp-includes/wlwmanifest.xml]
[ahmad.works/bostan/wp-content/uploads/2013/06/header_title.jpg]
[ahmad.works/bostan/wp-content/themes/bostan/images/bg/bg41.png]
[connect.facebook.net/en_US/all.js]
[ahmad.works/bostan/wp-content/uploads/2013/06/logo_large1.png]
[ahmad.works/bostan/wp-content/uploads/2013/06/photodune-3027632-interior-design-m.jpg]
[ahmad.works/bostan/wp-content/uploads/2013/06/photodune-219463-time-is-making-fools-of-us-again-confused-man-holding-a-clock-m51.png]
[ahmad.works/bostan/wp-content/uploads/2013/06/surf-wallpaper-dion-agius-dj-struntz-water-surfing.jpg]
[ahmad.works/bostan/new-home-2/index.html]
[ahmad.works/bostan/new-home-3/index.html]
[ahmad.works/bostan/wp-content/uploads/2013/06/ipad1.png]
[ahmad.works/bostan/new-home-4/index.html]
[ahmad.works/bostan/wp-content/uploads/2013/05/photodune-2650397-sailing-m-1024x682.jpg]
[ahmad.works/bostan/new-home-5/index.html]
[ahmad.works/bostan/wp-content/uploads/2013/05/photodune-2650397-sailing-m-520x337.jpg]
[ahmad.works/bostan/blog/index.html]
[ahmad.works/bostan/wp-content/uploads/2013/05/photodune-4628306-signing-a-document-m-1024x682.jpg]
[ahmad.works/bostan/blog-left-sidebar/index.html]
[ahmad.works/bostan/wp-content/uploads/2013/05/photodune-4628306-signing-a-document-m-520x337.jpg]
[ahmad.works/bostan/portfolio-2/index.html]
[ahmad.works/bostan/portfolio-2-columns/index.html]
[ahmad.works/bostan/portfolio-4-columns/index.html]
[ahmad.works/bostan/wp-content/uploads/2013/05/photodune-3027632-interior-design-m-1-1024x1024.jpg]
[ahmad.works/bostan/culomns/index.html]
[ahmad.works/bostan/wp-content/uploads/2013/05/photodune-3027632-interior-design-m-1-520x337.jpg]
[ahmad.works/bostan/google-map/index.html]
[ahmad.works/bostan/tabs-and-toggles/index.html]
[ahmad.works/bostan/wp-content/uploads/2013/05/photodune-2540453-market-analysis-m.jpg]
[ahmad.works/bostan/8887-2/index.html]
[ahmad.works/bostan/buttons/index.html]
[ahmad.works/bostan/wp-content/uploads/2013/05/photodune-3853785-business-analytics-m.jpg]
[ahmad.works/bostan/typography/index.html]
[ahmad.works/bostan/wp-content/uploads/2013/05/photodune-3853785-business-analytics-m-520x337.jpg]
[ahmad.works/bostan/wp-content/uploads/2013/05/photodune-363620-plot-of-new-house-m-1024x682.jpg]
[ahmad.works/bostan/videos/index.html]
[ahmad.works/bostan/pricing-table/index.html]
[ahmad.works/bostan/wp-content/uploads/2013/05/photodune-363620-plot-of-new-house-m-520x337.jpg]
[ahmad.works/bostan/vector-icons/index.html]
[ahmad.works/bostan/wp-content/uploads/2013/05/photodune-1544745-office-m-1-1024x485.jpg]
[ahmad.works/bostan/wp-content/uploads/2013/05/photodune-1544745-office-m-1-520x337.jpg]
[ahmad.works/bostan/post-types-carousel/index.html]
[ahmad.works/bostan/wp-content/uploads/2013/06/photodune-219463-time-is-making-fools-of-us-again-confused-man-holding-a-clock-m5.png]
[ahmad.works/bostan/contact/index.html]
[ahmad.works/bostan/wp-content/uploads/2013/05/photodune-653955-work-from-home-m-520x337.jpg]
[ahmad.works/bostan/project/project-8/index.html]
[ahmad.works/bostan/tag-portfolio/design/index.html]
[ahmad.works/bostan/wp-content/uploads/2013/05/photodune-344850-graduate-in-hallway-m-1-520x337.jpg]
[ahmad.works/bostan/tag-portfolio/graphics/index.html]
[ahmad.works/bostan/wp-content/uploads/2013/05/logo_2.png]
[ahmad.works/bostan/tag-portfolio/idea/index.html]
[ahmad.works/bostan/wp-content/uploads/2013/05/logo_1.png]
[ahmad.works/bostan/project/project-4/index.html]
[ahmad.works/bostan/wp-content/uploads/2013/05/logo_3.png]
[ahmad.works/bostan/tag-portfolio/cards/index.html]
[ahmad.works/bostan/project/project-6/index.html]
[ahmad.works/bostan/wp-content/uploads/2013/05/logo_4.png]
[ahmad.works/bostan/tag-portfolio/advertisements/index.html]
[ahmad.works/bostan/project/project-7/index.html]
[ahmad.works/bostan/wp-content/uploads/2013/05/logo_5.png]
[ahmad.works/bostan/project/project-10/index.html]
[ahmad.works/bostan/wp-content/uploads/2013/05/logo_color1.jpg]
[ahmad.works/bostan/wp-content/uploads/2013/05/logo_panda.jpg]
[ahmad.works/bostan/a-standard-image-post/index.html]
[www.google-analytics.com/analytics.js]
[ahmad.works/bostan/project/20892/index.html]
[ahmad.works/bostan/tag/business/index.html]
[ahmad.works/bostan/wp-content/themes/bostan/framework/aqua/assets/js/aqpb-viewed41.js]
[ahmad.works/bostan/this-is-a-gallery-post/index.html]
[ahmad.works/bostan/tag/image/index.html]
[ahmad.works/bostan/wp-includes/js/comment-reply.min31a4.js]
[ahmad.works/bostan/tag/technology/index.html]
[ahmad.works/bostan/tag/politics/index.html]
[ahmad.works/bostan/tag/video/index.html]
[ahmad.works/bostan/tag/youtube/index.html]
[ahmad.works/bostan/wp-content/plugins/contact-form-7/includes/js/scripts0235.js]
[ahmad.works/bostan/wp-content/themes/bostan/framework/bootstrap/js/bootstrap.min31a4.js]
[ahmad.works/bostan/wp-content/themes/bostan/js/eslider/jquery.eislideshow31a4.js]
[ahmad.works/bostan/wp-content/plugins/contact-form-7/includes/js/jquery.form.mind03d.js]
[ahmad.works/bostan/wp-content/themes/bostan/js/jquery.fitvids31a4.js]
[ahmad.works/bostan/wp-content/themes/bostan/js/jquery.ticker31a4.js]
[ahmad.works/bostan/wp-content/themes/bostan/js/flexslider/jquery.flexslider-min31a4.js]
[ahmad.works/bostan/wp-content/themes/bostan/js/jquery.easing31a4.js]
[ahmad.works/bostan/wp-content/themes/bostan/js/owl-carousel/owl.carousel.min31a4.js]
[ahmad.works/bostan/wp-content/themes/bostan/js/prettyphoto/js/jquery.prettyPhoto31a4.js]
[ahmad.works/bostan/wp-content/themes/bostan/js/carousel/jquery.carouFredSel-6.2.0-packed31a4.js]
[ahmad.works/bostan/wp-content/themes/bostan/js/jquery.touchSwipe.min31a4.js]
[ahmad.works/bostan/wp-content/themes/bostan/js/jquery.mousewheel31a4.js]
[ahmad.works/bostan/wp-content/themes/bostan/js/jquery.transit.min31a4.js]
[ahmad.works/bostan/wp-content/themes/bostan/js/jquery.ba-throttle-debounce.min31a4.js]
[ahmad.works/bostan/wp-content/themes/bostan/js/jquery.jcarousel.min31a4.js]
[ahmad.works/bostan/wp-content/themes/bostan/js/component31a4.js]
[ahmad.works/bostan/wp-content/themes/bostan/js/isotope/jquery.isotope.min31a4.js]
[ahmad.works/bostan/index.html]
[ahmad.works/bostan/wp-content/themes/bostan/js/asalah7793.js]
[ahmad.works/bostan/wp-content/themes/bostan/framework/aqua/assets/images/dropdown-arrows.png]
[ahmad.works/bostan/wp-content/themes/bostan/framework/aqua/assets/images/drop-bg.png]
[ahmad.works/bostan/wp-content/themes/bostan/framework/aqua/assets/css/aqpb-viewed41.css]
[ahmad.works/bostan/wp-content/plugins/contact-form-7/includes/css/styles0235.css]
[ahmad.works/bostan/wp-content/themes/bostan/js/tweets/jquery.tweet31a4.js]
[ahmad.works/bostan/wp-content/plugins/revslider/rs-plugin/font/revicons90c6.eot]
[ahmad.works/bostan/wp-content/plugins/revslider/rs-plugin/font/revicons90c6.woff]
[ahmad.works/bostan/wp-content/plugins/revslider/rs-plugin/font/revicons90c6.ttf]
[ahmad.works/bostan/wp-content/plugins/revslider/rs-plugin/font/revicons90c6.svg]
[ahmad.works/bostan/wp-content/plugins/revslider/rs-plugin/assets/gridtile.png]
[ahmad.works/bostan/wp-content/plugins/revslider/rs-plugin/assets/gridtile_white.png]
[ahmad.works/bostan/wp-content/plugins/revslider/rs-plugin/assets/gridtile_3x3.png]
[ahmad.works/bostan/wp-content/plugins/revslider/rs-plugin/assets/gridtile_3x3_white.png]
[ahmad.works/bostan/wp-content/plugins/revslider/rs-plugin/assets/shadow1.png]
[ahmad.works/bostan/wp-content/plugins/revslider/rs-plugin/assets/shadow2.png]
[ahmad.works/bostan/wp-content/plugins/revslider/rs-plugin/assets/shadow3.png]
[ahmad.works/bostan/wp-content/plugins/revslider/rs-plugin/images/gradient/g30.png]
[ahmad.works/bostan/wp-content/plugins/revslider/rs-plugin/images/gradient/g40.png]
[ahmad.works/bostan/wp-content/plugins/revslider/rs-plugin/assets/boxed_bgtile.png]
[ahmad.works/bostan/wp-content/plugins/revslider/rs-plugin/assets/navigdots_bgtile.png]
[ahmad.works/bostan/wp-content/plugins/revslider/rs-plugin/assets/bullet.png]
[ahmad.works/bostan/wp-content/plugins/revslider/rs-plugin/assets/bullets.png]
[ahmad.works/bostan/wp-content/plugins/revslider/rs-plugin/assets/bullets2.png]
[ahmad.works/bostan/wp-content/plugins/revslider/rs-plugin/assets/bullet_boxed.png]
[ahmad.works/bostan/wp-content/plugins/revslider/rs-plugin/assets/navigdots.png]
[ahmad.works/bostan/wp-content/plugins/revslider/rs-plugin/assets/large_left.png]
[ahmad.works/bostan/wp-content/plugins/revslider/rs-plugin/assets/large_right.png]
[ahmad.works/bostan/wp-content/plugins/revslider/rs-plugin/assets/small_left.png]
[ahmad.works/bostan/wp-content/plugins/revslider/rs-plugin/assets/small_right.png]
[ahmad.works/bostan/wp-content/plugins/revslider/rs-plugin/assets/arrow_left.png]
[ahmad.works/bostan/wp-content/plugins/revslider/rs-plugin/assets/arrow_right.png]
[ahmad.works/bostan/wp-content/plugins/revslider/rs-plugin/assets/small_left_boxed.png]
[ahmad.works/bostan/wp-content/plugins/revslider/rs-plugin/assets/small_right_boxed.png]
[ahmad.works/bostan/wp-content/plugins/revslider/rs-plugin/assets/arrowleft.png]
[ahmad.works/bostan/wp-content/plugins/revslider/rs-plugin/assets/arrowright.png]
[ahmad.works/bostan/wp-content/plugins/revslider/rs-plugin/assets/arrow_left2.png]
[ahmad.works/bostan/wp-content/plugins/revslider/rs-plugin/assets/arrow_right2.png]
[ahmad.works/bostan/wp-content/plugins/revslider/rs-plugin/assets/coloredbg.png]
[ahmad.works/bostan/wp-content/plugins/revslider/rs-plugin/assets/loader.gif]
[ahmad.works/bostan/wp-content/plugins/revslider/rs-plugin/css/settings1dc6.css]
[ahmad.works/bostan/wp-content/plugins/wp-syntax/css/wp-syntax5152.css]
[ahmad.works/bostan/wp-content/themes/bostan/framework/wp-pricing-table/css/base31a4.css]
[ahmad.works/bostan/wp-content/themes/bostan/framework/wp-pricing-table/css/layout31a4.css]
[ahmad.works/bostan/wp-content/themes/bostan/framework/wp-pricing-table/css/fluid_skeleton31a4.css]
[ahmad.works/bostan/wp-content/themes/bostan/framework/wp-pricing-table/plus_minus_icons.png]
[ahmad.works/bostan/wp-content/themes/bostan/framework/wp-pricing-table/css/pricing_table31a4.css]
[ahmad.works/bostan/wp-content/themes/bostan/framework/bootstrap/css/bootstrap.min31a4.css]
[ahmad.works/bostan/wp-content/themes/bostan/framework/fontello/font/fontello1f65.woff]
[ahmad.works/bostan/wp-content/themes/bostan/framework/fontello/font/fontello1f65.ttf]
[ahmad.works/bostan/wp-content/themes/bostan/framework/fontello/font/fontello1f65.svg]
[ahmad.works/bostan/wp-content/themes/bostan/framework/fontello/css/fontello31a4.css]
[ahmad.works/bostan/wp-content/themes/bostan/framework/fontello/css/animation31a4.css]
[ahmad.works/bostan/wp-content/themes/bostan/js/flexslider/images/bg_direction_nav.png]
[ahmad.works/bostan/wp-content/themes/bostan/js/flexslider/flexslider31a4.css]
[ahmad.works/bostan/wp-content/themes/bostan/js/flexslider/galleryslider31a4.css]
[ahmad.works/bostan/wp-content/themes/bostan/inc/shortcodes/images/check.png]
[ahmad.works/bostan/wp-content/themes/bostan/inc/shortcodes/images/star.png]
[ahmad.works/bostan/wp-content/themes/bostan/inc/shortcodes/images/info.png]
[ahmad.works/bostan/wp-content/themes/bostan/inc/shortcodes/images/success.png]
[ahmad.works/bostan/wp-content/themes/bostan/inc/shortcodes/images/warning.png]
[ahmad.works/bostan/wp-content/themes/bostan/framework/fontello/font/fontello1f65.eot]
[ahmad.works/bostan/wp-content/themes/bostan/inc/shortcodes/images/error.png]
[ahmad.works/bostan/wp-content/themes/bostan/inc/shortcodes/images/download.png]
[ahmad.works/bostan/wp-content/themes/bostan/inc/shortcodes/images/note.png]
[ahmad.works/bostan/wp-content/themes/bostan/inc/shortcodes/images/prettyPhoto/sprite.png]
[ahmad.works/bostan/wp-content/themes/bostan/inc/shortcodes/images/prettyPhoto/sprite_x.png]
[ahmad.works/bostan/wp-content/themes/bostan/inc/shortcodes/images/prettyPhoto/sprite_y.png]
[ahmad.works/bostan/wp-content/themes/bostan/inc/shortcodes/images/prettyPhoto/sprite_next.png]
[ahmad.works/bostan/wp-content/themes/bostan/inc/shortcodes/images/prettyPhoto/sprite_prev.8e.delayed]
[ahmad.works/bostan/wp-content/themes/bostan/inc/shortcodes/images/prettyPhoto/default_thumb.8f.delayed]
[ahmad.works/bostan/wp-content/themes/bostan/inc/shortcodes/images/prettyPhoto/loader.90.delayed]
[ahmad.works/bostan/wp-content/themes/bostan/inc/shortcodes/images/prettyPhoto/facebook/default_thumbnail.gif]
[ahmad.works/bostan/wp-content/themes/bostan/inc/shortcodes/images/toggle-minus.png]
[ahmad.works/bostan/wp-content/themes/bostan/inc/shortcodes/images/toggle-plus.png]
[ahmad.works/bostan/wp-content/themes/bostan/inc/shortcodes/style31a4.css]
[ahmad.works/bostan/wp-content/themes/bostan/js/tweets/jquery.tweet31a4.css]
[ahmad.works/bostan/wp-content/themes/bostan/js/prettyphoto/images/prettyPhoto/default/sprite.png]
[ahmad.works/bostan/wp-content/themes/bostan/js/prettyphoto/images/prettyPhoto/default/sprite_x.png]
[ahmad.works/bostan/wp-content/themes/bostan/js/prettyphoto/images/prettyPhoto/default/sprite_y.png]
[ahmad.works/bostan/wp-content/themes/bostan/js/prettyphoto/images/prettyPhoto/default/sprite_next.png]
[ahmad.works/bostan/wp-content/themes/bostan/js/prettyphoto/images/prettyPhoto/default/sprite_prev.png]
[ahmad.works/bostan/wp-content/themes/bostan/js/prettyphoto/images/prettyPhoto/default/default_thumb.png]
[ahmad.works/bostan/wp-content/themes/bostan/js/prettyphoto/images/prettyPhoto/default/loader.gif]
[ahmad.works/bostan/wp-content/themes/bostan/js/prettyphoto/images/prettyPhoto/light_rounded/sprite.png]
[ahmad.works/bostan/wp-content/themes/bostan/js/prettyphoto/images/prettyPhoto/light_rounded/btnNext.png]
[ahmad.works/bostan/wp-content/themes/bostan/js/prettyphoto/images/prettyPhoto/light_rounded/btnPrevious.png]
[ahmad.works/bostan/wp-content/themes/bostan/js/prettyphoto/images/prettyPhoto/dark_rounded/sprite.png]
[ahmad.works/bostan/wp-content/themes/bostan/js/prettyphoto/images/prettyPhoto/dark_rounded/contentPattern.png]
[ahmad.works/bostan/wp-content/themes/bostan/js/prettyphoto/images/prettyPhoto/dark_rounded/btnNext.png]
[ahmad.works/bostan/wp-content/themes/bostan/js/prettyphoto/images/prettyPhoto/dark_rounded/btnPrevious.png]
[ahmad.works/bostan/wp-content/themes/bostan/js/prettyphoto/images/prettyPhoto/dark_rounded/loader.gif]
[ahmad.works/bostan/wp-content/themes/bostan/js/prettyphoto/images/prettyPhoto/dark_square/loader.gif]
[ahmad.works/bostan/wp-content/themes/bostan/js/prettyphoto/images/prettyPhoto/dark_square/sprite.png]
[ahmad.works/bostan/wp-content/themes/bostan/js/prettyphoto/images/prettyPhoto/dark_square/btnNext.png]
[ahmad.works/bostan/wp-content/themes/bostan/js/prettyphoto/images/prettyPhoto/dark_square/btnPrevious.png]
[ahmad.works/bostan/wp-content/themes/bostan/js/prettyphoto/images/prettyPhoto/light_square/sprite.png]
[ahmad.works/bostan/wp-content/themes/bostan/js/prettyphoto/images/prettyPhoto/light_square/btnNext.png]
[ahmad.works/bostan/wp-content/themes/bostan/js/prettyphoto/images/prettyPhoto/light_square/btnPrevious.png]
[ahmad.works/bostan/wp-content/themes/bostan/js/prettyphoto/images/prettyPhoto/facebook/sprite.png]
[ahmad.works/bostan/wp-content/themes/bostan/js/prettyphoto/images/prettyPhoto/facebook/contentPatternTop.png]
[ahmad.works/bostan/wp-content/themes/bostan/js/prettyphoto/images/prettyPhoto/facebook/contentPatternLeft.png]
[ahmad.works/bostan/wp-content/themes/bostan/js/prettyphoto/images/prettyPhoto/facebook/contentPatternRight.png]
[ahmad.works/bostan/wp-content/themes/bostan/js/prettyphoto/images/prettyPhoto/facebook/loader.gif]
[ahmad.works/bostan/wp-content/themes/bostan/js/prettyphoto/images/prettyPhoto/facebook/btnNext.png]
[ahmad.works/bostan/wp-content/themes/bostan/js/prettyphoto/images/prettyPhoto/facebook/btnPrevious.png]
[ahmad.works/bostan/wp-content/themes/bostan/js/prettyphoto/images/prettyPhoto/facebook/contentPatternBottom.png]
[ahmad.works/bostan/wp-content/themes/bostan/js/prettyphoto/images/prettyPhoto/facebook/default_thumbnail.gif]
[ahmad.works/bostan/wp-content/themes/bostan/js/prettyphoto/images/prettyPhoto/light_rounded/loader.gif]
[ahmad.works/bostan/wp-content/themes/bostan/js/prettyphoto/css/prettyPhoto31a4.css]
[ahmad.works/bostan/wp-content/themes/bostan/js/isotope/style68b3.css]
[ahmad.works/bostan/wp-content/themes/bostan/js/owl-carousel/grabbing.png]
[ahmad.works/bostan/wp-content/themes/bostan/js/owl-carousel/owl.carousel31a4.css]
[ahmad.works/bostan/wp-content/themes/bostan/js/owl-carousel/AjaxLoader.gif]
[ahmad.works/bostan/wp-content/themes/bostan/js/owl-carousel/owl.theme31a4.css]
[ahmad.works/bostan/wp-content/themes/bostan/img/social.png]
[ahmad.works/bostan/wp-content/themes/bostan/style128b.css]
[ahmad.works/bostan/wp-content/themes/bostan/responsivea361.css]
[ahmad.works/bostan/wp-content/themes/bostan/switcher/switcher31a4.css]
[ahmad.works/bostan/wp-content/themes/bostan/img/bottom_shadow.png]
[ahmad.works/bostan/wp-content/themes/bostan/switcher/colorpicker/images/colorpicker_background.png]
[ahmad.works/bostan/wp-content/themes/bostan/switcher/colorpicker/images/colorpicker_overlay.png]
[ahmad.works/bostan/wp-content/themes/bostan/framework/fontello/font/fontello.svg]
[ahmad.works/bostan/wp-content/themes/bostan/switcher/colorpicker/images/colorpicker_select.gif]
[ahmad.works/bostan/wp-content/themes/bostan/switcher/colorpicker/images/colorpicker_indic.gif]
[ahmad.works/bostan/wp-content/themes/bostan/switcher/colorpicker/images/colorpicker_hex.png]
[ahmad.works/bostan/wp-content/themes/bostan/switcher/colorpicker/images/colorpicker_rgb_r.png]
[ahmad.works/bostan/wp-content/themes/bostan/switcher/colorpicker/images/colorpicker_rgb_g.png]
[ahmad.works/bostan/wp-content/themes/bostan/switcher/colorpicker/images/colorpicker_rgb_b.png]
[ahmad.works/bostan/wp-content/themes/bostan/switcher/colorpicker/images/colorpicker_hsb_h.png]
[ahmad.works/bostan/wp-content/themes/bostan/switcher/colorpicker/images/colorpicker_hsb_s.png]
[ahmad.works/bostan/wp-content/themes/bostan/switcher/colorpicker/images/colorpicker_hsb_b.png]
[ahmad.works/bostan/wp-content/themes/bostan/switcher/colorpicker/images/colorpicker_submit.png]
[ahmad.works/bostan/wp-content/themes/bostan/switcher/colorpicker/css/colorpicker31a4.css]
[ahmad.works/bostan/wp-includes/js/jquery/jquery90f9.js]
[ahmad.works/bostan/wp-includes/js/jquery/jquery-migrate.min1576.js]
[ahmad.works/bostan/TweenLite.js]
[ahmad.works/TweenLite.js]
[ahmad.works/bostan/wp-content/plugins/revslider/rs-plugin/js/jquery.themepunch.tools.min1dc6.js]
[ahmad.works/bostan/wp-content/plugins/revslider/rs-plugin/js/jquery.themepunch.revolution.min1dc6.js]
[ahmad.works/bostan/wp-content/themes/bostan/js/modernizr31a4.js]
[ahmad.works/bostan/wp-content/themes/bostan/switcher/colorpicker/js/color-picker.min31a4.js]
[ahmad.works/bostan/wp-content/themes/bostan/switcher/switcherfc99.js]
[connect.facebook.net/en_US/all.js]
[ahmad.works/bostan/Version/index.html]
[ahmad.works/bostan/new-home-2/feed/index.html]
[ahmad.works/bostan/wp-content/themes/bostan/framework/aqua/assets/css/aqpb-view95fa.css]
[ahmad.works/bostan/dialog/index.html]
[ahmad.works/bostan/ABCDEFGHIJKLMNOPQRSTUVWXYZabcdefghijklmnopqrstuvwxyz0123456789+/index.html]
[ahmad.works/bostan/new-home-2/index.html]
[ahmad.works/bostan/wp-content/themes/bostan/framework/aqua/assets/js/aqpb-view95fa.js]
[ahmad.works/bostan/wp-content/themes/bostan/framework/aqua/assets/css/aqpb-viewb118.css]
[ahmad.works/bostan/new-home-3/feed/index.html]
[ahmad.works/bostan/new-home-3/index.html]
[ahmad.works/bostan/wp-content/themes/bostan/framework/aqua/assets/js/aqpb-viewb118.js]
[ahmad.works/bostan/wp-content/themes/bostan/framework/aqua/assets/css/aqpb-view59bd.css]
[ahmad.works/bostan/wp-content/uploads/2013/05/testiman1.png]
[ahmad.works/bostan/new-home-4/feed/index.html]
[ahmad.works/bostan/wp-content/uploads/2013/05/photodune-2359510-smiles-l2-445x337.jpg]
[ahmad.works/bostan/wp-content/uploads/2013/05/photodune-2359510-smiles-l-445x337.jpg]
[ahmad.works/bostan/wp-content/uploads/2013/05/photodune-2359510-smiles-l1-439x337.jpg]
[ahmad.works/bostan/wp-content/uploads/2013/05/photodune-2359510-smiles-l3-440x337.jpg]
[ahmad.works/bostan/wp-content/themes/bostan/framework/aqua/assets/js/aqpb-view59bd.js]
[ahmad.works/bostan/new-home-4/index.html]
[ahmad.works/bostan/wp-content/themes/bostan/framework/aqua/assets/css/aqpb-view7a9a.css]
[ahmad.works/bostan/new-home-5/feed/index.html]
[ahmad.works/bostan/new-home-5/index.html]
[ahmad.works/bostan/wp-content/themes/bostan/framework/aqua/assets/js/aqpb-view7a9a.js]
[ahmad.works/bostan/wp-content/themes/bostan/framework/aqua/assets/css/aqpb-view93b7.css]
[ahmad.works/bostan/wp-content/uploads/2013/05/photodune-653955-work-from-home-m-1024x682.jpg]
[ahmad.works/bostan/blog/feed/index.html]
[ahmad.works/bostan/wp-content/uploads/2013/05/photodune-2650397-sailing-m.jpg]
[ahmad.works/bostan/category/business/index.html]
[ahmad.works/bostan/wp-content/uploads/2013/05/photodune-344850-graduate-in-hallway-m-1.jpg]
[ahmad.works/bostan/category/news/index.html]
[ahmad.works/bostan/wp-content/themes/bostan/framework/aqua/assets/js/aqpb-view93b7.js]
[ahmad.works/bostan/blog/index.html]
[ahmad.works/bostan/category/sports/index.html]
[ahmad.works/bostan/category/politics/index.html]
[ahmad.works/bostan/wp-content/themes/bostan/framework/aqua/assets/css/aqpb-view8647.css]
[ahmad.works/bostan/this-is-an-image-post/index.html]
[ahmad.works/bostan/wp-content/themes/bostan/framework/aqua/assets/js/aqpb-view8647.js]
[ahmad.works/bostan/blog-left-sidebar/index.html]
[ahmad.works/bostan/this-is-soundcloud-post/index.html]
[ahmad.works/bostan/this-is-quotation-post/index.html]
[ahmad.works/bostan/this-is-vimeo-video-post/index.html]
[ahmad.works/bostan/wp-content/themes/bostan/framework/aqua/assets/css/aqpb-view3329.css]
[ahmad.works/bostan/blog/page/2/index.html]
[i.vimeocdn.com/video/164362346_640.jpg]
[ahmad.works/bostan/blog-left-sidebar/feed/index.html]
[ahmad.works/bostan/wp-content/uploads/2013/05/photodune-369302-keyboard-m-1024x682.jpg]
[ahmad.works/bostan/blog-left-sidebar/page/2/index.html]
[ahmad.works/bostan/portfolio-2/feed/index.html]
[ahmad.works/bostan/wp-content/uploads/2013/05/photodune-369302-keyboard-m-520x337.jpg]
[i.vimeocdn.com/video/296671849_640.jpg]
[ahmad.works/bostan/wp-content/uploads/2013/05/photodune-2382956-businessman-working-with-new-technologies-m-1024x669.jpg]
[ahmad.works/bostan/project/project-5/index.html]
[ahmad.works/bostan/wp-content/uploads/2013/05/photodune-2382956-businessman-working-with-new-technologies-m-520x337.jpg]
[ahmad.works/bostan/project/project-3/index.html]
[ahmad.works/bostan/project/project-9/index.html]
[ahmad.works/bostan/wp-content/uploads/2013/05/photodune-2473748-modern-business-workplace-m-1024x683.jpg]
[ahmad.works/bostan/project/project-2/index.html]
[ahmad.works/bostan/wp-content/uploads/2013/05/photodune-2473748-modern-business-workplace-m-520x337.jpg]
[ahmad.works/bostan/wp-content/themes/bostan/framework/aqua/assets/js/aqpb-view3329.js]
[ahmad.works/bostan/portfolio-2/index.html]
[ahmad.works/bostan/wp-content/themes/bostan/framework/aqua/assets/css/aqpb-view47a4.css]
[ahmad.works/bostan/project/1030/index.html]
[ahmad.works/bostan/portfolio-2-columns/feed/index.html]
[ahmad.works/bostan/portfolio-2-columns/index.html]
[ahmad.works/bostan/wp-content/themes/bostan/framework/aqua/assets/js/aqpb-view47a4.js]
[ahmad.works/bostan/portfolio-4-columns/index.html]
[ahmad.works/bostan/portfolio-4-columns/feed/index.html]
[ahmad.works/bostan/wp-content/themes/bostan/framework/aqua/assets/css/aqpb-view4a2b.css]
[ahmad.works/bostan/culomns/index.html]
[ahmad.works/bostan/wp-content/themes/bostan/framework/aqua/assets/js/aqpb-view4a2b.js]
[ahmad.works/bostan/wp-content/themes/bostan/framework/aqua/assets/css/aqpb-view4c64.css]
[ahmad.works/bostan/google-map/index.html]
[ahmad.works/bostan/wp-content/themes/bostan/framework/aqua/assets/js/aqpb-view4c64.js]
[ahmad.works/bostan/wp-content/themes/bostan/framework/aqua/assets/css/aqpb-viewd673.css]
[ahmad.works/bostan/tabs-and-toggles/index.html]
[ahmad.works/bostan/wp-content/themes/bostan/framework/aqua/assets/js/aqpb-viewd673.js]
[ahmad.works/bostan/wp-content/themes/bostan/framework/aqua/assets/css/aqpb-view9dae.css]
[ahmad.works/bostan/8887-2/index.html]
[ahmad.works/bostan/wp-content/themes/bostan/framework/aqua/assets/js/aqpb-view9dae.js]
[ahmad.works/bostan/wp-content/themes/bostan/framework/aqua/assets/css/aqpb-view616e.css]
[ahmad.works/bostan/buttons/index.html]
[ahmad.works/bostan/wp-content/themes/bostan/framework/aqua/assets/js/aqpb-view616e.js]
[ahmad.works/bostan/wp-content/themes/bostan/framework/aqua/assets/css/aqpb-viewc024.css]
[ahmad.works/bostan/typography/index.html]
[ahmad.works/bostan/wp-content/themes/bostan/framework/aqua/assets/js/aqpb-viewc024.js]
[ahmad.works/bostan/wp-content/themes/bostan/framework/aqua/assets/css/aqpb-view110b.css]
[ahmad.works/bostan/videos/index.html]
[ahmad.works/bostan/wp-content/themes/bostan/framework/aqua/assets/js/aqpb-view110b.js]
[ahmad.works/bostan/wp-content/themes/bostan/framework/aqua/assets/css/aqpb-viewed59.css]
[ahmad.works/bostan/pricing-table/index.html]
[ahmad.works/bostan/wp-content/themes/bostan/framework/aqua/assets/js/aqpb-viewed59.js]
[ahmad.works/bostan/wp-content/themes/bostan/framework/aqua/assets/css/aqpb-viewec7f.css]
[ahmad.works/bostan/vector-icons/index.html]
[ahmad.works/bostan/wp-content/themes/bostan/framework/aqua/assets/js/aqpb-viewec7f.js]
[ahmad.works/bostan/wp-content/themes/bostan/framework/aqua/assets/css/aqpb-viewb3b6.css]
[platform.twitter.com/widgets.js]
[platform.stumbleupon.com/1/widgets.js]
[apis.google.com/js/plusone.js]
[ahmad.works/bostan/post-types-carousel/index.html]
[ahmad.works/bostan/wp-content/themes/bostan/framework/aqua/assets/js/aqpb-viewb3b6.js]
[ahmad.works/bostan/wp-content/themes/bostan/framework/aqua/assets/css/aqpb-viewbb6c.css]
[ahmad.works/bostan/contact/feed/index.html]
[ahmad.works/bostan/wp-content/uploads/wpcf7_captcha/278943787.png]
[ahmad.works/bostan/contact/index.html]
[ahmad.works/bostan/wp-content/themes/bostan/framework/aqua/assets/js/aqpb-viewbb6c.js]
[ahmad.works/bostan/project/project-8/feed/index.html]
[ahmad.works/bostan/wp-content/themes/bostan/framework/aqua/assets/css/aqpb-view6fdb.css]
[assets.pinterest.com/images/PinExt.png]
[ahmad.works/bostan/project/project-8/index.html]
[ahmad.works/bostan/wp-content/themes/bostan/framework/aqua/assets/js/aqpb-view6fdb.js]
[ahmad.works/bostan/wp-content/themes/bostan/framework/aqua/assets/css/aqpb-view51d2.css]
[ahmad.works/bostan/tag-portfolio/design/index.html]
[ahmad.works/bostan/wp-content/themes/bostan/framework/aqua/assets/js/aqpb-view51d2.js]
[ahmad.works/bostan/wp-content/themes/bostan/framework/aqua/assets/css/aqpb-view3252.css]
[ahmad.works/bostan/tag-portfolio/graphics/index.html]
[ahmad.works/bostan/wp-content/themes/bostan/framework/aqua/assets/js/aqpb-viewbf08.js]
[ahmad.works/bostan/wp-content/themes/bostan/framework/aqua/assets/css/aqpb-view7084.css]
[ahmad.works/bostan/project/project-4/feed/index.html]
[ahmad.works/bostan/project/project-4/index.html]
[ahmad.works/bostan/wp-content/themes/bostan/framework/aqua/assets/js/aqpb-view7084.js]
[ahmad.works/bostan/wp-content/themes/bostan/framework/aqua/assets/css/aqpb-viewc0a8.css]
[ahmad.works/bostan/tag-portfolio/cards/index.html]
[ahmad.works/bostan/wp-content/themes/bostan/framework/aqua/assets/js/aqpb-viewc0a8.js]
[ahmad.works/bostan/wp-content/themes/bostan/framework/aqua/assets/css/aqpb-view7f86.css]
[ahmad.works/bostan/tag-portfolio/idea/index.html]
[ahmad.works/bostan/wp-content/themes/bostan/framework/aqua/assets/js/aqpb-view7f86.js]
[ahmad.works/bostan/wp-content/themes/bostan/framework/aqua/assets/css/aqpb-view2492.css]
[ahmad.works/bostan/project/project-6/feed/index.html]
[ahmad.works/bostan/project/project-6/index.html]
[ahmad.works/bostan/wp-content/themes/bostan/framework/aqua/assets/js/aqpb-view2492.js]
[ahmad.works/bostan/wp-content/themes/bostan/framework/aqua/assets/css/aqpb-view7364.css]
[ahmad.works/bostan/project/project-7/feed/index.html]
[ahmad.works/bostan/project/project-7/index.html]
[ahmad.works/bostan/tag-portfolio/advertisements/index.html]
[ahmad.works/bostan/wp-content/themes/bostan/framework/aqua/assets/js/aqpb-view7364.js]
[ahmad.works/bostan/wp-content/themes/bostan/framework/aqua/assets/css/aqpb-view7198.css]
[ahmad.works/bostan/project/project-10/index.html]
[ahmad.works/bostan/project/project-10/feed/index.html]
[ahmad.works/bostan/project/20892/index.html]
[ahmad.works/bostan/wp-content/themes/bostan/framework/aqua/assets/js/aqpb-view7198.js]
[ahmad.works/bostan/project/20892/feed/index.html]
[ahmad.works/bostan/wp-content/themes/bostan/framework/aqua/assets/css/aqpb-view9f6e.css]
[ahmad.works/bostan/a-standard-image-post/feed/index.html]
[ahmad.works/bostan/wp-content/plugins/user-avatar/user-avatar-piceb0f.php]
[ahmad.works/bostan/wp-content/plugins/user-avatar/user-avatar-picc7f9.jpg]
[ahmad.works/bostan/wp-login0110.html]
[ahmad.works/bostan/a-standard-image-post/index.html]
[ahmad.works/bostan/wp-content/themes/bostan/framework/aqua/assets/js/aqpb-view9f6e.js]
[ahmad.works/bostan/wp-content/themes/bostan/framework/aqua/assets/css/aqpb-view1059.css]
[ahmad.works/bostan/this-is-a-gallery-post/feed/index.html]
[ahmad.works/bostan/wp-loginbcfb.html]
[ahmad.works/bostan/this-is-a-gallery-post/index.html]
[ahmad.works/bostan/wp-content/themes/bostan/framework/aqua/assets/js/aqpb-view1059.js]
[ahmad.works/bostan/wp-content/themes/bostan/framework/aqua/assets/css/aqpb-viewc59c.css]
[ahmad.works/bostan/tag/business/feed/index.html]
[ahmad.works/bostan/tag/business/index.html]
[ahmad.works/bostan/wp-content/themes/bostan/framework/aqua/assets/js/aqpb-viewc59c.js]
[ahmad.works/bostan/wp-content/themes/bostan/framework/aqua/assets/css/aqpb-viewc287.css]
[ahmad.works/bostan/tag/image/feed/index.html]
[ahmad.works/bostan/tag/image/index.html]
[ahmad.works/bostan/wp-content/themes/bostan/framework/aqua/assets/js/aqpb-viewc287.js]
[ahmad.works/bostan/wp-content/themes/bostan/framework/aqua/assets/css/aqpb-viewb84f.css]
[ahmad.works/bostan/tag/politics/feed/index.html]
[ahmad.works/bostan/tag/politics/index.html]
[ahmad.works/bostan/tag/technology/index.html]
[ahmad.works/bostan/wp-content/themes/bostan/framework/aqua/assets/js/aqpb-viewb84f.js]
[ahmad.works/bostan/tag/technology/feed/index.html]
[ahmad.works/bostan/wp-content/themes/bostan/framework/aqua/assets/css/aqpb-view7ba2.css]
[ahmad.works/bostan/tag/video/feed/index.html]
[ahmad.works/bostan/tag/video/index.html]
[ahmad.works/bostan/wp-content/themes/bostan/framework/aqua/assets/js/aqpb-view7ba2.js]
[ahmad.works/bostan/wp-content/themes/bostan/framework/aqua/assets/css/aqpb-viewbe35.css]
[ahmad.works/bostan/tag/youtube/feed/index.html]
[ahmad.works/bostan/tag/youtube/index.html]
[ahmad.works/bostan/wp-content/themes/bostan/framework/aqua/assets/js/aqpb-viewed41.js]
[ahmad.works/bostan/wp-includes/js/comment-reply.min31a4.js]
[ahmad.works/bostan/wp-content/plugins/contact-form-7/includes/js/jquery.form.mind03d.js]
[ahmad.works/bostan/wp-content/plugins/contact-form-7/includes/js/scripts0235.js]
[ahmad.works/bostan/wp-content/themes/bostan/framework/bootstrap/js/bootstrap.min31a4.js]
[ahmad.works/bostan/wp-content/themes/bostan/js/eslider/jquery.eislideshow31a4.js]
[ahmad.works/bostan/wp-content/themes/bostan/js/jquery.fitvids31a4.js]
[ahmad.works/bostan/wp-content/themes/bostan/js/jquery.ticker31a4.js]
[ahmad.works/bostan/wp-content/themes/bostan/js/flexslider/jquery.flexslider-min31a4.js]
[ahmad.works/bostan/wp-content/themes/bostan/js/jquery.easing31a4.js]
[ahmad.works/bostan/this-is-a-youtube-post/index.html]
[ahmad.works/bostan/wp-content/themes/bostan/framework/aqua/assets/js/aqpb-viewbe35.js]
[ahmad.works/bostan/2W.h 1Z.h]
[ahmad.works/bostan/2P.h 3V.h]
[ahmad.works/bostan/2W.h]
[ahmad.works/bostan/2P.h]
[ahmad.works/bostan/1Z.h]
[ahmad.works/bostan/3V.h]
[ahmad.works/bostan/5A.h]
[ahmad.works/bostan/wp-content/themes/bostan/js/owl-carousel/owl.carousel.min31a4.js]
[ahmad.works/bostan/wp-content/themes/bostan/js/prettyphoto/js/jquery.prettyPhoto31a4.js]
[ahmad.works/bostan/wp-content/themes/bostan/js/jquery.mousewheel31a4.js]
[ahmad.works/bostan/wp-content/themes/bostan/js/carousel/jquery.carouFredSel-6.2.0-packed31a4.js]
[ahmad.works/bostan/wp-content/themes/bostan/js/jquery.touchSwipe.min31a4.js]
[ahmad.works/bostan/wp-content/themes/bostan/js/jquery.jcarousel.min31a4.js]
[ahmad.works/bostan/wp-content/themes/bostan/js/jquery.transit.min31a4.js]
[ahmad.works/bostan/wp-content/themes/bostan/js/jquery.ba-throttle-debounce.min31a4.js]
[ahmad.works/bostan/wp-content/themes/bostan/js/component31a4.js]
[ahmad.works/bostan/wp-content/themes/bostan/js/isotope/jquery.isotope.min31a4.js]
[ahmad.works/bostan/wp-content/themes/bostan/js/tweets/jquery.tweet31a4.js]
[ahmad.works/bostan/wp-content/themes/bostan/js/asalah7793.js]
[ahmad.works/bostan/wp-content/plugins/revslider/rs-plugin/font/revicons90c6.svg]
[ahmad.works/bostan/wp-content/themes/bostan/framework/fontello/font/fontello1f65.woff]
[ahmad.works/bostan/wp-content/themes/bostan/framework/fontello/font/fontello1f65.svg]
[ahmad.works/bostan/wp-content/themes/bostan/inc/shortcodes/images/prettyPhoto/sprite.html]
[ahmad.works/bostan/wp-content/themes/bostan/inc/shortcodes/images/prettyPhoto/sprite_x.html]
[ahmad.works/bostan/wp-content/themes/bostan/inc/shortcodes/images/prettyPhoto/sprite_y.html]
[ahmad.works/bostan/wp-content/themes/bostan/inc/shortcodes/images/prettyPhoto/sprite_next.html]
[ahmad.works/bostan/wp-content/themes/bostan/inc/shortcodes/images/prettyPhoto/sprite_prev.html]
[ahmad.works/bostan/wp-content/themes/bostan/inc/shortcodes/images/prettyPhoto/default_thumb.html]
[ahmad.works/bostan/wp-content/themes/bostan/inc/shortcodes/images/prettyPhoto/loader.html]
[ahmad.works/bostan/wp-content/themes/bostan/inc/shortcodes/images/prettyPhoto/facebook/default_thumbnail.html]
[ahmad.works/bostan/youtu.be/index.html]
[ahmad.works/bostan/wp-content/themes/bostan/framework/fontello/font/fontello.svg]
[ahmad.works/bostan/wp-content/themes/bostan/img/social.html]
[ahmad.works/bostan/TweenLite.html]
[ahmad.works/bostan/Version/index.html]
[ahmad.works/TweenLite.html]
[ahmad.works/bostan/ABCDEFGHIJKLMNOPQRSTUVWXYZabcdefghijklmnopqrstuvwxyz0123456789+/index.html]
[ahmad.works/bostan/dialog/index.html]
[ahmad.works/bostan/wp-content/themes/bostan/framework/aqua/assets/css/aqpb-view95fa.css]
[ahmad.works/bostan/index7173.html]
[ahmad.works/bostan/wp-content/themes/bostan/framework/aqua/assets/js/aqpb-view95fa.js]
[ahmad.works/bostan/wp-content/themes/bostan/framework/aqua/assets/css/aqpb-viewb118.css]
[ahmad.works/bostan/indexeb1c.html]
[ahmad.works/bostan/wp-content/themes/bostan/framework/aqua/assets/js/aqpb-viewb118.js]
[ahmad.works/bostan/wp-content/themes/bostan/framework/aqua/assets/css/aqpb-view59bd.css]
[ahmad.works/bostan/index6f79.html]
[ahmad.works/bostan/wp-content/themes/bostan/framework/aqua/assets/js/aqpb-view59bd.js]
[ahmad.works/bostan/wp-content/themes/bostan/framework/aqua/assets/css/aqpb-view7a9a.css]
[ahmad.works/bostan/index31ac.html]
[ahmad.works/bostan/wp-content/themes/bostan/framework/aqua/assets/js/aqpb-view7a9a.js]
[ahmad.works/bostan/wp-content/themes/bostan/framework/aqua/assets/css/aqpb-view93b7.css]
[ahmad.works/bostan/indexbbc7.html]
[ahmad.works/bostan/wp-content/themes/bostan/framework/aqua/assets/css/aqpb-viewd7ff.css]
[ahmad.works/bostan/category/business/index.html]
[ahmad.works/bostan/category/business/feed/index.html]
[ahmad.works/bostan/wp-content/themes/bostan/framework/aqua/assets/js/aqpb-viewd7ff.js]
[ahmad.works/bostan/wp-content/themes/bostan/framework/aqua/assets/css/aqpb-viewa386.css]
[ahmad.works/bostan/category/news/feed/index.html]
[ahmad.works/bostan/category/news/index.html]
[ahmad.works/bostan/wp-content/themes/bostan/framework/aqua/assets/js/aqpb-viewa386.js]
[ahmad.works/bostan/this-is-a-standard-post/index.html]
[ahmad.works/bostan/wp-content/themes/bostan/framework/aqua/assets/css/aqpb-viewad08.css]
[ahmad.works/bostan/category/sports/feed/index.html]
[ahmad.works/bostan/category/sports/index.html]
[ahmad.works/bostan/wp-content/themes/bostan/framework/aqua/assets/js/aqpb-viewad08.js]
[ahmad.works/bostan/wp-content/themes/bostan/framework/aqua/assets/css/aqpb-viewc772.css]
[ahmad.works/bostan/category/politics/feed/index.html]
[ahmad.works/bostan/category/politics/index.html]
[ahmad.works/bostan/wp-content/themes/bostan/framework/aqua/assets/js/aqpb-viewc772.js]
[ahmad.works/bostan/wp-content/themes/bostan/framework/aqua/assets/css/aqpb-viewecca.css]
[ahmad.works/bostan/this-is-an-image-post/feed/index.html]
[ahmad.works/bostan/wp-login792b.html]
[ahmad.works/bostan/this-is-an-image-post/index.html]
[ahmad.works/bostan/wp-content/themes/bostan/framework/aqua/assets/js/aqpb-viewecca.js]
[ahmad.works/bostan/wp-content/themes/bostan/framework/aqua/assets/css/aqpb-view53aa.css]
[ahmad.works/bostan/this-is-soundcloud-post/feed/index.html]
[ahmad.works/bostan/wp-login3cad.html]
[ahmad.works/bostan/this-is-soundcloud-post/index.html]
[ahmad.works/bostan/wp-content/themes/bostan/framework/aqua/assets/js/aqpb-view53aa.js]
[ahmad.works/bostan/wp-content/themes/bostan/framework/aqua/assets/css/aqpb-viewa922.css]
[ahmad.works/bostan/this-is-quotation-post/feed/index.html]
[ahmad.works/bostan/wp-loginf1f6.html]
[ahmad.works/bostan/this-is-quotation-post/index.html]
[ahmad.works/bostan/wp-content/themes/bostan/framework/aqua/assets/js/aqpb-viewa922.js]
[ahmad.works/bostan/wp-content/themes/bostan/framework/aqua/assets/css/aqpb-view7daf.css]
[ahmad.works/bostan/this-is-vimeo-video-post/feed/index.html]
[ahmad.works/bostan/wp-login64cd.html]
[ahmad.works/bostan/this-is-vimeo-video-post/index.html]
[ahmad.works/bostan/wp-content/themes/bostan/framework/aqua/assets/js/aqpb-view7daf.js]
[ahmad.works/bostan/wp-content/themes/bostan/framework/aqua/assets/css/aqpb-view7a6a.css]
[ahmad.works/bostan/blog/page/2/index.html]
[ahmad.works/bostan/wp-content/themes/bostan/framework/aqua/assets/js/aqpb-view93b7.js]
[ahmad.works/bostan/wp-content/themes/bostan/framework/aqua/assets/css/aqpb-view8647.css]
[ahmad.works/bostan/index5af5.html]
[ahmad.works/bostan/wp-content/themes/bostan/framework/aqua/assets/js/aqpb-view7a6a.js]
[ahmad.works/bostan/wp-content/themes/bostan/framework/aqua/assets/css/aqpb-viewa0fa.css]
[ahmad.works/bostan/blog-left-sidebar/page/2/index.html]
[ahmad.works/bostan/wp-content/themes/bostan/framework/aqua/assets/js/aqpb-view8647.js]
[ahmad.works/bostan/wp-content/themes/bostan/framework/aqua/assets/css/aqpb-view3329.css]
[ahmad.works/bostan/indexf0fc.html]
[ahmad.works/bostan/wp-content/themes/bostan/framework/aqua/assets/js/aqpb-viewa0fa.js]
[ahmad.works/bostan/project/project-5/feed/index.html]
[ahmad.works/bostan/wp-content/themes/bostan/framework/aqua/assets/css/aqpb-view64ef.css]
[ahmad.works/bostan/project/project-5/index.html]
[ahmad.works/bostan/wp-content/themes/bostan/framework/aqua/assets/js/aqpb-view64ef.js]
[ahmad.works/bostan/wp-content/themes/bostan/framework/aqua/assets/css/aqpb-view49c0.css]
[ahmad.works/bostan/project/project-3/feed/index.html]
[ahmad.works/bostan/project/project-3/index.html]
[ahmad.works/bostan/wp-content/themes/bostan/framework/aqua/assets/js/aqpb-view49c0.js]
[ahmad.works/bostan/wp-content/themes/bostan/framework/aqua/assets/css/aqpb-view8cd7.css]
[ahmad.works/bostan/project/project-9/feed/index.html]
[ahmad.works/bostan/project/project-9/index.html]
[ahmad.works/bostan/wp-content/themes/bostan/framework/aqua/assets/js/aqpb-view8cd7.js]
[ahmad.works/bostan/wp-content/themes/bostan/framework/aqua/assets/css/aqpb-view6c40.css]
[ahmad.works/bostan/project/project-2/feed/index.html]
[ahmad.works/bostan/project/project-2/index.html]
[ahmad.works/bostan/wp-content/themes/bostan/framework/aqua/assets/js/aqpb-view6c40.js]
[ahmad.works/bostan/wp-content/themes/bostan/framework/aqua/assets/css/aqpb-view9635.css]
[ahmad.works/bostan/project/1030/feed/index.html]
[ahmad.works/bostan/project/1030/index.html]
[ahmad.works/bostan/wp-content/themes/bostan/framework/aqua/assets/js/aqpb-view3329.js]
[ahmad.works/bostan/wp-content/themes/bostan/framework/aqua/assets/css/aqpb-view47a4.css]
[ahmad.works/bostan/index1014.html]
[ahmad.works/bostan/wp-content/themes/bostan/framework/aqua/assets/js/aqpb-view47a4.js]
[ahmad.works/bostan/index081b.html]
[ahmad.works/bostan/wp-content/themes/bostan/framework/aqua/assets/css/aqpb-view4a2b.css]
[ahmad.works/bostan/index768b.html]
[ahmad.works/bostan/wp-content/themes/bostan/framework/aqua/assets/js/aqpb-view4a2b.js]
[ahmad.works/bostan/wp-content/themes/bostan/framework/aqua/assets/css/aqpb-view4c64.css]
[ahmad.works/bostan/indexdf5a.html]
[ahmad.works/bostan/wp-content/themes/bostan/framework/aqua/assets/js/aqpb-view4c64.js]
[ahmad.works/bostan/wp-content/themes/bostan/framework/aqua/assets/css/aqpb-viewd673.css]
[ahmad.works/bostan/index124e.html]
[ahmad.works/bostan/wp-content/themes/bostan/framework/aqua/assets/js/aqpb-viewd673.js]
[ahmad.works/bostan/wp-content/themes/bostan/framework/aqua/assets/css/aqpb-view9dae.css]
[ahmad.works/bostan/indexd9ae.html]
[ahmad.works/bostan/wp-content/themes/bostan/framework/aqua/assets/js/aqpb-view9dae.js]
[ahmad.works/bostan/wp-content/themes/bostan/framework/aqua/assets/css/aqpb-view616e.css]
[ahmad.works/bostan/index875a.html]
[ahmad.works/bostan/wp-content/themes/bostan/framework/aqua/assets/js/aqpb-view616e.js]
[ahmad.works/bostan/wp-content/themes/bostan/framework/aqua/assets/css/aqpb-viewc024.css]
[ahmad.works/bostan/index7732.html]
[ahmad.works/bostan/wp-content/themes/bostan/framework/aqua/assets/js/aqpb-viewc024.js]
[ahmad.works/bostan/wp-content/themes/bostan/framework/aqua/assets/css/aqpb-view110b.css]
[ahmad.works/bostan/index1cba.html]
[ahmad.works/bostan/wp-content/themes/bostan/framework/aqua/assets/js/aqpb-view110b.js]
[ahmad.works/bostan/wp-content/themes/bostan/framework/aqua/assets/css/aqpb-viewed59.css]
[ahmad.works/bostan/indexbbd1.html]
[ahmad.works/bostan/wp-content/themes/bostan/framework/aqua/assets/js/aqpb-viewed59.js]
[ahmad.works/bostan/wp-content/themes/bostan/framework/aqua/assets/css/aqpb-viewec7f.css]
[ahmad.works/bostan/indexf622.html]
[ahmad.works/bostan/wp-content/themes/bostan/framework/aqua/assets/js/aqpb-viewec7f.js]
[ahmad.works/bostan/wp-content/themes/bostan/framework/aqua/assets/css/aqpb-viewb3b6.css]
[ahmad.works/bostan/index5259.html]
[widgets.digg.com/buttons.html]
[ahmad.works/bostan/wp-content/themes/bostan/framework/aqua/assets/js/aqpb-viewb3b6.js]
[ahmad.works/bostan/wp-content/themes/bostan/framework/aqua/assets/css/aqpb-viewbb6c.css]
[ahmad.works/bostan/index309b.html]
[ahmad.works/bostan/wp-content/themes/bostan/framework/aqua/assets/js/aqpb-viewbb6c.js]
[ahmad.works/bostan/wp-content/themes/bostan/framework/aqua/assets/css/aqpb-view6fdb.css]
[ahmad.works/bostan/index1d50.html]
[ahmad.works/bostan/wp-content/themes/bostan/framework/aqua/assets/js/aqpb-view9635.js]
[pinterest.com/pin/create/button/index80c9.html]
[ahmad.works/bostan/wp-content/themes/bostan/framework/aqua/assets/js/aqpb-view6fdb.js]
[ahmad.works/bostan/wp-content/themes/bostan/framework/aqua/assets/css/aqpb-view51d2.css]
[ahmad.works/bostan/wp-content/themes/bostan/framework/aqua/assets/js/aqpb-view51d2.js]
[ahmad.works/bostan/wp-content/themes/bostan/framework/aqua/assets/css/aqpb-view3252.css]
[ahmad.works/bostan/wp-content/themes/bostan/framework/aqua/assets/js/aqpb-viewbf08.js]
[ahmad.works/bostan/wp-content/themes/bostan/framework/aqua/assets/css/aqpb-view7084.css]
[ahmad.works/bostan/indexa8fc.html]
[pinterest.com/pin/create/button/index4c2d.html]
[ahmad.works/bostan/wp-content/themes/bostan/framework/aqua/assets/js/aqpb-view7084.js]
[ahmad.works/bostan/wp-content/themes/bostan/framework/aqua/assets/css/aqpb-viewc0a8.css]
[ahmad.works/bostan/wp-content/themes/bostan/framework/aqua/assets/js/aqpb-viewc0a8.js]
[ahmad.works/bostan/wp-content/themes/bostan/framework/aqua/assets/css/aqpb-view7f86.css]
[ahmad.works/bostan/wp-content/themes/bostan/framework/aqua/assets/js/aqpb-view7f86.js]
[ahmad.works/bostan/wp-content/themes/bostan/framework/aqua/assets/css/aqpb-view2492.css]
[ahmad.works/bostan/index23a8.html]
[pinterest.com/pin/create/button/index2c91.html]
[ahmad.works/bostan/wp-content/themes/bostan/framework/aqua/assets/js/aqpb-view2492.js]
[ahmad.works/bostan/wp-content/themes/bostan/framework/aqua/assets/css/aqpb-view7364.css]
[ahmad.works/bostan/index2f2a.html]
[pinterest.com/pin/create/button/indexad87.html]
[ahmad.works/bostan/wp-content/themes/bostan/framework/aqua/assets/js/aqpb-view7364.js]
[ahmad.works/bostan/wp-content/themes/bostan/framework/aqua/assets/css/aqpb-view7198.css]
[ahmad.works/bostan/index3cba.html]
[pinterest.com/pin/create/button/index2847.html]
[ahmad.works/bostan/wp-content/themes/bostan/framework/aqua/assets/js/aqpb-view7198.js]
[ahmad.works/bostan/index5e84.html]
[pinterest.com/pin/create/button/indexd141.html]
[ahmad.works/bostan/wp-content/themes/bostan/framework/aqua/assets/css/aqpb-view9f6e.css]
[ahmad.works/bostan/index04be.html]
[pinterest.com/pin/create/button/index2c0f.html]
[ahmad.works/bostan/wp-includes/css/buttons.min31a4.css]
[ahmad.works/bostan/wp-includes/css/dashicons.min31a4.css]
[ahmad.works/bostan/wp-admin/css/login.min31a4.css]
[ahmad.works/bostan/wp-loginc2b6.html]
[ahmad.works/bostan/wp-content/themes/bostan/framework/aqua/assets/css/aqpb-viewcc68.css]
[ahmad.works/bostan/wp-login0110.html]
[ahmad.works/bostan/wp-content/themes/bostan/framework/aqua/assets/js/aqpb-view9f6e.js]
[ahmad.works/bostan/wp-content/themes/bostan/framework/aqua/assets/css/aqpb-view1059.css]
[ahmad.works/bostan/index0a10.html]
[pinterest.com/pin/create/button/index6171.html]
[ahmad.works/bostan/wp-content/themes/bostan/framework/aqua/assets/js/aqpb-viewcc68.js]
[ahmad.works/bostan/wp-content/themes/bostan/framework/aqua/assets/css/aqpb-view977e.css]
[ahmad.works/bostan/wp-loginbcfb.html]
[ahmad.works/bostan/wp-content/themes/bostan/framework/aqua/assets/js/aqpb-view1059.js]
[ahmad.works/bostan/wp-content/themes/bostan/framework/aqua/assets/css/aqpb-viewc59c.css]
[ahmad.works/bostan/wp-content/themes/bostan/framework/aqua/assets/js/aqpb-viewc59c.js]
[ahmad.works/bostan/wp-content/themes/bostan/framework/aqua/assets/css/aqpb-viewc287.css]
[ahmad.works/bostan/wp-content/themes/bostan/framework/aqua/assets/js/aqpb-viewc287.js]
[ahmad.works/bostan/wp-content/themes/bostan/framework/aqua/assets/css/aqpb-viewb84f.css]
[ahmad.works/bostan/wp-content/themes/bostan/framework/aqua/assets/js/aqpb-viewb84f.js]
[ahmad.works/bostan/wp-content/themes/bostan/framework/aqua/assets/css/aqpb-view7ba2.css]
[ahmad.works/bostan/wp-content/themes/bostan/framework/aqua/assets/js/aqpb-view977e.js]
[ahmad.works/bostan/wp-content/themes/bostan/framework/aqua/assets/css/aqpb-view3bb2.css]
[ahmad.works/bostan/this-is-a-youtube-post/feed/index.html]
[ahmad.works/bostan/wp-login39cf.html]
[ahmad.works/bostan/this-is-a-youtube-post/index.html]
[ahmad.works/bostan/wp-content/themes/bostan/framework/aqua/assets/js/aqpb-view7ba2.js]
[ahmad.works/bostan/wp-content/themes/bostan/framework/aqua/assets/css/aqpb-viewbe35.css]
[ahmad.works/bostan/wp-content/themes/bostan/framework/aqua/assets/js/aqpb-viewbe35.js]
[ahmad.works/bostan/2W.h 1Z.html]
[ahmad.works/bostan/2P.h 3V.html]
[ahmad.works/bostan/2W.html]
[ahmad.works/bostan/2P.html]
[ahmad.works/bostan/1Z.html]
[ahmad.works/bostan/3V.html]
[ahmad.works/bostan/5A.html]
[ahmad.works/bostan/youtu.be/index.html]
[ahmad.works/bostan/wp-content/themes/bostan/framework/aqua/assets/css/aqpb-viewd7ff.css]
[ahmad.works/bostan/wp-content/themes/bostan/framework/aqua/assets/js/aqpb-view3bb2.js]
[ahmad.works/bostan/wp-content/themes/bostan/framework/aqua/assets/css/aqpb-view90d9.css]
[ahmad.works/bostan/this-is-a-standard-post/feed/index.html]
[ahmad.works/bostan/wp-loginf7a9.html]
[ahmad.works/bostan/this-is-a-standard-post/index.html]
[ahmad.works/bostan/wp-content/themes/bostan/framework/aqua/assets/js/aqpb-viewd7ff.js]
[ahmad.works/bostan/wp-content/themes/bostan/framework/aqua/assets/css/aqpb-viewa386.css]
[ahmad.works/bostan/wp-content/themes/bostan/framework/aqua/assets/js/aqpb-viewa386.js]
[ahmad.works/bostan/wp-content/themes/bostan/framework/aqua/assets/css/aqpb-viewad08.css]
[ahmad.works/bostan/wp-content/themes/bostan/framework/aqua/assets/js/aqpb-viewad08.js]
[ahmad.works/bostan/wp-content/themes/bostan/framework/aqua/assets/css/aqpb-viewc772.css]
[ahmad.works/bostan/wp-content/themes/bostan/framework/aqua/assets/js/aqpb-viewc772.js]
[ahmad.works/bostan/wp-content/themes/bostan/framework/aqua/assets/css/aqpb-viewecca.css]
[ahmad.works/bostan/index6239.html]
[pinterest.com/pin/create/button/indexbca4.html]
[ahmad.works/bostan/wp-content/themes/bostan/framework/aqua/assets/js/aqpb-view90d9.js]
[ahmad.works/bostan/wp-content/themes/bostan/framework/aqua/assets/css/aqpb-view2eda.css]
[ahmad.works/bostan/wp-login792b.html]
[ahmad.works/bostan/wp-content/themes/bostan/framework/aqua/assets/js/aqpb-viewecca.js]
[ahmad.works/bostan/wp-content/themes/bostan/framework/aqua/assets/css/aqpb-view53aa.css]
[ahmad.works/bostan/index4fd2.html]
[pinterest.com/pin/create/button/index095f.html]
[ahmad.works/bostan/wp-content/themes/bostan/framework/aqua/assets/js/aqpb-view2eda.js]
[ahmad.works/bostan/wp-content/themes/bostan/framework/aqua/assets/css/aqpb-view5bf9.css]
[ahmad.works/bostan/wp-login3cad.html]
[ahmad.works/bostan/wp-content/themes/bostan/framework/aqua/assets/js/aqpb-view53aa.js]
[ahmad.works/bostan/wp-content/themes/bostan/framework/aqua/assets/css/aqpb-viewa922.css]
[ahmad.works/bostan/indexca25.html]
[ahmad.works/bostan/wp-content/themes/bostan/framework/aqua/assets/js/aqpb-view5bf9.js]
[ahmad.works/bostan/wp-content/themes/bostan/framework/aqua/assets/css/aqpb-view3d30.css]
[ahmad.works/bostan/wp-loginf1f6.html]
[ahmad.works/bostan/wp-content/themes/bostan/framework/aqua/assets/js/aqpb-viewa922.js]
[ahmad.works/bostan/wp-content/themes/bostan/framework/aqua/assets/css/aqpb-view7daf.css]
[ahmad.works/bostan/index30e3.html]
[pinterest.com/pin/create/button/indexb2a7.html]
[ahmad.works/bostan/wp-content/themes/bostan/framework/aqua/assets/js/aqpb-view3d30.js]
[ahmad.works/bostan/wp-content/themes/bostan/framework/aqua/assets/css/aqpb-view4d16.css]
[ahmad.works/bostan/wp-login64cd.html]
[ahmad.works/bostan/wp-content/themes/bostan/framework/aqua/assets/js/aqpb-view7daf.js]
[ahmad.works/bostan/wp-content/themes/bostan/framework/aqua/assets/css/aqpb-view7a6a.css]
[ahmad.works/bostan/wp-content/themes/bostan/framework/aqua/assets/js/aqpb-view7a6a.js]
[ahmad.works/bostan/wp-content/themes/bostan/framework/aqua/assets/css/aqpb-viewa0fa.css]
[ahmad.works/bostan/wp-content/themes/bostan/framework/aqua/assets/js/aqpb-viewa0fa.js]
[ahmad.works/bostan/wp-content/themes/bostan/framework/aqua/assets/css/aqpb-view64ef.css]
[ahmad.works/bostan/index73e1.html]
[ahmad.works/bostan/wp-content/themes/bostan/framework/aqua/assets/js/aqpb-view64ef.js]
[ahmad.works/bostan/wp-content/themes/bostan/framework/aqua/assets/css/aqpb-view49c0.css]
[ahmad.works/bostan/index2b78.html]
[pinterest.com/pin/create/button/index5bfe.html]
[ahmad.works/bostan/wp-content/themes/bostan/framework/aqua/assets/js/aqpb-view49c0.js]
[ahmad.works/bostan/wp-content/themes/bostan/framework/aqua/assets/css/aqpb-view8cd7.css]
[ahmad.works/bostan/indexda40.html]
[ahmad.works/bostan/wp-content/themes/bostan/framework/aqua/assets/js/aqpb-view8cd7.js]
[ahmad.works/bostan/wp-content/themes/bostan/framework/aqua/assets/css/aqpb-view6c40.css]
[ahmad.works/bostan/index9e99.html]
[pinterest.com/pin/create/button/index42a0.html]
[ahmad.works/bostan/wp-content/themes/bostan/framework/aqua/assets/js/aqpb-view6c40.js]
[ahmad.works/bostan/wp-content/themes/bostan/framework/aqua/assets/css/aqpb-view9635.css]
[ahmad.works/bostan/indexd072.html]
[pinterest.com/pin/create/button/index5032.html]
[ahmad.works/bostan/wp-content/themes/bostan/framework/aqua/assets/js/aqpb-view4d16.js]
[ahmad.works/bostan/wp-content/themes/bostan/framework/aqua/assets/js/aqpb-view9635.js]
[projects.asalahsolutions.com/bostan/wp-content/uploads/2013/06/thecity_1.jpg]
[pinterest.com/pin/create/button/index6baa.html]
[pinterest.com/pin/create/button/indexad0f.html]
[pinterest.com/pin/create/button/indexe4c6.html]
[pinterest.com/pin/create/button/index76b3.html]
[pinterest.com/pin/create/button/indexf986.html]
[pinterest.com/pin/create/button/indexc623.html]
[pinterest.com/pin/create/button/indexde8f.html]
[ahmad.works/bostan/wp-includes/css/buttons.min31a4.css]
[ahmad.works/bostan/wp-includes/css/dashicons.min31a4.css]
[ahmad.works/bostan/wp-includes/fonts/dashicons.eot]
[ahmad.works/bostan/wp-admin/images/loading.gif]
[ahmad.works/bostan/wp-admin/images/w-logo-blue7a53.png]
[ahmad.works/bostan/wp-admin/images/wordpress-logo7d6b.svg]
[ahmad.works/bostan/wp-admin/css/login.min31a4.css]
[ahmad.works/bostan/wp-login.html]
[ahmad.works/bostan/wp-content/themes/bostan/framework/aqua/assets/css/aqpb-view6e90.css]
[ahmad.works/bostan/wp-loginc2b6.html]
[ahmad.works/bostan/wp-content/themes/bostan/framework/aqua/assets/css/aqpb-viewcc68.css]
[ahmad.works/bostan/wp-content/themes/bostan/framework/aqua/assets/js/aqpb-viewcc68.js]
[pinterest.com/pin/create/button/index36a8.html]
[ahmad.works/bostan/wp-content/themes/bostan/framework/aqua/assets/css/aqpb-view977e.css]
[ahmad.works/bostan/wp-content/themes/bostan/framework/aqua/assets/js/aqpb-view977e.js]
[ahmad.works/bostan/wp-content/themes/bostan/framework/aqua/assets/css/aqpb-view3bb2.css]
[ahmad.works/bostan/indexf741.html]
[pinterest.com/pin/create/button/index5fb6.html]
[ahmad.works/bostan/wp-content/themes/bostan/framework/aqua/assets/js/aqpb-view6e90.js]
[ahmad.works/bostan/wp-content/themes/bostan/framework/aqua/assets/css/aqpb-view9772.css]
[ahmad.works/bostan/wp-login39cf.html]
[ahmad.works/bostan/wp-content/themes/bostan/framework/aqua/assets/js/aqpb-view3bb2.js]
[projects.asalahsolutions.com/bostan/wp-content/uploads/2013/05/photodune-656292-handyman-with-thumbs-up-m.png]
[projects.asalahsolutions.com/bostan/wp-content/uploads/2013/05/photodune-219463-time-is-making-fools-of-us-again-confused-man-holding-a-clock-m.png]
[projects.asalahsolutions.com/bostan/wp-content/uploads/2013/05/photodune-213585-whatever-you-want-s1.png]
[projects.asalahsolutions.com/bostan/wp-content/uploads/2013/06/photodune-219463-time-is-making-fools-of-us-again-confused-man-holding-a-clock-m5.png]
[ahmad.works/bostan/wp-content/themes/bostan/framework/aqua/assets/css/aqpb-view90d9.css]
[ahmad.works/bostan/index6c46.html]
[pinterest.com/pin/create/button/indexa1f6.html]
[ahmad.works/bostan/wp-content/themes/bostan/framework/aqua/assets/js/aqpb-view9772.js]
[ahmad.works/bostan/wp-content/themes/bostan/framework/aqua/assets/css/aqpb-viewf27d.css]
[ahmad.works/bostan/wp-loginf7a9.html]
[ahmad.works/bostan/wp-content/themes/bostan/framework/aqua/assets/js/aqpb-view90d9.js]
[pinterest.com/pin/create/button/index1eaa.html]
[ahmad.works/bostan/wp-content/themes/bostan/framework/aqua/assets/css/aqpb-view2eda.css]
[ahmad.works/bostan/wp-content/themes/bostan/framework/aqua/assets/js/aqpb-view2eda.js]
[pinterest.com/pin/create/button/index9d35.html]
[ahmad.works/bostan/wp-content/themes/bostan/framework/aqua/assets/css/aqpb-view5bf9.css]
[ahmad.works/bostan/wp-content/themes/bostan/framework/aqua/assets/js/aqpb-view5bf9.js]
[ahmad.works/bostan/wp-content/themes/bostan/framework/aqua/assets/css/aqpb-view3d30.css]
[ahmad.works/bostan/wp-content/themes/bostan/framework/aqua/assets/js/aqpb-view3d30.js]
[pinterest.com/pin/create/button/indexf5da.html]
[ahmad.works/bostan/wp-content/themes/bostan/framework/aqua/assets/css/aqpb-view4d16.css]
[ahmad.works/bostan/wp-content/themes/bostan/framework/aqua/assets/js/aqpb-view4d16.js]
[pinterest.com/pin/create/button/index338f.html]
[pinterest.com/pin/create/button/index43a3.html]
[pinterest.com/pin/create/button/indexced2.html]
[ahmad.works/bostan/wp-admin/images/wordpress-logo7d6b.svg]
[ahmad.works/bostan/wp-content/themes/bostan/framework/aqua/assets/js/aqpb-viewf27d.js]
[ahmad.works/bostan/wp-content/themes/bostan/framework/aqua/assets/css/aqpb-view12bc.css]
[ahmad.works/bostan/wp-login.html]
[ahmad.works/bostan/wp-content/themes/bostan/framework/aqua/assets/css/aqpb-view6e90.css]
[ahmad.works/bostan/wp-content/themes/bostan/framework/aqua/assets/js/aqpb-view6e90.js]
[pinterest.com/pin/create/button/index2144.html]
[ahmad.works/bostan/wp-content/themes/bostan/framework/aqua/assets/css/aqpb-view9772.css]
[ahmad.works/bostan/wp-content/themes/bostan/framework/aqua/assets/js/aqpb-view9772.js]
[pinterest.com/pin/create/button/index77b8.html]
[ahmad.works/bostan/wp-content/themes/bostan/framework/aqua/assets/css/aqpb-viewf27d.css]
[ahmad.works/bostan/wp-content/themes/bostan/framework/aqua/assets/js/aqpb-viewf27d.js]
[ahmad.works/bostan/wp-content/themes/bostan/framework/aqua/assets/css/aqpb-view12bc.css]
[ahmad.works/bostan/wp-content/themes/bostan/framework/aqua/assets/js/aqpb-view12bc.js]
[ahmad.works/bostan/wp-content/themes/bostan/framework/aqua/assets/js/aqpb-view12bc.js]
