[lambdathemes.in/index.html]
[backblue.gif]
[fade.gif]
[index.html]
[lambdathemes.in/css/bootstrap.min.css]
[lambdathemes.in/css/component.css]
[lambdathemes.in/img/admin1.png]
[lambdathemes.in/img/admin2.png]
[lambdathemes.in/admin1/index.html]
[lambdathemes.in/img/landing.png]
[lambdathemes.in/admin2/index.html]
[lambdathemes.in/img/showcase.png]
[lambdathemes.in/landing/index.html]
[lambdathemes.in/simple_showcase/index.html]
[lambdathemes.in/index.html]
[lambdathemes.in/fonts/glyphicons-halflings-regular.eot]
[lambdathemes.in/js/bootstrap.min.js]
[lambdathemes.in/fonts/glyphicons-halflings-regular.woff2]
[lambdathemes.in/fonts/glyphicons-halflings-regular.woff]
[lambdathemes.in/fonts/glyphicons-halflings-regular.ttf]
[lambdathemes.in/fonts/glyphicons-halflings-regular.svg]
[lambdathemes.in/css/bootstrap.min.css]
[lambdathemes.in/fonts/glyphicons-halflings-regulard41d.eot]
[lambdathemes.in/css/component.css]
[lambdathemes.in/admin1/assets/plugins/pace-master/themes/blue/pace-theme-flash.css]
[lambdathemes.in/admin1/assets/plugins/uniform/css/uniform.default.min.css]
[lambdathemes.in/admin1/assets/plugins/bootstrap/css/bootstrap.min.css]
[lambdathemes.in/admin1/assets/plugins/fontawesome/css/font-awesome.css]
[lambdathemes.in/admin1/assets/plugins/line-icons/simple-line-icons.css]
[lambdathemes.in/admin1/assets/plugins/offcanvasmenueffects/css/menu_cornerbox.css]
[lambdathemes.in/admin1/assets/plugins/waves/waves.min.css]
[lambdathemes.in/admin1/assets/plugins/switchery/switchery.min.css]
[lambdathemes.in/admin1/assets/plugins/3d-bold-navigation/css/style.css]
[lambdathemes.in/admin1/assets/plugins/slidepushmenus/css/component.css]
[lambdathemes.in/admin1/assets/plugins/weather-icons-master/css/weather-icons.min.css]
[lambdathemes.in/admin1/assets/plugins/metrojs/MetroJs.min.css]
[lambdathemes.in/admin1/assets/plugins/toastr/toastr.min.css]
[lambdathemes.in/admin1/assets/css/modern.min.css]
[lambdathemes.in/admin1/assets/css/themes/green.css]
[lambdathemes.in/admin1/assets/plugins/3d-bold-navigation/js/modernizr.js]
[lambdathemes.in/admin1/assets/plugins/offcanvasmenueffects/js/snap.svg-min.js]
[lambdathemes.in/admin1/assets/images/avatar2.png]
[lambdathemes.in/admin1/assets/images/avatar3.png]
[lambdathemes.in/admin1/assets/images/avatar4.png]
[lambdathemes.in/admin1/assets/images/avatar5.png]
[lambdathemes.in/admin1/assets/images/profile-menu-image.png]
[lambdathemes.in/admin1/index-2.html]
[lambdathemes.in/admin1/assets/images/avatar1.png]
[lambdathemes.in/admin1/indexca00.html]
[lambdathemes.in/admin1/index0e99.html]
[lambdathemes.in/admin1/indexaf91.html]
[lambdathemes.in/admin1/profile.html]
[lambdathemes.in/admin1/index938c.html]
[lambdathemes.in/admin1/index13d4.html]
[lambdathemes.in/admin1/calendar.html]
[lambdathemes.in/admin1/index4965.html]
[lambdathemes.in/admin1/lock-screen.html]
[lambdathemes.in/admin1/login.html]
[lambdathemes.in/admin1/inbox-alt.html]
[lambdathemes.in/admin1/message-view.html]
[lambdathemes.in/admin1/message-view-alt.html]
[lambdathemes.in/admin1/compose.html]
[lambdathemes.in/admin1/compose-alt.html]
[lambdathemes.in/admin1/ui-alerts.html]
[lambdathemes.in/admin1/inbox.html]
[lambdathemes.in/admin1/ui-buttons.html]
[lambdathemes.in/admin1/ui-icons.html]
[lambdathemes.in/admin1/ui-typography.html]
[lambdathemes.in/admin1/ui-notifications.html]
[lambdathemes.in/admin1/ui-grid.html]
[lambdathemes.in/admin1/ui-tabs-accordions.html]
[lambdathemes.in/admin1/ui-modals.html]
[lambdathemes.in/admin1/ui-panels.html]
[lambdathemes.in/admin1/ui-progress.html]
[lambdathemes.in/admin1/ui-sliders.html]
[lambdathemes.in/admin1/ui-nestable.html]
[lambdathemes.in/admin1/ui-tree-view.html]
[lambdathemes.in/admin1/layout-blank.html]
[lambdathemes.in/admin1/layout-boxed.html]
[lambdathemes.in/admin1/layout-horizontal-menu.html]
[lambdathemes.in/admin1/layout-horizontal-menu-boxed.html]
[lambdathemes.in/admin1/layout-horizontal-menu-minimal.html]
[lambdathemes.in/admin1/layout-fixed-sidebar.html]
[lambdathemes.in/admin1/layout-static-header.html]
[lambdathemes.in/admin1/layout-compact-menu.html]
[lambdathemes.in/admin1/layout-hover-menu.html]
[lambdathemes.in/admin1/table-static.html]
[lambdathemes.in/admin1/layout-collapsed-sidebar.html]
[lambdathemes.in/admin1/table-responsive.html]
[lambdathemes.in/admin1/table-data.html]
[lambdathemes.in/admin1/form-elements.html]
[lambdathemes.in/admin1/form-wizard.html]
[lambdathemes.in/admin1/form-upload.html]
[lambdathemes.in/admin1/form-image-crop.html]
[lambdathemes.in/admin1/form-image-zoom.html]
[lambdathemes.in/admin1/form-select2.html]
[lambdathemes.in/admin1/form-x-editable.html]
[lambdathemes.in/admin1/charts-sparkline.html]
[lambdathemes.in/admin1/charts-rickshaw.html]
[lambdathemes.in/admin1/charts-morris.html]
[lambdathemes.in/admin1/charts-flotchart.html]
[lambdathemes.in/admin1/charts-chartjs.html]
[lambdathemes.in/admin1/login-alt.html]
[lambdathemes.in/admin1/register.html]
[lambdathemes.in/admin1/register-alt.html]
[lambdathemes.in/admin1/forgot.html]
[lambdathemes.in/admin1/maps-google.html]
[lambdathemes.in/admin1/maps-vector.html]
[lambdathemes.in/admin1/404.html]
[lambdathemes.in/admin1/500.html]
[lambdathemes.in/admin1/invoice.html]
[lambdathemes.in/admin1/faq.html]
[lambdathemes.in/admin1/todo.html]
[lambdathemes.in/admin1/pricing-tables.html]
[lambdathemes.in/admin1/shop.html]
[lambdathemes.in/admin1/gallery.html]
[lambdathemes.in/admin1/timeline.html]
[lambdathemes.in/admin1/search.html]
[lambdathemes.in/admin1/coming-soon.html]
[lambdathemes.in/admin1/contact.html]
[lambdathemes.in/admin1/assets/plugins/jquery/jquery-2.1.4.min.js]
[lambdathemes.in/admin1/assets/plugins/pace-master/pace.min.js]
[lambdathemes.in/admin1/assets/plugins/jquery-blockui/jquery.blockui.js]
[lambdathemes.in/admin1/assets/plugins/jquery-slimscroll/jquery.slimscroll.min.js]
[lambdathemes.in/admin1/assets/plugins/bootstrap/js/bootstrap.min.js]
[lambdathemes.in/admin1/assets/plugins/switchery/switchery.min.js]
[lambdathemes.in/admin1/assets/plugins/uniform/jquery.uniform.min.js]
[lambdathemes.in/admin1/assets/plugins/offcanvasmenueffects/js/classie.js]
[lambdathemes.in/admin1/assets/plugins/offcanvasmenueffects/js/main.js]
[lambdathemes.in/admin1/assets/plugins/waves/waves.min.js]
[lambdathemes.in/admin1/assets/plugins/jquery-ui/jquery-ui.min.js]
[lambdathemes.in/admin1/assets/plugins/3d-bold-navigation/js/main.js]
[lambdathemes.in/admin1/assets/plugins/waypoints/jquery.waypoints.min.js]
[lambdathemes.in/admin1/assets/plugins/jquery-counterup/jquery.counterup.min.js]
[lambdathemes.in/admin1/assets/plugins/toastr/toastr.min.js]
[lambdathemes.in/admin1/assets/plugins/flot/jquery.flot.time.min.js]
[lambdathemes.in/admin1/assets/plugins/flot/jquery.flot.symbol.min.js]
[lambdathemes.in/admin1/assets/plugins/flot/jquery.flot.resize.min.js]
[lambdathemes.in/admin1/assets/plugins/flot/jquery.flot.min.js]
[lambdathemes.in/admin1/assets/plugins/flot/jquery.flot.tooltip.min.js]
[lambdathemes.in/admin1/assets/plugins/curvedlines/curvedLines.js]
[lambdathemes.in/admin1/assets/plugins/metrojs/MetroJs.min.js]
[lambdathemes.in/admin1/assets/js/modern.min.js]
[lambdathemes.in/admin1/index.html]
[lambdathemes.in/admin1/assets/js/pages/dashboard.js]
[lambdathemes.in/admin2/assets/plugins/pace-master/themes/blue/pace-theme-flash.css]
[lambdathemes.in/admin2/assets/plugins/uniform/css/uniform.default.min.css]
[lambdathemes.in/admin2/assets/plugins/bootstrap/css/bootstrap.min.css]
[lambdathemes.in/admin2/assets/plugins/fontawesome/css/font-awesome.css]
[lambdathemes.in/admin2/assets/plugins/line-icons/simple-line-icons.css]
[lambdathemes.in/admin2/assets/plugins/waves/waves.min.css]
[lambdathemes.in/admin2/assets/plugins/switchery/switchery.min.css]
[lambdathemes.in/admin2/assets/plugins/3d-bold-navigation/css/style.css]
[lambdathemes.in/admin2/assets/plugins/slidepushmenus/css/component.css]
[lambdathemes.in/admin2/assets/plugins/weather-icons-master/css/weather-icons.min.css]
[lambdathemes.in/admin2/assets/plugins/metrojs/MetroJs.min.css]
[lambdathemes.in/admin2/assets/plugins/toastr/toastr.min.css]
[lambdathemes.in/admin2/assets/css/modern.min.css]
[lambdathemes.in/admin2/assets/plugins/3d-bold-navigation/js/modernizr.js]
[lambdathemes.in/admin2/assets/images/avatar2.png]
[lambdathemes.in/admin2/assets/images/avatar3.png]
[lambdathemes.in/admin2/assets/images/avatar4.png]
[lambdathemes.in/admin2/assets/images/avatar5.png]
[lambdathemes.in/admin2/index-2.html]
[lambdathemes.in/admin2/assets/images/avatar1.png]
[lambdathemes.in/admin2/profile.html]
[lambdathemes.in/admin2/calendar.html]
[lambdathemes.in/admin2/inbox.html]
[lambdathemes.in/admin2/lock-screen.html]
[lambdathemes.in/admin2/login.html]
[lambdathemes.in/admin2/message-view.html]
[lambdathemes.in/admin2/compose.html]
[lambdathemes.in/admin2/ui-alerts.html]
[lambdathemes.in/admin2/ui-buttons.html]
[lambdathemes.in/admin2/ui-icons.html]
[lambdathemes.in/admin2/ui-typography.html]
[lambdathemes.in/admin2/ui-notifications.html]
[lambdathemes.in/admin2/ui-grid.html]
[lambdathemes.in/admin2/ui-tabs-accordions.html]
[lambdathemes.in/admin2/ui-modals.html]
[lambdathemes.in/admin2/ui-panels.html]
[lambdathemes.in/admin2/ui-progress.html]
[lambdathemes.in/admin2/ui-sliders.html]
[lambdathemes.in/admin2/ui-nestable.html]
[lambdathemes.in/admin2/ui-tree-view.html]
[lambdathemes.in/admin2/layout-blank.html]
[lambdathemes.in/admin2/layout-fixed-sidebar.html]
[lambdathemes.in/admin2/layout-static-header.html]
[lambdathemes.in/admin2/layout-collapsed-sidebar.html]
[lambdathemes.in/admin2/layout-large-menu.html]
[lambdathemes.in/admin2/table-static.html]
[lambdathemes.in/admin2/table-responsive.html]
[lambdathemes.in/admin2/table-data.html]
[lambdathemes.in/admin2/form-elements.html]
[lambdathemes.in/admin2/form-upload.html]
[lambdathemes.in/admin2/form-image-crop.html]
[lambdathemes.in/admin2/form-wizard.html]
[lambdathemes.in/admin2/form-image-zoom.html]
[lambdathemes.in/admin2/form-select2.html]
[lambdathemes.in/admin2/form-x-editable.html]
[lambdathemes.in/admin2/charts-sparkline.html]
[lambdathemes.in/admin2/charts-rickshaw.html]
[lambdathemes.in/admin2/charts-morris.html]
[lambdathemes.in/admin2/charts-flotchart.html]
[lambdathemes.in/admin2/charts-chartjs.html]
[lambdathemes.in/admin2/login-alt.html]
[lambdathemes.in/admin2/register.html]
[lambdathemes.in/admin2/register-alt.html]
[lambdathemes.in/admin2/forgot.html]
[lambdathemes.in/admin2/maps-google.html]
[lambdathemes.in/admin2/maps-vector.html]
[lambdathemes.in/admin2/404.html]
[lambdathemes.in/admin2/500.html]
[lambdathemes.in/admin2/invoice.html]
[lambdathemes.in/admin2/faq.html]
[lambdathemes.in/admin2/todo.html]
[lambdathemes.in/admin2/pricing-tables.html]
[lambdathemes.in/admin2/shop.html]
[lambdathemes.in/admin2/gallery.html]
[lambdathemes.in/admin2/timeline.html]
[lambdathemes.in/admin2/search.html]
[lambdathemes.in/admin2/coming-soon.html]
[lambdathemes.in/admin2/contact.html]
[lambdathemes.in/admin2/assets/plugins/jquery/jquery-2.1.4.min.js]
[lambdathemes.in/admin2/assets/plugins/pace-master/pace.min.js]
[lambdathemes.in/admin2/assets/plugins/jquery-blockui/jquery.blockui.js]
[lambdathemes.in/admin2/assets/plugins/jquery-slimscroll/jquery.slimscroll.min.js]
[lambdathemes.in/admin2/assets/plugins/bootstrap/js/bootstrap.min.js]
[lambdathemes.in/admin2/assets/plugins/switchery/switchery.min.js]
[lambdathemes.in/admin2/assets/plugins/jquery-ui/jquery-ui.min.js]
[lambdathemes.in/admin2/assets/plugins/uniform/jquery.uniform.min.js]
[lambdathemes.in/admin2/assets/plugins/classie/classie.js]
[lambdathemes.in/admin2/assets/plugins/waves/waves.min.js]
[lambdathemes.in/admin2/assets/plugins/3d-bold-navigation/js/main.js]
[lambdathemes.in/admin2/assets/plugins/waypoints/jquery.waypoints.min.js]
[lambdathemes.in/admin2/assets/plugins/jquery-counterup/jquery.counterup.min.js]
[lambdathemes.in/admin2/assets/plugins/toastr/toastr.min.js]
[lambdathemes.in/admin2/assets/plugins/flot/jquery.flot.time.min.js]
[lambdathemes.in/admin2/assets/plugins/flot/jquery.flot.min.js]
[lambdathemes.in/admin2/assets/plugins/flot/jquery.flot.symbol.min.js]
[lambdathemes.in/admin2/assets/plugins/flot/jquery.flot.resize.min.js]
[lambdathemes.in/admin2/assets/plugins/flot/jquery.flot.tooltip.min.js]
[lambdathemes.in/admin2/assets/plugins/curvedlines/curvedLines.js]
[lambdathemes.in/admin2/assets/plugins/metrojs/MetroJs.min.js]
[lambdathemes.in/admin2/assets/js/modern.min.js]
[lambdathemes.in/admin2/index.html]
[lambdathemes.in/admin2/assets/js/pages/dashboard.js]
[lambdathemes.in/landing/assets/plugins/pace-master/themes/blue/pace-theme-flash.css]
[lambdathemes.in/landing/assets/plugins/uniform/css/uniform.default.min.css]
[lambdathemes.in/landing/assets/plugins/bootstrap/css/bootstrap.min.css]
[lambdathemes.in/landing/assets/plugins/fontawesome/css/font-awesome.css]
[lambdathemes.in/landing/assets/plugins/animate/animate.css]
[lambdathemes.in/landing/assets/plugins/tabstylesinspiration/css/tabs.css]
[lambdathemes.in/landing/assets/plugins/tabstylesinspiration/css/tabstyles.css]
[lambdathemes.in/landing/assets/plugins/pricing-tables/css/style.css]
[lambdathemes.in/landing/assets/css/landing.css]
[lambdathemes.in/landing/assets/plugins/pricing-tables/js/modernizr.js]
[lambdathemes.in/landing/assets/images/iphone.png]
[lambdathemes.in/landing/assets/images/iphone2.png]
[lambdathemes.in/landing/assets/plugins/pace-master/pace.min.js]
[lambdathemes.in/landing/assets/plugins/jquery-slimscroll/jquery.slimscroll.min.js]
[lambdathemes.in/landing/assets/plugins/jquery/jquery-2.1.4.min.js]
[lambdathemes.in/landing/assets/plugins/bootstrap/js/bootstrap.min.js]
[lambdathemes.in/landing/assets/plugins/uniform/jquery.uniform.min.js]
[lambdathemes.in/landing/assets/plugins/wow/wow.min.js]
[lambdathemes.in/landing/assets/plugins/tabstylesinspiration/js/cbpfwtabs.js]
[lambdathemes.in/landing/assets/plugins/pricing-tables/js/main.js]
[lambdathemes.in/landing/assets/plugins/jquery-ui/jquery-ui.min.js]
[lambdathemes.in/landing/index.html]
[lambdathemes.in/landing/assets/js/landing.js]
[lambdathemes.in/simple_showcase/assets/plugins/pace-master/themes/blue/pace-theme-flash.css]
[lambdathemes.in/simple_showcase/assets/plugins/uniform/css/uniform.default.min.css]
[lambdathemes.in/simple_showcase/assets/plugins/bootstrap/css/bootstrap.min.css]
[lambdathemes.in/simple_showcase/assets/plugins/fontawesome/css/font-awesome.css]
[lambdathemes.in/simple_showcase/assets/plugins/animate/animate.css]
[lambdathemes.in/simple_showcase/assets/plugins/vertical-fixed-navigation/css/style.css]
[lambdathemes.in/simple_showcase/assets/plugins/imagetilteffect/css/tilteffect.css]
[lambdathemes.in/simple_showcase/assets/plugins/imagetilteffect/css/demo.css]
[lambdathemes.in/simple_showcase/assets/plugins/vertical-fixed-navigation/js/modernizr.js]
[lambdathemes.in/simple_showcase/assets/images/bg.jpg]
[lambdathemes.in/simple_showcase/assets/images/bg2.jpg]
[lambdathemes.in/simple_showcase/assets/images/bg3.jpg]
[lambdathemes.in/simple_showcase/assets/css/showcase.css]
[lambdathemes.in/simple_showcase/assets/images/bg4.jpg]
[lambdathemes.in/simple_showcase/assets/images/bg5.jpg]
[lambdathemes.in/simple_showcase/assets/images/bg6.jpg]
[lambdathemes.in/simple_showcase/assets/plugins/jquery/jquery-2.1.4.min.js]
[lambdathemes.in/simple_showcase/assets/plugins/jquery-ui/jquery-ui.min.js]
[lambdathemes.in/simple_showcase/assets/plugins/pace-master/pace.min.js]
[lambdathemes.in/simple_showcase/assets/plugins/bootstrap/js/bootstrap.min.js]
[lambdathemes.in/simple_showcase/assets/plugins/uniform/jquery.uniform.min.js]
[lambdathemes.in/simple_showcase/assets/plugins/wow/wow.min.js]
[lambdathemes.in/simple_showcase/assets/plugins/vertical-fixed-navigation/js/main.js]
[lambdathemes.in/simple_showcase/assets/plugins/imagetilteffect/js/tiltfx.js]
[lambdathemes.in/simple_showcase/assets/plugins/jquery-mousewheel/jquery.mousewheel.min.js]
[lambdathemes.in/simple_showcase/assets/js/showcase.js]
[lambdathemes.in/simple_showcase/index.html]
[lambdathemes.in/fonts/glyphicons-halflings-regular.svg]
[lambdathemes.in/admin1/assets/plugins/pace-master/themes/blue/pace-theme-flash.css]
[lambdathemes.in/admin1/assets/plugins/uniform/images/sprite.png]
[lambdathemes.in/admin1/assets/plugins/uniform/images/bg-input.png]
[lambdathemes.in/admin1/assets/plugins/uniform/images/bg-input-focus.png]
[lambdathemes.in/admin1/assets/plugins/uniform/css/uniform.default.min.css]
[lambdathemes.in/admin1/assets/plugins/bootstrap/fonts/glyphicons-halflings-regular.eot]
[lambdathemes.in/admin1/assets/plugins/bootstrap/fonts/glyphicons-halflings-regulard41d.eot]
[lambdathemes.in/admin1/assets/plugins/bootstrap/fonts/glyphicons-halflings-regular.woff2]
[lambdathemes.in/admin1/assets/plugins/bootstrap/fonts/glyphicons-halflings-regular.woff]
[lambdathemes.in/admin1/assets/plugins/bootstrap/fonts/glyphicons-halflings-regular.ttf]
[lambdathemes.in/admin1/assets/plugins/bootstrap/fonts/glyphicons-halflings-regular.svg]
[lambdathemes.in/admin1/assets/plugins/bootstrap/css/bootstrap.min.css]
[lambdathemes.in/admin1/assets/plugins/fontawesome/fonts/fontawesome-webfonte0a5.eot]
[lambdathemes.in/admin1/assets/plugins/fontawesome/fonts/fontawesome-webfontd41d.eot]
[lambdathemes.in/admin1/assets/plugins/fontawesome/fonts/fontawesome-webfonte0a5.woff2]
[lambdathemes.in/admin1/assets/plugins/fontawesome/fonts/fontawesome-webfonte0a5.woff]
[lambdathemes.in/admin1/assets/plugins/fontawesome/fonts/fontawesome-webfonte0a5.ttf]
[lambdathemes.in/admin1/assets/plugins/fontawesome/fonts/fontawesome-webfonte0a5.svg]
[lambdathemes.in/admin1/assets/plugins/fontawesome/css/font-awesome.css]
[lambdathemes.in/admin1/assets/plugins/line-icons/fonts/Simple-Line-Icons.eot]
[lambdathemes.in/admin1/assets/plugins/line-icons/fonts/Simple-Line-Iconsd41d.eot]
[lambdathemes.in/admin1/assets/plugins/line-icons/fonts/Simple-Line-Icons.woff]
[lambdathemes.in/admin1/assets/plugins/line-icons/fonts/Simple-Line-Icons.ttf]
[lambdathemes.in/admin1/assets/plugins/line-icons/fonts/Simple-Line-Icons.svg]
[lambdathemes.in/admin1/assets/plugins/line-icons/simple-line-icons.css]
[lambdathemes.in/admin1/assets/plugins/offcanvasmenueffects/css/menu_cornerbox.css]
[lambdathemes.in/admin1/assets/plugins/waves/waves.min.css]
[lambdathemes.in/admin1/assets/plugins/switchery/switchery.min.css]
[lambdathemes.in/admin1/assets/plugins/3d-bold-navigation/css/style.css]
[lambdathemes.in/admin1/assets/plugins/slidepushmenus/css/component.css]
[lambdathemes.in/admin1/assets/plugins/weather-icons-master/font/weathericons-regular-webfont.eot]
[lambdathemes.in/admin1/assets/plugins/weather-icons-master/font/weathericons-regular-webfontd41d.eot]
[lambdathemes.in/admin1/assets/plugins/weather-icons-master/font/weathericons-regular-webfont.woff]
[lambdathemes.in/admin1/assets/plugins/weather-icons-master/font/weathericons-regular-webfont.ttf]
[lambdathemes.in/admin1/assets/plugins/weather-icons-master/font/weathericons-regular-webfont.svg]
[lambdathemes.in/admin1/assets/plugins/weather-icons-master/css/weather-icons.min.css]
[lambdathemes.in/admin1/assets/plugins/metrojs/images/metroIcons_light.jpg]
[lambdathemes.in/admin1/assets/plugins/metrojs/images/metroIcons.jpg]
[lambdathemes.in/admin1/assets/plugins/metrojs/MetroJs.min.css]
[lambdathemes.in/admin1/assets/plugins/toastr/toastr.min.css]
[lambdathemes.in/admin1/assets/images/profile-cover.png]
[lambdathemes.in/admin1/assets/images/coming-soon.jpg]
[lambdathemes.in/admin1/assets/css/modern.min.css]
[lambdathemes.in/admin1/assets/css/themes/green.css]
[lambdathemes.in/admin1/assets/css/custom.css]
[lambdathemes.in/admin1/indexca00-2.html]
[lambdathemes.in/admin1/indexaf91-2.html]
[lambdathemes.in/admin1/index0e99-2.html]
[lambdathemes.in/admin1/index13d4-2.html]
[lambdathemes.in/admin1/index938c-2.html]
[lambdathemes.in/admin1/index4965-2.html]
[lambdathemes.in/admin1/index-2.html]
[lambdathemes.in/admin1/indexca00.html]
[lambdathemes.in/admin1/indexaf91.html]
[lambdathemes.in/admin1/index0e99.html]
[lambdathemes.in/admin1/index13d4.html]
[lambdathemes.in/admin1/index938c.html]
[lambdathemes.in/admin1/index4965.html]
[lambdathemes.in/admin1/assets/css/modern.css]
[lambdathemes.in/admin1/profileca00.html]
[lambdathemes.in/admin1/profileaf91.html]
[lambdathemes.in/admin1/profile0e99.html]
[lambdathemes.in/admin1/profile13d4.html]
[lambdathemes.in/admin1/profile938c.html]
[lambdathemes.in/admin1/profile4965.html]
[lambdathemes.in/admin1/assets/images/profile-picture.png]
[lambdathemes.in/admin1/assets/images/post-image.jpg]
[lambdathemes.in/admin1/assets/js/pages/profile.js]
[lambdathemes.in/admin1/profile.html]
[lambdathemes.in/admin1/assets/plugins/fullcalendar/fullcalendar.min.css]
[lambdathemes.in/admin1/calendarca00.html]
[lambdathemes.in/admin1/calendaraf91.html]
[lambdathemes.in/admin1/calendar0e99.html]
[lambdathemes.in/admin1/calendar13d4.html]
[lambdathemes.in/admin1/calendar938c.html]
[lambdathemes.in/admin1/calendar4965.html]
[lambdathemes.in/admin1/assets/plugins/fullcalendar/lib/moment.min.js]
[lambdathemes.in/admin1/assets/plugins/fullcalendar/fullcalendar.min.js]
[lambdathemes.in/admin1/calendar.html]
[lambdathemes.in/admin1/assets/js/pages/calendar.js]
[lambdathemes.in/admin1/inboxca00.html]
[lambdathemes.in/admin1/inboxaf91.html]
[lambdathemes.in/admin1/inbox0e99.html]
[lambdathemes.in/admin1/inbox13d4.html]
[lambdathemes.in/admin1/inbox938c.html]
[lambdathemes.in/admin1/inbox4965.html]
[lambdathemes.in/admin1/inbox.html]
[lambdathemes.in/admin1/lock-screen.html]
[lambdathemes.in/admin1/login.html]
[lambdathemes.in/admin1/assets/js/pages/inbox.js]
[lambdathemes.in/admin1/inbox-altca00.html]
[lambdathemes.in/admin1/inbox-altaf91.html]
[lambdathemes.in/admin1/inbox-alt0e99.html]
[lambdathemes.in/admin1/inbox-alt13d4.html]
[lambdathemes.in/admin1/inbox-alt938c.html]
[lambdathemes.in/admin1/inbox-alt4965.html]
[lambdathemes.in/admin1/inbox-alt.html]
[lambdathemes.in/admin1/assets/js/pages/inbox-alt.js]
[lambdathemes.in/admin1/message-viewca00.html]
[lambdathemes.in/admin1/message-viewaf91.html]
[lambdathemes.in/admin1/message-view0e99.html]
[lambdathemes.in/admin1/message-view13d4.html]
[lambdathemes.in/admin1/message-view938c.html]
[lambdathemes.in/admin1/message-view4965.html]
[lambdathemes.in/admin1/assets/images/attachment1.jpg]
[lambdathemes.in/admin1/assets/images/attachment2.jpg]
[lambdathemes.in/admin1/message-view.html]
[lambdathemes.in/admin1/message-view-altca00.html]
[lambdathemes.in/admin1/message-view-altaf91.html]
[lambdathemes.in/admin1/message-view-alt0e99.html]
[lambdathemes.in/admin1/message-view-alt13d4.html]
[lambdathemes.in/admin1/message-view-alt938c.html]
[lambdathemes.in/admin1/message-view-alt4965.html]
[lambdathemes.in/admin1/message-view-alt.html]
[lambdathemes.in/admin1/assets/plugins/summernote-master/summernote.css]
[lambdathemes.in/admin1/composeca00.html]
[lambdathemes.in/admin1/composeaf91.html]
[lambdathemes.in/admin1/compose0e99.html]
[lambdathemes.in/admin1/compose13d4.html]
[lambdathemes.in/admin1/compose938c.html]
[lambdathemes.in/admin1/compose4965.html]
[lambdathemes.in/admin1/assets/js/pages/compose.js]
[lambdathemes.in/admin1/compose.html]
[lambdathemes.in/admin1/compose-altca00.html]
[lambdathemes.in/admin1/assets/plugins/summernote-master/summernote.min.js]
[lambdathemes.in/admin1/compose-altaf91.html]
[lambdathemes.in/admin1/compose-alt0e99.html]
[lambdathemes.in/admin1/compose-alt13d4.html]
[lambdathemes.in/admin1/compose-alt938c.html]
[lambdathemes.in/admin1/compose-alt.html]
[lambdathemes.in/admin1/compose-alt4965.html]
[lambdathemes.in/admin1/ui-alertsca00.html]
[lambdathemes.in/admin1/ui-alertsaf91.html]
[lambdathemes.in/admin1/ui-alerts0e99.html]
[lambdathemes.in/admin1/ui-alerts13d4.html]
[lambdathemes.in/admin1/ui-alerts938c.html]
[lambdathemes.in/admin1/ui-alerts.html]
[lambdathemes.in/admin1/ui-alerts4965.html]
[lambdathemes.in/admin1/ui-buttonsca00.html]
[lambdathemes.in/admin1/ui-buttonsaf91.html]
[lambdathemes.in/admin1/ui-buttons0e99.html]
[lambdathemes.in/admin1/ui-buttons13d4.html]
[lambdathemes.in/admin1/ui-buttons938c.html]
[lambdathemes.in/admin1/ui-buttons.html]
[lambdathemes.in/admin1/ui-buttons4965.html]
[lambdathemes.in/admin1/ui-iconsaf91.html]
[lambdathemes.in/admin1/ui-icons0e99.html]
[lambdathemes.in/admin1/ui-icons13d4.html]
[lambdathemes.in/admin1/ui-icons938c.html]
[lambdathemes.in/admin1/ui-iconsca00.html]
[lambdathemes.in/admin1/ui-icons.html]
[lambdathemes.in/admin1/ui-icons4965.html]
[lambdathemes.in/admin1/ui-typographyca00.html]
[lambdathemes.in/admin1/ui-typographyaf91.html]
[lambdathemes.in/admin1/ui-typography0e99.html]
[lambdathemes.in/admin1/ui-typography13d4.html]
[lambdathemes.in/admin1/ui-typography938c.html]
[lambdathemes.in/admin1/ui-typography.html]
[lambdathemes.in/admin1/ui-typography4965.html]
[lambdathemes.in/admin1/ui-notificationsca00.html]
[lambdathemes.in/admin1/ui-notificationsaf91.html]
[lambdathemes.in/admin1/ui-notifications0e99.html]
[lambdathemes.in/admin1/ui-notifications13d4.html]
[lambdathemes.in/admin1/ui-notifications938c.html]
[lambdathemes.in/admin1/ui-notifications4965.html]
[lambdathemes.in/admin1/ui-notifications.html]
[lambdathemes.in/admin1/assets/js/pages/notifications.js]
[lambdathemes.in/admin1/ui-gridca00.html]
[lambdathemes.in/admin1/ui-gridaf91.html]
[lambdathemes.in/admin1/ui-grid0e99.html]
[lambdathemes.in/admin1/ui-grid13d4.html]
[lambdathemes.in/admin1/ui-grid938c.html]
[lambdathemes.in/admin1/ui-grid.html]
[lambdathemes.in/admin1/ui-grid4965.html]
[lambdathemes.in/admin1/ui-tabs-accordionsca00.html]
[lambdathemes.in/admin1/ui-tabs-accordionsaf91.html]
[lambdathemes.in/admin1/ui-tabs-accordions0e99.html]
[lambdathemes.in/admin1/ui-tabs-accordions13d4.html]
[lambdathemes.in/admin1/ui-tabs-accordions938c.html]
[lambdathemes.in/admin1/ui-tabs-accordions.html]
[lambdathemes.in/admin1/ui-tabs-accordions4965.html]
[lambdathemes.in/admin1/ui-modalsca00.html]
[lambdathemes.in/admin1/ui-modalsaf91.html]
[lambdathemes.in/admin1/ui-modals0e99.html]
[lambdathemes.in/admin1/ui-modals13d4.html]
[lambdathemes.in/admin1/ui-modals938c.html]
[lambdathemes.in/admin1/ui-modals.html]
[lambdathemes.in/admin1/ui-modals4965.html]
[lambdathemes.in/admin1/ui-panelsca00.html]
[lambdathemes.in/admin1/ui-panelsaf91.html]
[lambdathemes.in/admin1/ui-panels0e99.html]
[lambdathemes.in/admin1/ui-panels13d4.html]
[lambdathemes.in/admin1/ui-panels938c.html]
[lambdathemes.in/admin1/ui-panels.html]
[lambdathemes.in/admin1/ui-panels4965.html]
[lambdathemes.in/admin1/ui-progressca00.html]
[lambdathemes.in/admin1/ui-progressaf91.html]
[lambdathemes.in/admin1/ui-progress0e99.html]
[lambdathemes.in/admin1/ui-progress13d4.html]
[lambdathemes.in/admin1/ui-progress4965.html]
[lambdathemes.in/admin1/ui-progress.html]
[lambdathemes.in/admin1/assets/plugins/ion.rangeslider/css/ion.rangeSlider.css]
[lambdathemes.in/admin1/ui-progress938c.html]
[lambdathemes.in/admin1/assets/plugins/ion.rangeslider/css/ion.rangeSlider.skinFlat.css]
[lambdathemes.in/admin1/ui-slidersca00.html]
[lambdathemes.in/admin1/ui-slidersaf91.html]
[lambdathemes.in/admin1/ui-sliders0e99.html]
[lambdathemes.in/admin1/ui-sliders13d4.html]
[lambdathemes.in/admin1/ui-sliders938c.html]
[lambdathemes.in/admin1/ui-sliders4965.html]
[lambdathemes.in/admin1/assets/js/pages/ui-sliders.js]
[lambdathemes.in/admin1/ui-sliders.html]
[lambdathemes.in/admin1/assets/plugins/ion.rangeslider/js/ion-rangeSlider/ion.rangeSlider.min.js]
[lambdathemes.in/admin1/assets/plugins/nestable/nestable.css]
[lambdathemes.in/admin1/ui-nestableca00.html]
[lambdathemes.in/admin1/ui-nestableaf91.html]
[lambdathemes.in/admin1/ui-nestable0e99.html]
[lambdathemes.in/admin1/ui-nestable13d4.html]
[lambdathemes.in/admin1/ui-nestable938c.html]
[lambdathemes.in/admin1/ui-nestable4965.html]
[lambdathemes.in/admin1/assets/js/pages/nestable.js]
[lambdathemes.in/admin1/ui-nestable.html]
[lambdathemes.in/admin1/assets/plugins/nestable/jquery.nestable.js]
[lambdathemes.in/admin1/assets/plugins/jstree/themes/default/style.min.css]
[lambdathemes.in/admin1/ui-tree-viewca00.html]
[lambdathemes.in/admin1/ui-tree-viewaf91.html]
[lambdathemes.in/admin1/ui-tree-view0e99.html]
[lambdathemes.in/admin1/ui-tree-view13d4.html]
[lambdathemes.in/admin1/ui-tree-view938c.html]
[lambdathemes.in/admin1/ui-tree-view4965.html]
[lambdathemes.in/admin1/assets/js/pages/jstree.js]
[lambdathemes.in/admin1/ui-tree-view.html]
[lambdathemes.in/admin1/layout-blankca00.html]
[lambdathemes.in/admin1/layout-blankaf91.html]
[lambdathemes.in/admin1/layout-blank0e99.html]
[lambdathemes.in/admin1/layout-blank13d4.html]
[lambdathemes.in/admin1/layout-blank938c.html]
[lambdathemes.in/admin1/layout-blank.html]
[lambdathemes.in/admin1/layout-blank4965.html]
[lambdathemes.in/admin1/layout-boxedca00.html]
[lambdathemes.in/admin1/layout-boxedaf91.html]
[lambdathemes.in/admin1/layout-boxed0e99.html]
[lambdathemes.in/admin1/layout-boxed13d4.html]
[lambdathemes.in/admin1/assets/plugins/jstree/jstree.min.js]
[lambdathemes.in/admin1/layout-boxed938c.html]
[lambdathemes.in/admin1/layout-boxed.html]
[lambdathemes.in/admin1/layout-boxed4965.html]
[lambdathemes.in/admin1/layout-horizontal-menuca00.html]
[lambdathemes.in/admin1/layout-horizontal-menuaf91.html]
[lambdathemes.in/admin1/layout-horizontal-menu0e99.html]
[lambdathemes.in/admin1/layout-horizontal-menu13d4.html]
[lambdathemes.in/admin1/layout-horizontal-menu938c.html]
[lambdathemes.in/admin1/layout-horizontal-menu.html]
[lambdathemes.in/admin1/layout-horizontal-menu4965.html]
[lambdathemes.in/admin1/layout-horizontal-menu-boxedca00.html]
[lambdathemes.in/admin1/layout-horizontal-menu-boxedaf91.html]
[lambdathemes.in/admin1/layout-horizontal-menu-boxed0e99.html]
[lambdathemes.in/admin1/layout-horizontal-menu-boxed13d4.html]
[lambdathemes.in/admin1/layout-horizontal-menu-boxed938c.html]
[lambdathemes.in/admin1/layout-horizontal-menu-boxed.html]
[lambdathemes.in/admin1/layout-horizontal-menu-boxed4965.html]
[lambdathemes.in/admin1/layout-horizontal-menu-minimalca00.html]
[lambdathemes.in/admin1/layout-horizontal-menu-minimalaf91.html]
[lambdathemes.in/admin1/layout-horizontal-menu-minimal0e99.html]
[lambdathemes.in/admin1/layout-horizontal-menu-minimal13d4.html]
[lambdathemes.in/admin1/layout-horizontal-menu-minimal938c.html]
[lambdathemes.in/admin1/layout-horizontal-menu-minimal.html]
[lambdathemes.in/admin1/layout-horizontal-menu-minimal4965.html]
[lambdathemes.in/admin1/layout-fixed-sidebaraf91.html]
[lambdathemes.in/admin1/layout-fixed-sidebar0e99.html]
[lambdathemes.in/admin1/layout-fixed-sidebar13d4.html]
[lambdathemes.in/admin1/layout-fixed-sidebar938c.html]
[lambdathemes.in/admin1/layout-fixed-sidebar4965.html]
[lambdathemes.in/admin1/layout-fixed-sidebar.html]
[lambdathemes.in/admin1/layout-fixed-sidebarca00.html]
[lambdathemes.in/admin1/layout-static-headerca00.html]
[lambdathemes.in/admin1/layout-static-headeraf91.html]
[lambdathemes.in/admin1/layout-static-header0e99.html]
[lambdathemes.in/admin1/layout-static-header13d4.html]
[lambdathemes.in/admin1/layout-static-header938c.html]
[lambdathemes.in/admin1/layout-static-header.html]
[lambdathemes.in/admin1/layout-static-header4965.html]
[lambdathemes.in/admin1/layout-collapsed-sidebarca00.html]
[lambdathemes.in/admin1/layout-collapsed-sidebaraf91.html]
[lambdathemes.in/admin1/layout-collapsed-sidebar0e99.html]
[lambdathemes.in/admin1/layout-collapsed-sidebar13d4.html]
[lambdathemes.in/admin1/layout-collapsed-sidebar938c.html]
[lambdathemes.in/admin1/layout-collapsed-sidebar.html]
[lambdathemes.in/admin1/layout-collapsed-sidebar4965.html]
[lambdathemes.in/admin1/layout-compact-menuca00.html]
[lambdathemes.in/admin1/layout-compact-menuaf91.html]
[lambdathemes.in/admin1/layout-compact-menu0e99.html]
[lambdathemes.in/admin1/layout-compact-menu13d4.html]
[lambdathemes.in/admin1/layout-compact-menu938c.html]
[lambdathemes.in/admin1/layout-compact-menu.html]
[lambdathemes.in/admin1/layout-compact-menu4965.html]
[lambdathemes.in/admin1/layout-hover-menuca00.html]
[lambdathemes.in/admin1/layout-hover-menuaf91.html]
[lambdathemes.in/admin1/layout-hover-menu0e99.html]
[lambdathemes.in/admin1/layout-hover-menu13d4.html]
[lambdathemes.in/admin1/layout-hover-menu938c.html]
[lambdathemes.in/admin1/layout-hover-menu.html]
[lambdathemes.in/admin1/layout-hover-menu4965.html]
[lambdathemes.in/admin1/table-staticca00.html]
[lambdathemes.in/admin1/table-staticaf91.html]
[lambdathemes.in/admin1/table-static0e99.html]
[lambdathemes.in/admin1/table-static13d4.html]
[lambdathemes.in/admin1/table-static938c.html]
[lambdathemes.in/admin1/table-static.html]
[lambdathemes.in/admin1/table-static4965.html]
[lambdathemes.in/admin1/table-responsiveca00.html]
[lambdathemes.in/admin1/table-responsiveaf91.html]
[lambdathemes.in/admin1/table-responsive0e99.html]
[lambdathemes.in/admin1/table-responsive13d4.html]
[lambdathemes.in/admin1/table-responsive938c.html]
[lambdathemes.in/admin1/table-responsive.html]
[lambdathemes.in/admin1/table-responsive4965.html]
[lambdathemes.in/admin1/assets/plugins/datatables/css/jquery.datatables.min.css]
[lambdathemes.in/admin1/assets/plugins/datatables/css/jquery.datatables_themeroller.css]
[lambdathemes.in/admin1/assets/plugins/x-editable/bootstrap3-editable/css/bootstrap-editable.css]
[lambdathemes.in/admin1/assets/plugins/bootstrap-datepicker/css/datepicker3.css]
[lambdathemes.in/admin1/table-dataca00.html]
[lambdathemes.in/admin1/table-dataaf91.html]
[lambdathemes.in/admin1/table-data0e99.html]
[lambdathemes.in/admin1/table-data13d4.html]
[lambdathemes.in/admin1/table-data938c.html]
[lambdathemes.in/admin1/table-data4965.html]
[lambdathemes.in/admin1/assets/plugins/jquery-mockjax-master/jquery.mockjax.js]
[lambdathemes.in/admin1/assets/plugins/moment/moment.js]
[lambdathemes.in/admin1/assets/plugins/datatables/js/jquery.datatables.min.js]
[lambdathemes.in/admin1/assets/plugins/x-editable/bootstrap3-editable/js/bootstrap-editable.js]
[lambdathemes.in/admin1/assets/plugins/bootstrap-datepicker/js/bootstrap-datepicker.js]
[lambdathemes.in/admin1/table-data.html]
[lambdathemes.in/admin1/assets/js/pages/table-data.js]
[lambdathemes.in/admin1/assets/plugins/bootstrap-colorpicker/css/colorpicker.css]
[lambdathemes.in/admin1/assets/plugins/bootstrap-tagsinput/bootstrap-tagsinput.css]
[lambdathemes.in/admin1/assets/plugins/bootstrap-timepicker/css/bootstrap-timepicker.min.css]
[lambdathemes.in/admin1/form-elementsca00.html]
[lambdathemes.in/admin1/form-elementsaf91.html]
[lambdathemes.in/admin1/form-elements0e99.html]
[lambdathemes.in/admin1/form-elements13d4.html]
[lambdathemes.in/admin1/form-elements938c.html]
[lambdathemes.in/admin1/form-elements4965.html]
[lambdathemes.in/admin1/assets/plugins/bootstrap-colorpicker/js/bootstrap-colorpicker.js]
[lambdathemes.in/admin1/assets/plugins/bootstrap-tagsinput/bootstrap-tagsinput.min.js]
[lambdathemes.in/admin1/assets/plugins/bootstrap-timepicker/js/bootstrap-timepicker.min.js]
[lambdathemes.in/admin1/assets/js/pages/form-elements.js]
[lambdathemes.in/admin1/form-elements.html]
[lambdathemes.in/admin1/form-wizardca00.html]
[lambdathemes.in/admin1/form-wizardaf91.html]
[lambdathemes.in/admin1/form-wizard0e99.html]
[lambdathemes.in/admin1/form-wizard13d4.html]
[lambdathemes.in/admin1/form-wizard938c.html]
[lambdathemes.in/admin1/form-wizard4965.html]
[lambdathemes.in/admin1/assets/images/envato-logo.png]
[lambdathemes.in/admin1/assets/plugins/twitter-bootstrap-wizard/jquery.bootstrap.wizard.min.js]
[lambdathemes.in/admin1/form-wizard.html]
[lambdathemes.in/admin1/assets/js/pages/form-wizard.js]
[lambdathemes.in/admin1/assets/plugins/jquery-validation/jquery.validate.min.js]
[lambdathemes.in/admin1/assets/plugins/dropzone/dropzone.min.css]
[lambdathemes.in/admin1/assets/plugins/plupload/js/jquery.plupload.queue/css/jquery.plupload.queue.css]
[lambdathemes.in/admin1/form-uploadca00.html]
[lambdathemes.in/admin1/form-uploadaf91.html]
[lambdathemes.in/admin1/form-upload0e99.html]
[lambdathemes.in/admin1/form-upload13d4.html]
[lambdathemes.in/admin1/form-upload938c.html]
[lambdathemes.in/admin1/form-upload4965.html]
[lambdathemes.in/admin1/assets/plugins/dropzone/dropzone.min.js]
[lambdathemes.in/admin1/assets/plugins/plupload/js/jquery.plupload.queue/jquery.plupload.queue.min.js]
[lambdathemes.in/admin1/form-upload.html]
[lambdathemes.in/admin1/assets/js/pages/form-plupload.js]
[lambdathemes.in/admin1/assets/plugins/image-cropper/cropper.min.css]
[lambdathemes.in/admin1/form-image-cropca00.html]
[lambdathemes.in/admin1/form-image-cropaf91.html]
[lambdathemes.in/admin1/assets/plugins/plupload/js/plupload.full.min.js]
[lambdathemes.in/admin1/form-image-crop0e99.html]
[lambdathemes.in/admin1/form-image-crop13d4.html]
[lambdathemes.in/admin1/form-image-crop938c.html]
[lambdathemes.in/admin1/form-image-crop4965.html]
[lambdathemes.in/admin1/assets/images/crop.jpg]
[lambdathemes.in/admin1/assets/js/pages/form-image-crop.js]
[lambdathemes.in/admin1/form-image-crop.html]
[lambdathemes.in/admin1/assets/plugins/image-cropper/cropper.min.js]
[lambdathemes.in/admin1/form-image-zoomca00.html]
[lambdathemes.in/admin1/form-image-zoomaf91.html]
[lambdathemes.in/admin1/form-image-zoom0e99.html]
[lambdathemes.in/admin1/form-image-zoom13d4.html]
[lambdathemes.in/admin1/form-image-zoom938c.html]
[lambdathemes.in/admin1/form-image-zoom4965.html]
[lambdathemes.in/admin1/assets/images/zoom/small/image1.jpg]
[lambdathemes.in/admin1/assets/images/zoom/small/image2.jpg]
[lambdathemes.in/admin1/assets/images/zoom/small/image3.jpg]
[lambdathemes.in/admin1/assets/images/zoom/small/image4.jpg]
[lambdathemes.in/admin1/assets/plugins/elevatezoom/jquery.elevatezoom-3.0.8.min.js]
[lambdathemes.in/admin1/assets/js/pages/form-image-zoom.js]
[lambdathemes.in/admin1/form-image-zoom.html]
[lambdathemes.in/admin1/assets/plugins/select2/css/select2.min.css]
[lambdathemes.in/admin1/form-select2ca00.html]
[lambdathemes.in/admin1/form-select2af91.html]
[lambdathemes.in/admin1/form-select20e99.html]
[lambdathemes.in/admin1/form-select213d4.html]
[lambdathemes.in/admin1/form-select2938c.html]
[lambdathemes.in/admin1/form-select24965.html]
[lambdathemes.in/admin1/form-select2.html]
[lambdathemes.in/admin1/assets/js/pages/form-select2.js]
[lambdathemes.in/admin1/assets/plugins/x-editable/inputs-ext/typeaheadjs/lib/typeahead.js-bootstrap.css]
[lambdathemes.in/admin1/assets/plugins/select2-3.4.8/select2.css]
[lambdathemes.in/admin1/assets/plugins/select2/js/select2.min.js]
[lambdathemes.in/admin1/assets/plugins/bootstrap-datetimepicker/css/bootstrap-datetimepicker.min.css]
[lambdathemes.in/admin1/form-x-editableca00.html]
[lambdathemes.in/admin1/form-x-editableaf91.html]
[lambdathemes.in/admin1/form-x-editable0e99.html]
[lambdathemes.in/admin1/form-x-editable13d4.html]
[lambdathemes.in/admin1/form-x-editable938c.html]
[lambdathemes.in/admin1/form-x-editable4965.html]
[lambdathemes.in/admin1/assets/plugins/x-editable/inputs-ext/typeaheadjs/lib/typeahead.js]
[lambdathemes.in/admin1/assets/plugins/x-editable/inputs-ext/typeaheadjs/typeaheadjs.js]
[lambdathemes.in/admin1/assets/plugins/x-editable/inputs-ext/address/address.js]
[lambdathemes.in/admin1/assets/plugins/bootstrap-datetimepicker/js/bootstrap-datetimepicker.min.js]
[lambdathemes.in/admin1/assets/plugins/select2-3.4.8/select2.min.js]
[lambdathemes.in/admin1/form-x-editable.html]
[lambdathemes.in/admin1/assets/js/pages/form-x-editable.js]
[lambdathemes.in/admin1/charts-sparklineca00.html]
[lambdathemes.in/admin1/charts-sparklineaf91.html]
[lambdathemes.in/admin1/charts-sparkline0e99.html]
[lambdathemes.in/admin1/charts-sparkline13d4.html]
[lambdathemes.in/admin1/charts-sparkline938c.html]
[lambdathemes.in/admin1/charts-sparkline4965.html]
[lambdathemes.in/admin1/assets/js/pages/charts-sparkline.js]
[lambdathemes.in/admin1/charts-sparkline.html]
[lambdathemes.in/admin1/assets/plugins/rickshaw/rickshaw.min.css]
[lambdathemes.in/admin1/assets/plugins/jquery-sparkline/jquery.sparkline.min.js]
[lambdathemes.in/admin1/charts-rickshawca00.html]
[lambdathemes.in/admin1/charts-rickshawaf91.html]
[lambdathemes.in/admin1/charts-rickshaw0e99.html]
[lambdathemes.in/admin1/charts-rickshaw13d4.html]
[lambdathemes.in/admin1/charts-rickshaw938c.html]
[lambdathemes.in/admin1/charts-rickshaw4965.html]
[lambdathemes.in/admin1/assets/plugins/d3/d3.layout.min.js]
[lambdathemes.in/admin1/assets/plugins/d3/d3.min.js]
[lambdathemes.in/admin1/assets/js/pages/charts-rickshaw.js]
[lambdathemes.in/admin1/charts-rickshaw.html]
[lambdathemes.in/admin1/assets/plugins/morris/morris.css]
[lambdathemes.in/admin1/assets/plugins/rickshaw/rickshaw.min.js]
[lambdathemes.in/admin1/charts-morrisca00.html]
[lambdathemes.in/admin1/charts-morrisaf91.html]
[lambdathemes.in/admin1/charts-morris0e99.html]
[lambdathemes.in/admin1/charts-morris13d4.html]
[lambdathemes.in/admin1/charts-morris938c.html]
[lambdathemes.in/admin1/charts-morris4965.html]
[lambdathemes.in/admin1/assets/plugins/morris/morris.min.js]
[lambdathemes.in/admin1/assets/js/pages/charts-morris.js]
[lambdathemes.in/admin1/charts-morris.html]
[lambdathemes.in/admin1/charts-flotchartca00.html]
[lambdathemes.in/admin1/assets/plugins/morris/raphael.min.js]
[lambdathemes.in/admin1/charts-flotchartaf91.html]
[lambdathemes.in/admin1/charts-flotchart0e99.html]
[lambdathemes.in/admin1/charts-flotchart13d4.html]
[lambdathemes.in/admin1/charts-flotchart938c.html]
[lambdathemes.in/admin1/charts-flotchart4965.html]
[lambdathemes.in/admin1/assets/plugins/flot/jquery.flot.pie.min.js]
[lambdathemes.in/admin1/charts-flotchart.html]
[lambdathemes.in/admin1/assets/js/pages/charts-flot.js]
[lambdathemes.in/admin1/charts-chartjsca00.html]
[lambdathemes.in/admin1/charts-chartjsaf91.html]
[lambdathemes.in/admin1/charts-chartjs0e99.html]
[lambdathemes.in/admin1/charts-chartjs13d4.html]
[lambdathemes.in/admin1/charts-chartjs938c.html]
[lambdathemes.in/admin1/charts-chartjs4965.html]
[lambdathemes.in/admin1/assets/js/pages/charts-chartjs.js]
[lambdathemes.in/admin1/charts-chartjs.html]
[lambdathemes.in/admin1/login-alt.html]
[lambdathemes.in/admin1/register.html]
[lambdathemes.in/admin1/register-alt.html]
[lambdathemes.in/admin1/forgot.html]
[lambdathemes.in/admin1/assets/plugins/chartsjs/Chart.min.js]
[lambdathemes.in/admin1/maps-googleca00.html]
[lambdathemes.in/admin1/maps-googleaf91.html]
[lambdathemes.in/admin1/maps-google0e99.html]
[lambdathemes.in/admin1/maps-google13d4.html]
[lambdathemes.in/admin1/maps-google938c.html]
[lambdathemes.in/admin1/maps-google4965.html]
[lambdathemes.in/admin1/maps-google.html]
[lambdathemes.in/admin1/assets/js/pages/maps-google.js]
[lambdathemes.in/admin1/assets/plugins/jqvmap/jqvmap.css]
[lambdathemes.in/admin1/maps-vectorca00.html]
[lambdathemes.in/admin1/maps-vectoraf91.html]
[lambdathemes.in/admin1/maps-vector0e99.html]
[lambdathemes.in/admin1/maps-vector13d4.html]
[lambdathemes.in/admin1/maps-vector938c.html]
[lambdathemes.in/admin1/maps-vector4965.html]
[lambdathemes.in/admin1/assets/plugins/jqvmap/jquery.vmap.min.js]
[lambdathemes.in/admin1/assets/plugins/jqvmap/data/jquery.vmap.sampledata.js]
[lambdathemes.in/admin1/assets/js/pages/maps-vector.js]
[lambdathemes.in/admin1/maps-vector.html]
[lambdathemes.in/admin1/404.html]
[lambdathemes.in/admin1/500.html]
[lambdathemes.in/admin1/invoiceca00.html]
[lambdathemes.in/admin1/invoiceaf91.html]
[lambdathemes.in/admin1/assets/plugins/jqvmap/maps/jquery.vmap.world.js]
[lambdathemes.in/admin1/invoice0e99.html]
[lambdathemes.in/admin1/invoice13d4.html]
[lambdathemes.in/admin1/invoice938c.html]
[lambdathemes.in/admin1/invoice4965.html]
[lambdathemes.in/admin1/invoice.html]
[lambdathemes.in/admin1/assets/images/signature.png]
[lambdathemes.in/admin1/faqca00.html]
[lambdathemes.in/admin1/faqaf91.html]
[lambdathemes.in/admin1/faq0e99.html]
[lambdathemes.in/admin1/faq13d4.html]
[lambdathemes.in/admin1/faq938c.html]
[lambdathemes.in/admin1/faq4965.html]
[lambdathemes.in/admin1/faq.html]
[lambdathemes.in/admin1/todoca00.html]
[lambdathemes.in/admin1/todoaf91.html]
[lambdathemes.in/admin1/todo0e99.html]
[lambdathemes.in/admin1/todo13d4.html]
[lambdathemes.in/admin1/todo938c.html]
[lambdathemes.in/admin1/todo4965.html]
[lambdathemes.in/admin1/assets/js/pages/todo.js]
[lambdathemes.in/admin1/todo.html]
[lambdathemes.in/admin1/assets/plugins/pricing-tables/css/style.css]
[lambdathemes.in/admin1/pricing-tablesca00.html]
[lambdathemes.in/admin1/pricing-tablesaf91.html]
[lambdathemes.in/admin1/pricing-tables0e99.html]
[lambdathemes.in/admin1/pricing-tables13d4.html]
[lambdathemes.in/admin1/pricing-tables938c.html]
[lambdathemes.in/admin1/pricing-tables4965.html]
[lambdathemes.in/admin1/pricing-tables.html]
[lambdathemes.in/admin1/assets/plugins/pricing-tables/js/main.js]
[lambdathemes.in/admin1/assets/plugins/product-preview-slider/css/style.css]
[lambdathemes.in/admin1/assets/plugins/checkoutconcepts/css/checkout-cornerflat.css]
[lambdathemes.in/admin1/shopca00.html]
[lambdathemes.in/admin1/shopaf91.html]
[lambdathemes.in/admin1/shop0e99.html]
[lambdathemes.in/admin1/shop13d4.html]
[lambdathemes.in/admin1/shop938c.html]
[lambdathemes.in/admin1/shop4965.html]
[lambdathemes.in/admin1/assets/images/shop/ugmonk-tshirt-1.jpg]
[lambdathemes.in/admin1/assets/images/shop/ugmonk-tshirt-2.jpg]
[lambdathemes.in/admin1/assets/images/shop/ugmonk-tshirt-3.jpg]
[lambdathemes.in/admin1/assets/images/shop/ugmonk-cap-1.jpg]
[lambdathemes.in/admin1/assets/images/shop/ugmonk-cap-2.jpg]
[lambdathemes.in/admin1/assets/images/shop/ugmonk-cap-3.jpg]
[lambdathemes.in/admin1/assets/images/shop/ugmonk-bag-1.jpg]
[lambdathemes.in/admin1/assets/images/shop/ugmonk-bag-2.jpg]
[lambdathemes.in/admin1/assets/images/shop/ugmonk-bag-3.jpg]
[lambdathemes.in/admin1/assets/plugins/product-preview-slider/js/jquery.mobile.min.js]
[lambdathemes.in/admin1/assets/plugins/product-preview-slider/js/main.js]
[lambdathemes.in/admin1/shop.html]
[lambdathemes.in/admin1/assets/js/pages/shop.js]
[lambdathemes.in/admin1/assets/plugins/gridgallery/css/component.css]
[lambdathemes.in/admin1/galleryca00.html]
[lambdathemes.in/admin1/galleryaf91.html]
[lambdathemes.in/admin1/gallery0e99.html]
[lambdathemes.in/admin1/gallery13d4.html]
[lambdathemes.in/admin1/gallery938c.html]
[lambdathemes.in/admin1/gallery4965.html]
[lambdathemes.in/admin1/assets/images/gallery/book01.jpg]
[lambdathemes.in/admin1/assets/images/gallery/book02.jpg]
[lambdathemes.in/admin1/assets/images/gallery/book03.jpg]
[lambdathemes.in/admin1/assets/images/gallery/book04.jpg]
[lambdathemes.in/admin1/assets/images/gallery/book05.jpg]
[lambdathemes.in/admin1/assets/images/gallery/book06.jpg]
[lambdathemes.in/admin1/assets/images/gallery/book07.jpg]
[lambdathemes.in/admin1/assets/images/gallery/card01.jpg]
[lambdathemes.in/admin1/assets/images/gallery/card02.jpg]
[lambdathemes.in/admin1/assets/images/gallery/card03.jpg]
[lambdathemes.in/admin1/assets/images/gallery/card04.jpg]
[lambdathemes.in/admin1/assets/images/gallery/card05.jpg]
[lambdathemes.in/admin1/assets/images/gallery/card06.jpg]
[lambdathemes.in/admin1/assets/images/gallery/card07.jpg]
[lambdathemes.in/admin1/assets/images/gallery/card08.jpg]
[lambdathemes.in/admin1/assets/images/gallery/card09.jpg]
[lambdathemes.in/admin1/assets/images/gallery/card10.jpg]
[lambdathemes.in/admin1/assets/images/gallery/card11.jpg]
[lambdathemes.in/admin1/assets/images/gallery/card12.jpg]
[lambdathemes.in/admin1/assets/images/gallery/card13.jpg]
[lambdathemes.in/admin1/assets/images/gallery/card14.jpg]
[lambdathemes.in/admin1/assets/images/gallery/card15.jpg]
[lambdathemes.in/admin1/assets/images/gallery/card16.jpg]
[lambdathemes.in/admin1/assets/images/gallery/card17.jpg]
[lambdathemes.in/admin1/assets/plugins/gridgallery/js/imagesloaded.pkgd.min.js]
[lambdathemes.in/admin1/assets/plugins/gridgallery/js/masonry.pkgd.min.js]
[lambdathemes.in/admin1/assets/plugins/gridgallery/js/classie.js]
[lambdathemes.in/admin1/assets/plugins/gridgallery/js/cbpgridgallery.js]
[lambdathemes.in/admin1/gallery.html]
[lambdathemes.in/admin1/assets/js/pages/gallery.js]
[lambdathemes.in/admin1/assets/plugins/vertical-timeline/css/style.css]
[lambdathemes.in/admin1/timelineca00.html]
[lambdathemes.in/admin1/timelineaf91.html]
[lambdathemes.in/admin1/timeline0e99.html]
[lambdathemes.in/admin1/timeline13d4.html]
[lambdathemes.in/admin1/timeline938c.html]
[lambdathemes.in/admin1/timeline4965.html]
[lambdathemes.in/admin1/assets/plugins/vertical-timeline/js/main.js]
[lambdathemes.in/admin1/timeline.html]
[lambdathemes.in/admin1/assets/js/pages/timeline.js]
[lambdathemes.in/admin1/searchca00.html]
[lambdathemes.in/admin1/searchaf91.html]
[lambdathemes.in/admin1/search0e99.html]
[lambdathemes.in/admin1/search13d4.html]
[lambdathemes.in/admin1/search938c.html]
[lambdathemes.in/admin1/search.html]
[lambdathemes.in/admin1/search4965.html]
[lambdathemes.in/admin1/assets/plugins/jquery-countdown/jquery.countdown.min.js]
[lambdathemes.in/admin1/coming-soon.html]
[lambdathemes.in/admin1/assets/js/pages/coming-soon.js]
[lambdathemes.in/admin1/contactca00.html]
[lambdathemes.in/admin1/contactaf91.html]
[lambdathemes.in/admin1/contact0e99.html]
[lambdathemes.in/admin1/contact13d4.html]
[lambdathemes.in/admin1/contact938c.html]
[lambdathemes.in/admin1/contact4965.html]
[lambdathemes.in/admin1/contact.html]
[lambdathemes.in/admin2/assets/plugins/pace-master/themes/blue/pace-theme-flash.css]
[lambdathemes.in/admin1/assets/js/pages/contact.js]
[lambdathemes.in/admin2/assets/plugins/uniform/images/sprite.png]
[lambdathemes.in/admin2/assets/plugins/uniform/images/bg-input.png]
[lambdathemes.in/admin2/assets/plugins/uniform/css/uniform.default.min.css]
[lambdathemes.in/admin2/assets/plugins/uniform/images/bg-input-focus.png]
[lambdathemes.in/admin2/assets/plugins/bootstrap/fonts/glyphicons-halflings-regular.eot]
[lambdathemes.in/admin2/assets/plugins/bootstrap/fonts/glyphicons-halflings-regulard41d.eot]
[lambdathemes.in/admin2/assets/plugins/bootstrap/fonts/glyphicons-halflings-regular.woff2]
[lambdathemes.in/admin2/assets/plugins/bootstrap/fonts/glyphicons-halflings-regular.woff]
[lambdathemes.in/admin2/assets/plugins/bootstrap/fonts/glyphicons-halflings-regular.ttf]
[lambdathemes.in/admin2/assets/plugins/bootstrap/css/bootstrap.min.css]
[lambdathemes.in/admin2/assets/plugins/bootstrap/fonts/glyphicons-halflings-regular.svg]
[lambdathemes.in/admin2/assets/plugins/fontawesome/fonts/fontawesome-webfonte0a5.eot]
[lambdathemes.in/admin2/assets/plugins/fontawesome/fonts/fontawesome-webfontd41d.eot]
[lambdathemes.in/admin2/assets/plugins/fontawesome/fonts/fontawesome-webfonte0a5.woff2]
[lambdathemes.in/admin2/assets/plugins/fontawesome/fonts/fontawesome-webfonte0a5.woff]
[lambdathemes.in/admin2/assets/plugins/fontawesome/fonts/fontawesome-webfonte0a5.ttf]
[lambdathemes.in/admin2/assets/plugins/fontawesome/fonts/fontawesome-webfonte0a5.svg]
[lambdathemes.in/admin2/assets/plugins/fontawesome/css/font-awesome.css]
[lambdathemes.in/admin2/assets/plugins/line-icons/fonts/Simple-Line-Icons.eot]
[lambdathemes.in/admin2/assets/plugins/line-icons/fonts/Simple-Line-Iconsd41d.eot]
[lambdathemes.in/admin2/assets/plugins/line-icons/fonts/Simple-Line-Icons.woff]
[lambdathemes.in/admin2/assets/plugins/line-icons/fonts/Simple-Line-Icons.ttf]
[lambdathemes.in/admin2/assets/plugins/line-icons/simple-line-icons.css]
[lambdathemes.in/admin2/assets/plugins/waves/waves.min.css]
[lambdathemes.in/admin2/assets/plugins/switchery/switchery.min.css]
[lambdathemes.in/admin2/assets/plugins/3d-bold-navigation/css/style.css]
[lambdathemes.in/admin2/assets/plugins/slidepushmenus/css/component.css]
[lambdathemes.in/admin2/assets/plugins/line-icons/fonts/Simple-Line-Icons.svg]
[lambdathemes.in/admin2/assets/plugins/weather-icons-master/font/weathericons-regular-webfont.eot]
[lambdathemes.in/admin2/assets/plugins/weather-icons-master/font/weathericons-regular-webfontd41d.eot]
[lambdathemes.in/admin2/assets/plugins/weather-icons-master/font/weathericons-regular-webfont.woff]
[lambdathemes.in/admin2/assets/plugins/weather-icons-master/font/weathericons-regular-webfont.ttf]
[lambdathemes.in/admin2/assets/plugins/weather-icons-master/css/weather-icons.min.css]
[lambdathemes.in/admin2/assets/plugins/weather-icons-master/font/weathericons-regular-webfont.svg]
[lambdathemes.in/admin2/assets/plugins/metrojs/images/metroIcons_light.jpg]
[lambdathemes.in/admin2/assets/plugins/metrojs/images/metroIcons.jpg]
[lambdathemes.in/admin2/assets/plugins/metrojs/MetroJs.min.css]
[lambdathemes.in/admin2/assets/plugins/toastr/toastr.min.css]
[lambdathemes.in/admin2/assets/images/profile-cover.png]
[lambdathemes.in/admin2/assets/images/coming-soon.jpg]
[lambdathemes.in/admin2/assets/css/modern.min.css]
[lambdathemes.in/admin2/assets/css/custom.css]
[lambdathemes.in/admin2/index-2.html]
[lambdathemes.in/admin2/assets/images/profile-picture.png]
[lambdathemes.in/admin2/assets/images/post-image.jpg]
[lambdathemes.in/admin2/assets/js/pages/profile.js]
[lambdathemes.in/admin2/profile.html]
[lambdathemes.in/admin2/assets/plugins/fullcalendar/fullcalendar.min.css]
[lambdathemes.in/admin2/assets/plugins/fullcalendar/lib/moment.min.js]
[lambdathemes.in/admin2/assets/plugins/fullcalendar/fullcalendar.min.js]
[lambdathemes.in/admin2/calendar.html]
[lambdathemes.in/admin2/assets/js/pages/calendar.js]
[lambdathemes.in/admin2/inbox.html]
[lambdathemes.in/admin2/assets/js/pages/inbox.js]
[lambdathemes.in/admin2/lock-screen.html]
[lambdathemes.in/admin2/login.html]
[lambdathemes.in/admin2/assets/images/profile-menu-image.png]
[lambdathemes.in/admin2/assets/images/attachment1.jpg]
[lambdathemes.in/admin2/assets/images/attachment2.jpg]
[lambdathemes.in/admin2/message-view.html]
[lambdathemes.in/admin2/assets/plugins/summernote-master/summernote.css]
[lambdathemes.in/admin2/assets/plugins/summernote-master/summernote.min.js]
[lambdathemes.in/admin2/assets/js/pages/compose.js]
[lambdathemes.in/admin2/compose.html]
[lambdathemes.in/admin2/ui-alerts.html]
[lambdathemes.in/admin2/ui-buttons.html]
[lambdathemes.in/admin2/ui-icons.html]
[lambdathemes.in/admin2/ui-typography.html]
[lambdathemes.in/admin2/assets/js/pages/notifications.js]
[lambdathemes.in/admin2/ui-notifications.html]
[lambdathemes.in/admin2/ui-grid.html]
[lambdathemes.in/admin2/ui-tabs-accordions.html]
[lambdathemes.in/admin2/ui-modals.html]
[lambdathemes.in/admin2/ui-panels.html]
[lambdathemes.in/admin2/ui-progress.html]
[lambdathemes.in/admin2/assets/plugins/ion.rangeslider/css/ion.rangeSlider.css]
[lambdathemes.in/admin2/assets/plugins/ion.rangeslider/css/ion.rangeSlider.skinFlat.css]
[lambdathemes.in/admin2/assets/plugins/ion.rangeslider/js/ion-rangeSlider/ion.rangeSlider.min.js]
[lambdathemes.in/admin2/assets/js/pages/ui-sliders.js]
[lambdathemes.in/admin2/ui-sliders.html]
[lambdathemes.in/admin2/assets/plugins/nestable/nestable.css]
[lambdathemes.in/admin2/assets/plugins/nestable/jquery.nestable.js]
[lambdathemes.in/admin2/assets/js/pages/nestable.js]
[lambdathemes.in/admin2/ui-nestable.html]
[lambdathemes.in/admin2/assets/plugins/jstree/themes/default/style.min.css]
[lambdathemes.in/admin2/assets/js/pages/jstree.js]
[lambdathemes.in/admin2/ui-tree-view.html]
[lambdathemes.in/admin2/layout-blank.html]
[lambdathemes.in/admin2/layout-fixed-sidebar.html]
[lambdathemes.in/admin2/layout-static-header.html]
[lambdathemes.in/admin2/layout-collapsed-sidebar.html]
[lambdathemes.in/admin2/layout-large-menu.html]
[lambdathemes.in/admin2/table-static.html]
[lambdathemes.in/admin2/table-responsive.html]
[lambdathemes.in/admin2/assets/plugins/datatables/css/jquery.datatables.min.css]
[lambdathemes.in/admin2/assets/plugins/datatables/css/jquery.datatables_themeroller.css]
[lambdathemes.in/admin2/assets/plugins/x-editable/bootstrap3-editable/css/bootstrap-editable.css]
[lambdathemes.in/admin2/assets/plugins/bootstrap-datepicker/css/datepicker3.css]
[lambdathemes.in/admin2/assets/plugins/jstree/jstree.min.js]
[lambdathemes.in/admin2/assets/plugins/jquery-mockjax-master/jquery.mockjax.js]
[lambdathemes.in/admin2/assets/plugins/moment/moment.js]
[lambdathemes.in/admin2/assets/plugins/datatables/js/jquery.datatables.min.js]
[lambdathemes.in/admin2/assets/plugins/bootstrap-datepicker/js/bootstrap-datepicker.js]
[lambdathemes.in/admin2/assets/js/pages/table-data.js]
[lambdathemes.in/admin2/table-data.html]
[lambdathemes.in/admin2/assets/plugins/bootstrap-colorpicker/css/colorpicker.css]
[lambdathemes.in/admin2/assets/plugins/bootstrap-tagsinput/bootstrap-tagsinput.css]
[lambdathemes.in/admin2/assets/plugins/bootstrap-timepicker/css/bootstrap-timepicker.min.css]
[lambdathemes.in/admin2/assets/plugins/bootstrap-colorpicker/js/bootstrap-colorpicker.js]
[lambdathemes.in/admin2/assets/plugins/x-editable/bootstrap3-editable/js/bootstrap-editable.js]
[lambdathemes.in/admin2/assets/plugins/bootstrap-tagsinput/bootstrap-tagsinput.min.js]
[lambdathemes.in/admin2/assets/plugins/bootstrap-timepicker/js/bootstrap-timepicker.min.js]
[lambdathemes.in/admin2/form-elements.html]
[lambdathemes.in/admin2/assets/js/pages/form-elements.js]
[lambdathemes.in/admin2/assets/images/envato-logo.png]
[lambdathemes.in/admin2/assets/plugins/twitter-bootstrap-wizard/jquery.bootstrap.wizard.min.js]
[lambdathemes.in/admin2/form-wizard.html]
[lambdathemes.in/admin2/assets/js/pages/form-wizard.js]
[lambdathemes.in/admin2/assets/plugins/jquery-validation/jquery.validate.min.js]
[lambdathemes.in/admin2/assets/plugins/dropzone/dropzone.min.css]
[lambdathemes.in/admin2/assets/plugins/plupload/js/jquery.plupload.queue/css/jquery.plupload.queue.css]
[lambdathemes.in/admin2/assets/plugins/dropzone/dropzone.min.js]
[lambdathemes.in/admin2/assets/plugins/plupload/js/jquery.plupload.queue/jquery.plupload.queue.min.js]
[lambdathemes.in/admin2/form-upload.html]
[lambdathemes.in/admin2/assets/js/pages/form-plupload.js]
[lambdathemes.in/admin2/assets/plugins/image-cropper/cropper.min.css]
[lambdathemes.in/admin2/assets/images/crop.jpg]
[lambdathemes.in/admin2/assets/plugins/image-cropper/cropper.min.js]
[lambdathemes.in/admin2/assets/js/pages/form-image-crop.js]
[lambdathemes.in/admin2/form-image-crop.html]
[lambdathemes.in/admin2/assets/plugins/plupload/js/plupload.full.min.js]
[lambdathemes.in/admin2/assets/images/zoom/small/image1.jpg]
[lambdathemes.in/admin2/assets/images/zoom/small/image2.jpg]
[lambdathemes.in/admin2/assets/images/zoom/small/image3.jpg]
[lambdathemes.in/admin2/assets/images/zoom/small/image4.jpg]
[lambdathemes.in/admin2/assets/plugins/elevatezoom/jquery.elevatezoom-3.0.8.min.js]
[lambdathemes.in/admin2/assets/js/pages/form-image-zoom.js]
[lambdathemes.in/admin2/form-image-zoom.html]
[lambdathemes.in/admin2/assets/plugins/select2/css/select2.min.css]
[lambdathemes.in/admin2/assets/js/pages/form-select2.js]
[lambdathemes.in/admin2/form-select2.html]
[lambdathemes.in/admin2/assets/plugins/x-editable/inputs-ext/typeaheadjs/lib/typeahead.js-bootstrap.css]
[lambdathemes.in/admin2/assets/plugins/bootstrap-datetimepicker/css/bootstrap-datetimepicker.min.css]
[lambdathemes.in/admin2/assets/plugins/select2/js/select2.min.js]
[lambdathemes.in/admin2/assets/plugins/x-editable/inputs-ext/typeaheadjs/typeaheadjs.js]
[lambdathemes.in/admin2/assets/plugins/x-editable/inputs-ext/address/address.js]
[lambdathemes.in/admin2/assets/plugins/x-editable/inputs-ext/typeaheadjs/lib/typeahead.js]
[lambdathemes.in/admin2/assets/plugins/bootstrap-datetimepicker/js/bootstrap-datetimepicker.min.js]
[lambdathemes.in/admin2/assets/plugins/select2/js/select2.full.min.js]
[lambdathemes.in/admin2/form-x-editable.html]
[lambdathemes.in/admin2/assets/js/pages/form-x-editable.js]
[lambdathemes.in/admin2/charts-sparkline.html]
[lambdathemes.in/admin2/assets/js/pages/charts-sparkline.js]
[lambdathemes.in/admin2/assets/plugins/rickshaw/rickshaw.min.css]
[lambdathemes.in/admin2/assets/plugins/jquery-sparkline/jquery.sparkline.min.js]
[lambdathemes.in/admin2/assets/plugins/d3/d3.layout.min.js]
[lambdathemes.in/admin2/assets/plugins/d3/d3.min.js]
[lambdathemes.in/admin2/assets/js/pages/charts-rickshaw.js]
[lambdathemes.in/admin2/charts-rickshaw.html]
[lambdathemes.in/admin2/assets/plugins/rickshaw/rickshaw.min.js]
[lambdathemes.in/admin2/assets/plugins/morris/morris.css]
[lambdathemes.in/admin2/assets/js/pages/charts-morris.js]
[lambdathemes.in/admin2/charts-morris.html]
[lambdathemes.in/admin2/assets/plugins/morris/morris.min.js]
[lambdathemes.in/admin2/assets/plugins/flot/jquery.flot.pie.min.js]
[lambdathemes.in/admin2/assets/plugins/morris/raphael.min.js]
[lambdathemes.in/admin2/charts-flotchart.html]
[lambdathemes.in/admin2/assets/js/pages/charts-flot.js]
[lambdathemes.in/admin2/charts-chartjs.html]
[lambdathemes.in/admin2/login-alt.html]
[lambdathemes.in/admin2/register.html]
[lambdathemes.in/admin2/register-alt.html]
[lambdathemes.in/admin2/forgot.html]
[lambdathemes.in/admin2/assets/js/pages/charts-chartjs.js]
[lambdathemes.in/admin2/maps-google.html]
[lambdathemes.in/admin2/assets/js/pages/maps-google.js]
[lambdathemes.in/admin2/assets/plugins/chartsjs/Chart.min.js]
[lambdathemes.in/admin2/assets/plugins/jqvmap/jqvmap.css]
[lambdathemes.in/admin2/assets/plugins/jqvmap/jquery.vmap.min.js]
[lambdathemes.in/admin2/assets/plugins/jqvmap/data/jquery.vmap.sampledata.js]
[lambdathemes.in/admin2/maps-vector.html]
[lambdathemes.in/admin2/404.html]
[lambdathemes.in/admin2/500.html]
[lambdathemes.in/admin2/assets/js/pages/maps-vector.js]
[lambdathemes.in/admin2/assets/plugins/jqvmap/maps/jquery.vmap.world.js]
[lambdathemes.in/admin2/invoice.html]
[lambdathemes.in/admin2/faq.html]
[lambdathemes.in/admin2/assets/images/signature.png]
[lambdathemes.in/admin2/todo.html]
[lambdathemes.in/admin2/assets/js/pages/todo.js]
[lambdathemes.in/admin2/assets/plugins/pricing-tables/css/style.css]
[lambdathemes.in/admin2/pricing-tables.html]
[lambdathemes.in/admin2/assets/plugins/pricing-tables/js/main.js]
[lambdathemes.in/admin2/assets/plugins/product-preview-slider/css/style.css]
[lambdathemes.in/admin2/assets/images/shop/ugmonk-tshirt-1.jpg]
[lambdathemes.in/admin2/assets/images/shop/ugmonk-tshirt-2.jpg]
[lambdathemes.in/admin2/assets/images/shop/ugmonk-tshirt-3.jpg]
[lambdathemes.in/admin2/assets/images/shop/ugmonk-cap-1.jpg]
[lambdathemes.in/admin2/assets/images/shop/ugmonk-cap-2.jpg]
[lambdathemes.in/admin2/assets/images/shop/ugmonk-cap-3.jpg]
[lambdathemes.in/admin2/assets/images/shop/ugmonk-bag-1.jpg]
[lambdathemes.in/admin2/assets/images/shop/ugmonk-bag-2.jpg]
[lambdathemes.in/admin2/assets/images/shop/ugmonk-bag-3.jpg]
[lambdathemes.in/admin2/assets/plugins/gridgallery/js/imagesloaded.pkgd.min.js]
[lambdathemes.in/admin2/assets/plugins/gridgallery/js/masonry.pkgd.min.js]
[lambdathemes.in/admin2/assets/plugins/gridgallery/js/classie.js]
[lambdathemes.in/admin2/assets/plugins/gridgallery/js/cbpgridgallery.js]
[lambdathemes.in/admin2/shop.html]
[lambdathemes.in/admin2/assets/plugins/product-preview-slider/js/main.js]
[lambdathemes.in/admin2/assets/plugins/gridgallery/css/component.css]
[lambdathemes.in/admin2/assets/images/gallery/book01.jpg]
[lambdathemes.in/admin2/assets/images/gallery/book02.jpg]
[lambdathemes.in/admin2/assets/images/gallery/book03.jpg]
[lambdathemes.in/admin2/assets/images/gallery/book04.jpg]
[lambdathemes.in/admin2/assets/images/gallery/book05.jpg]
[lambdathemes.in/admin2/assets/images/gallery/book06.jpg]
[lambdathemes.in/admin2/assets/images/gallery/book07.jpg]
[lambdathemes.in/admin2/assets/images/gallery/card01.jpg]
[lambdathemes.in/admin2/assets/images/gallery/card02.jpg]
[lambdathemes.in/admin2/assets/images/gallery/card03.jpg]
[lambdathemes.in/admin2/assets/images/gallery/card04.jpg]
[lambdathemes.in/admin2/assets/images/gallery/card05.jpg]
[lambdathemes.in/admin2/assets/images/gallery/card06.jpg]
[lambdathemes.in/admin2/assets/images/gallery/card07.jpg]
[lambdathemes.in/admin2/assets/images/gallery/card08.jpg]
[lambdathemes.in/admin2/assets/images/gallery/card09.jpg]
[lambdathemes.in/admin2/assets/images/gallery/card10.jpg]
[lambdathemes.in/admin2/assets/images/gallery/card11.jpg]
[lambdathemes.in/admin2/assets/images/gallery/card12.jpg]
[lambdathemes.in/admin2/assets/images/gallery/card13.jpg]
[lambdathemes.in/admin2/assets/images/gallery/card14.jpg]
[lambdathemes.in/admin2/assets/images/gallery/card15.jpg]
[lambdathemes.in/admin2/assets/images/gallery/card16.jpg]
[lambdathemes.in/admin2/assets/images/gallery/card17.jpg]
[lambdathemes.in/admin2/assets/js/pages/gallery.js]
[lambdathemes.in/admin2/gallery.html]
[lambdathemes.in/admin2/assets/plugins/vertical-timeline/css/style.css]
[lambdathemes.in/admin2/assets/plugins/vertical-timeline/js/main.js]
[lambdathemes.in/admin2/assets/js/pages/timeline.js]
[lambdathemes.in/admin2/timeline.html]
[lambdathemes.in/admin2/search.html]
[lambdathemes.in/admin2/assets/plugins/jquery-countdown/jquery.countdown.min.js]
[lambdathemes.in/admin2/coming-soon.html]
[lambdathemes.in/admin2/assets/js/pages/coming-soon.js]
[lambdathemes.in/admin2/contact.html]
[lambdathemes.in/landing/assets/plugins/pace-master/themes/blue/pace-theme-flash.css]
[lambdathemes.in/admin2/assets/js/pages/contact.js]
[lambdathemes.in/landing/assets/plugins/uniform/images/sprite.png]
[lambdathemes.in/landing/assets/plugins/uniform/images/bg-input.png]
[lambdathemes.in/landing/assets/plugins/uniform/css/uniform.default.min.css]
[lambdathemes.in/landing/assets/plugins/uniform/images/bg-input-focus.png]
[lambdathemes.in/landing/assets/plugins/bootstrap/fonts/glyphicons-halflings-regular.eot]
[lambdathemes.in/landing/assets/plugins/bootstrap/fonts/glyphicons-halflings-regulard41d.eot]
[lambdathemes.in/landing/assets/plugins/bootstrap/fonts/glyphicons-halflings-regular.woff2]
[lambdathemes.in/landing/assets/plugins/bootstrap/fonts/glyphicons-halflings-regular.woff]
[lambdathemes.in/landing/assets/plugins/bootstrap/fonts/glyphicons-halflings-regular.ttf]
[lambdathemes.in/landing/assets/plugins/bootstrap/fonts/glyphicons-halflings-regular.svg]
[lambdathemes.in/landing/assets/plugins/bootstrap/css/bootstrap.min.css]
[lambdathemes.in/landing/assets/plugins/fontawesome/fonts/fontawesome-webfonte0a5.eot]
[lambdathemes.in/landing/assets/plugins/fontawesome/fonts/fontawesome-webfontd41d.eot]
[lambdathemes.in/landing/assets/plugins/fontawesome/fonts/fontawesome-webfonte0a5.woff2]
[lambdathemes.in/landing/assets/plugins/fontawesome/fonts/fontawesome-webfonte0a5.woff]
[lambdathemes.in/landing/assets/plugins/fontawesome/fonts/fontawesome-webfonte0a5.ttf]
[lambdathemes.in/landing/assets/plugins/fontawesome/fonts/fontawesome-webfonte0a5.svg]
[lambdathemes.in/landing/assets/plugins/fontawesome/css/font-awesome.css]
[lambdathemes.in/landing/assets/plugins/animate/animate.css]
[lambdathemes.in/landing/assets/plugins/tabstylesinspiration/css/tabs.css]
[lambdathemes.in/landing/assets/plugins/tabstylesinspiration/css/tabstyles.css]
[lambdathemes.in/landing/assets/plugins/pricing-tables/img/cd-icon-small-arrow.svg]
[lambdathemes.in/landing/assets/plugins/pricing-tables/css/style.css]
[lambdathemes.in/landing/assets/images/bg.jpg]
[lambdathemes.in/landing/assets/images/testimonials.jpg]
[lambdathemes.in/landing/assets/css/landing.css]
[lambdathemes.in/simple_showcase/assets/plugins/pace-master/themes/blue/pace-theme-flash.css]
[lambdathemes.in/simple_showcase/assets/plugins/uniform/images/sprite.png]
[lambdathemes.in/simple_showcase/assets/plugins/uniform/images/bg-input.png]
[lambdathemes.in/simple_showcase/assets/plugins/uniform/css/uniform.default.min.css]
[lambdathemes.in/simple_showcase/assets/plugins/uniform/images/bg-input-focus.png]
[lambdathemes.in/simple_showcase/assets/plugins/bootstrap/fonts/glyphicons-halflings-regular.eot]
[lambdathemes.in/simple_showcase/assets/plugins/bootstrap/fonts/glyphicons-halflings-regulard41d.eot]
[lambdathemes.in/simple_showcase/assets/plugins/bootstrap/fonts/glyphicons-halflings-regular.woff2]
[lambdathemes.in/simple_showcase/assets/plugins/bootstrap/fonts/glyphicons-halflings-regular.woff]
[lambdathemes.in/simple_showcase/assets/plugins/bootstrap/fonts/glyphicons-halflings-regular.ttf]
[lambdathemes.in/simple_showcase/assets/plugins/bootstrap/fonts/glyphicons-halflings-regular.svg]
[lambdathemes.in/simple_showcase/assets/plugins/bootstrap/css/bootstrap.min.css]
[lambdathemes.in/simple_showcase/assets/plugins/fontawesome/fonts/fontawesome-webfonte0a5.eot]
[lambdathemes.in/simple_showcase/assets/plugins/fontawesome/fonts/fontawesome-webfontd41d.eot]
[lambdathemes.in/simple_showcase/assets/plugins/fontawesome/fonts/fontawesome-webfonte0a5.woff2]
[lambdathemes.in/simple_showcase/assets/plugins/fontawesome/fonts/fontawesome-webfonte0a5.woff]
[lambdathemes.in/simple_showcase/assets/plugins/fontawesome/fonts/fontawesome-webfonte0a5.ttf]
[lambdathemes.in/simple_showcase/assets/plugins/fontawesome/fonts/fontawesome-webfonte0a5.svg]
[lambdathemes.in/simple_showcase/assets/plugins/fontawesome/css/font-awesome.css]
[lambdathemes.in/simple_showcase/assets/plugins/animate/animate.css]
[lambdathemes.in/simple_showcase/assets/plugins/vertical-fixed-navigation/css/style.css]
[lambdathemes.in/simple_showcase/assets/plugins/imagetilteffect/css/tilteffect.css]
[lambdathemes.in/simple_showcase/assets/plugins/imagetilteffect/img/1.jpg]
[lambdathemes.in/simple_showcase/assets/plugins/imagetilteffect/css/demo.css]
[lambdathemes.in/simple_showcase/assets/css/showcase.css]
[lambdathemes.in/admin1/assets/plugins/bootstrap/fonts/glyphicons-halflings-regular.svg]
[lambdathemes.in/admin1/assets/plugins/fontawesome/fonts/fontawesome-webfonte0a5.svg]
[lambdathemes.in/admin1/assets/plugins/line-icons/fonts/Simple-Line-Icons.svg]
[lambdathemes.in/admin1/assets/plugins/weather-icons-master/font/weathericons-regular-webfont.svg]
[lambdathemes.in/admin1/indexca00-2.html]
[lambdathemes.in/admin1/indexaf91-2.html]
[lambdathemes.in/admin1/index0e99-2.html]
[lambdathemes.in/admin1/index13d4-2.html]
[lambdathemes.in/admin1/index938c-2.html]
[lambdathemes.in/admin1/index4965-2.html]
[lambdathemes.in/admin1/assets/css/modern.css]
[lambdathemes.in/admin1/profileca00.html]
[lambdathemes.in/admin1/profileaf91.html]
[lambdathemes.in/admin1/profile0e99.html]
[lambdathemes.in/admin1/profile13d4.html]
[lambdathemes.in/admin1/profile938c.html]
[lambdathemes.in/admin1/profile4965.html]
[lambdathemes.in/admin1/assets/plugins/fullcalendar/fullcalendar.min.css]
[lambdathemes.in/admin1/calendarca00.html]
[lambdathemes.in/admin1/calendaraf91.html]
[lambdathemes.in/admin1/calendar0e99.html]
[lambdathemes.in/admin1/calendar13d4.html]
[lambdathemes.in/admin1/calendar938c.html]
[lambdathemes.in/admin1/calendar4965.html]
[lambdathemes.in/admin1/inboxca00.html]
[lambdathemes.in/admin1/inboxaf91.html]
[lambdathemes.in/admin1/inbox0e99.html]
[lambdathemes.in/admin1/inbox13d4.html]
[lambdathemes.in/admin1/inbox938c.html]
[lambdathemes.in/admin1/inbox4965.html]
[lambdathemes.in/admin1/inbox-altca00.html]
[lambdathemes.in/admin1/inbox-altaf91.html]
[lambdathemes.in/admin1/inbox-alt0e99.html]
[lambdathemes.in/admin1/inbox-alt13d4.html]
[lambdathemes.in/admin1/inbox-alt938c.html]
[lambdathemes.in/admin1/inbox-alt4965.html]
[lambdathemes.in/admin1/message-viewca00.html]
[lambdathemes.in/admin1/message-viewaf91.html]
[lambdathemes.in/admin1/message-view0e99.html]
[lambdathemes.in/admin1/message-view13d4.html]
[lambdathemes.in/admin1/message-view938c.html]
[lambdathemes.in/admin1/message-view4965.html]
[lambdathemes.in/admin1/message-view-altca00.html]
[lambdathemes.in/admin1/message-view-altaf91.html]
[lambdathemes.in/admin1/message-view-alt0e99.html]
[lambdathemes.in/admin1/message-view-alt13d4.html]
[lambdathemes.in/admin1/message-view-alt938c.html]
[lambdathemes.in/admin1/message-view-alt4965.html]
[lambdathemes.in/admin1/assets/plugins/summernote-master/summernote.css]
[lambdathemes.in/admin1/composeca00.html]
[lambdathemes.in/admin1/composeaf91.html]
[lambdathemes.in/admin1/compose0e99.html]
[lambdathemes.in/admin1/compose13d4.html]
[lambdathemes.in/admin1/compose938c.html]
[lambdathemes.in/admin1/compose4965.html]
[lambdathemes.in/admin1/compose-altca00.html]
[lambdathemes.in/admin1/compose-altaf91.html]
[lambdathemes.in/admin1/compose-alt0e99.html]
[lambdathemes.in/admin1/compose-alt13d4.html]
[lambdathemes.in/admin1/compose-alt938c.html]
[lambdathemes.in/admin1/compose-alt4965.html]
[lambdathemes.in/admin1/ui-alertsca00.html]
[lambdathemes.in/admin1/ui-alertsaf91.html]
[lambdathemes.in/admin1/ui-alerts0e99.html]
[lambdathemes.in/admin1/ui-alerts13d4.html]
[lambdathemes.in/admin1/ui-alerts938c.html]
[lambdathemes.in/admin1/ui-alerts4965.html]
[lambdathemes.in/admin1/ui-buttonsca00.html]
[lambdathemes.in/admin1/ui-buttonsaf91.html]
[lambdathemes.in/admin1/ui-buttons0e99.html]
[lambdathemes.in/admin1/ui-buttons13d4.html]
[lambdathemes.in/admin1/ui-buttons938c.html]
[lambdathemes.in/admin1/ui-buttons4965.html]
[lambdathemes.in/admin1/ui-iconsca00.html]
[lambdathemes.in/admin1/ui-iconsaf91.html]
[lambdathemes.in/admin1/ui-icons0e99.html]
[lambdathemes.in/admin1/ui-icons13d4.html]
[lambdathemes.in/admin1/ui-icons938c.html]
[lambdathemes.in/admin1/ui-icons4965.html]
[lambdathemes.in/admin1/ui-typographyca00.html]
[lambdathemes.in/admin1/ui-typographyaf91.html]
[lambdathemes.in/admin1/ui-typography0e99.html]
[lambdathemes.in/admin1/ui-typography13d4.html]
[lambdathemes.in/admin1/ui-typography938c.html]
[lambdathemes.in/admin1/ui-typography4965.html]
[lambdathemes.in/admin1/ui-notificationsca00.html]
[lambdathemes.in/admin1/ui-notificationsaf91.html]
[lambdathemes.in/admin1/ui-notifications0e99.html]
[lambdathemes.in/admin1/ui-notifications13d4.html]
[lambdathemes.in/admin1/ui-notifications938c.html]
[lambdathemes.in/admin1/ui-notifications4965.html]
[lambdathemes.in/admin1/ui-gridca00.html]
[lambdathemes.in/admin1/ui-gridaf91.html]
[lambdathemes.in/admin1/ui-grid0e99.html]
[lambdathemes.in/admin1/ui-grid13d4.html]
[lambdathemes.in/admin1/ui-grid938c.html]
[lambdathemes.in/admin1/ui-grid4965.html]
[lambdathemes.in/admin1/ui-tabs-accordionsca00.html]
[lambdathemes.in/admin1/ui-tabs-accordionsaf91.html]
[lambdathemes.in/admin1/ui-tabs-accordions0e99.html]
[lambdathemes.in/admin1/ui-tabs-accordions13d4.html]
[lambdathemes.in/admin1/ui-tabs-accordions938c.html]
[lambdathemes.in/admin1/ui-tabs-accordions4965.html]
[lambdathemes.in/admin1/ui-modalsca00.html]
[lambdathemes.in/admin1/ui-modalsaf91.html]
[lambdathemes.in/admin1/ui-modals0e99.html]
[lambdathemes.in/admin1/ui-modals13d4.html]
[lambdathemes.in/admin1/ui-modals938c.html]
[lambdathemes.in/admin1/ui-modals4965.html]
[lambdathemes.in/admin1/ui-panelsca00.html]
[lambdathemes.in/admin1/ui-panelsaf91.html]
[lambdathemes.in/admin1/ui-panels0e99.html]
[lambdathemes.in/admin1/ui-panels13d4.html]
[lambdathemes.in/admin1/ui-panels938c.html]
[lambdathemes.in/admin1/ui-panels4965.html]
[lambdathemes.in/admin1/ui-progressca00.html]
[lambdathemes.in/admin1/ui-progressaf91.html]
[lambdathemes.in/admin1/ui-progress0e99.html]
[lambdathemes.in/admin1/ui-progress13d4.html]
[lambdathemes.in/admin1/ui-progress938c.html]
[lambdathemes.in/admin1/ui-progress4965.html]
[lambdathemes.in/admin1/assets/plugins/ion.rangeslider/css/ion.rangeSlider.css]
[lambdathemes.in/admin1/assets/plugins/ion.rangeslider/img/sprite-skin-flat.png]
[lambdathemes.in/admin1/assets/plugins/ion.rangeslider/css/ion.rangeSlider.skinFlat.css]
[lambdathemes.in/admin1/ui-slidersca00.html]
[lambdathemes.in/admin1/ui-slidersaf91.html]
[lambdathemes.in/admin1/ui-sliders0e99.html]
[lambdathemes.in/admin1/ui-sliders13d4.html]
[lambdathemes.in/admin1/ui-sliders938c.html]
[lambdathemes.in/admin1/ui-sliders4965.html]
[lambdathemes.in/admin1/assets/plugins/nestable/nestable.css]
[lambdathemes.in/admin1/ui-nestableca00.html]
[lambdathemes.in/admin1/ui-nestableaf91.html]
[lambdathemes.in/admin1/ui-nestable0e99.html]
[lambdathemes.in/admin1/ui-nestable13d4.html]
[lambdathemes.in/admin1/ui-nestable938c.html]
[lambdathemes.in/admin1/ui-nestable4965.html]
[lambdathemes.in/admin1/assets/plugins/jstree/themes/default/style.min.css]
[lambdathemes.in/admin1/ui-tree-viewca00.html]
[lambdathemes.in/admin1/ui-tree-viewaf91.html]
[lambdathemes.in/admin1/ui-tree-view0e99.html]
[lambdathemes.in/admin1/ui-tree-view13d4.html]
[lambdathemes.in/admin1/ui-tree-view938c.html]
[lambdathemes.in/admin1/ui-tree-view4965.html]
[lambdathemes.in/admin1/layout-blankca00.html]
[lambdathemes.in/admin1/layout-blankaf91.html]
[lambdathemes.in/admin1/layout-blank0e99.html]
[lambdathemes.in/admin1/layout-blank13d4.html]
[lambdathemes.in/admin1/layout-blank938c.html]
[lambdathemes.in/admin1/layout-blank4965.html]
[lambdathemes.in/admin1/layout-boxedca00.html]
[lambdathemes.in/admin1/layout-boxedaf91.html]
[lambdathemes.in/admin1/layout-boxed0e99.html]
[lambdathemes.in/admin1/layout-boxed13d4.html]
[lambdathemes.in/admin1/layout-boxed938c.html]
[lambdathemes.in/admin1/layout-boxed4965.html]
[lambdathemes.in/admin1/layout-horizontal-menuca00.html]
[lambdathemes.in/admin1/layout-horizontal-menuaf91.html]
[lambdathemes.in/admin1/layout-horizontal-menu0e99.html]
[lambdathemes.in/admin1/layout-horizontal-menu13d4.html]
[lambdathemes.in/admin1/layout-horizontal-menu938c.html]
[lambdathemes.in/admin1/layout-horizontal-menu4965.html]
[lambdathemes.in/admin1/layout-horizontal-menu-boxedca00.html]
[lambdathemes.in/admin1/layout-horizontal-menu-boxedaf91.html]
[lambdathemes.in/admin1/layout-horizontal-menu-boxed0e99.html]
[lambdathemes.in/admin1/layout-horizontal-menu-boxed13d4.html]
[lambdathemes.in/admin1/layout-horizontal-menu-boxed938c.html]
[lambdathemes.in/admin1/layout-horizontal-menu-boxed4965.html]
[lambdathemes.in/admin1/layout-horizontal-menu-minimalca00.html]
[lambdathemes.in/admin1/layout-horizontal-menu-minimalaf91.html]
[lambdathemes.in/admin1/layout-horizontal-menu-minimal0e99.html]
[lambdathemes.in/admin1/layout-horizontal-menu-minimal13d4.html]
[lambdathemes.in/admin1/layout-horizontal-menu-minimal938c.html]
[lambdathemes.in/admin1/layout-horizontal-menu-minimal4965.html]
[lambdathemes.in/admin1/layout-fixed-sidebarca00.html]
[lambdathemes.in/admin1/layout-fixed-sidebaraf91.html]
[lambdathemes.in/admin1/layout-fixed-sidebar0e99.html]
[lambdathemes.in/admin1/layout-fixed-sidebar13d4.html]
[lambdathemes.in/admin1/layout-fixed-sidebar938c.html]
[lambdathemes.in/admin1/layout-fixed-sidebar4965.html]
[lambdathemes.in/admin1/layout-static-headerca00.html]
[lambdathemes.in/admin1/layout-static-headeraf91.html]
[lambdathemes.in/admin1/layout-static-header0e99.html]
[lambdathemes.in/admin1/layout-static-header13d4.html]
[lambdathemes.in/admin1/layout-static-header938c.html]
[lambdathemes.in/admin1/layout-static-header4965.html]
[lambdathemes.in/admin1/layout-collapsed-sidebarca00.html]
[lambdathemes.in/admin1/layout-collapsed-sidebaraf91.html]
[lambdathemes.in/admin1/layout-collapsed-sidebar0e99.html]
[lambdathemes.in/admin1/layout-collapsed-sidebar13d4.html]
[lambdathemes.in/admin1/layout-collapsed-sidebar938c.html]
[lambdathemes.in/admin1/layout-collapsed-sidebar4965.html]
[lambdathemes.in/admin1/layout-compact-menuca00.html]
[lambdathemes.in/admin1/layout-compact-menuaf91.html]
[lambdathemes.in/admin1/layout-compact-menu0e99.html]
[lambdathemes.in/admin1/layout-compact-menu13d4.html]
[lambdathemes.in/admin1/layout-compact-menu938c.html]
[lambdathemes.in/admin1/layout-compact-menu4965.html]
[lambdathemes.in/admin1/layout-hover-menuca00.html]
[lambdathemes.in/admin1/layout-hover-menuaf91.html]
[lambdathemes.in/admin1/layout-hover-menu0e99.html]
[lambdathemes.in/admin1/layout-hover-menu13d4.html]
[lambdathemes.in/admin1/layout-hover-menu938c.html]
[lambdathemes.in/admin1/layout-hover-menu4965.html]
[lambdathemes.in/admin1/table-staticca00.html]
[lambdathemes.in/admin1/table-staticaf91.html]
[lambdathemes.in/admin1/table-static0e99.html]
[lambdathemes.in/admin1/table-static13d4.html]
[lambdathemes.in/admin1/table-static938c.html]
[lambdathemes.in/admin1/table-static4965.html]
[lambdathemes.in/admin1/table-responsiveca00.html]
[lambdathemes.in/admin1/table-responsiveaf91.html]
[lambdathemes.in/admin1/table-responsive0e99.html]
[lambdathemes.in/admin1/table-responsive13d4.html]
[lambdathemes.in/admin1/table-responsive938c.html]
[lambdathemes.in/admin1/table-responsive4965.html]
[lambdathemes.in/admin1/assets/plugins/datatables/images/sort_both.png]
[lambdathemes.in/admin1/assets/plugins/datatables/images/sort_asc.png]
[lambdathemes.in/admin1/assets/plugins/datatables/images/sort_desc.png]
[lambdathemes.in/admin1/assets/plugins/datatables/images/sort_asc_disabled.png]
[lambdathemes.in/admin1/assets/plugins/datatables/images/sort_desc_disabled.png]
[lambdathemes.in/admin1/assets/plugins/datatables/css/jquery.datatables.min.css]
[lambdathemes.in/admin1/assets/plugins/datatables/css/jquery.datatables_themeroller.css]
[lambdathemes.in/admin1/assets/plugins/x-editable/bootstrap3-editable/img/loading.gif]
[lambdathemes.in/admin1/assets/plugins/x-editable/bootstrap3-editable/img/clear.png]
[lambdathemes.in/admin1/assets/plugins/x-editable/bootstrap3-editable/css/bootstrap-editable.css]
[lambdathemes.in/admin1/assets/plugins/bootstrap-datepicker/css/datepicker3.css]
[lambdathemes.in/admin1/table-dataca00.html]
[lambdathemes.in/admin1/table-dataaf91.html]
[lambdathemes.in/admin1/table-data0e99.html]
[lambdathemes.in/admin1/table-data13d4.html]
[lambdathemes.in/admin1/table-data938c.html]
[lambdathemes.in/admin1/table-data4965.html]
[lambdathemes.in/admin1/assets/plugins/bootstrap-colorpicker/img/saturation.png]
[lambdathemes.in/admin1/assets/plugins/bootstrap-colorpicker/img/hue.png]
[lambdathemes.in/admin1/assets/plugins/bootstrap-colorpicker/img/alpha.png]
[lambdathemes.in/admin1/assets/plugins/bootstrap-colorpicker/css/colorpicker.css]
[lambdathemes.in/admin1/assets/plugins/bootstrap-tagsinput/bootstrap-tagsinput.css]
[lambdathemes.in/admin1/assets/plugins/bootstrap-timepicker/css/bootstrap-timepicker.min.css]
[lambdathemes.in/admin1/form-elementsca00.html]
[lambdathemes.in/admin1/form-elementsaf91.html]
[lambdathemes.in/admin1/form-elements0e99.html]
[lambdathemes.in/admin1/form-elements13d4.html]
[lambdathemes.in/admin1/form-elements938c.html]
[lambdathemes.in/admin1/form-elements4965.html]
[lambdathemes.in/admin1/form-wizardca00.html]
[lambdathemes.in/admin1/form-wizardaf91.html]
[lambdathemes.in/admin1/form-wizard0e99.html]
[lambdathemes.in/admin1/form-wizard13d4.html]
[lambdathemes.in/admin1/form-wizard938c.html]
[lambdathemes.in/admin1/form-wizard4965.html]
[lambdathemes.in/admin1/assets/plugins/dropzone/dropzone.min.css]
[lambdathemes.in/admin1/assets/plugins/plupload/js/jquery.plupload.queue/img/backgrounds.gif]
[lambdathemes.in/admin1/assets/plugins/plupload/js/jquery.plupload.queue/img/delete.gif]
[lambdathemes.in/admin1/assets/plugins/plupload/js/jquery.plupload.queue/img/error.gif]
[lambdathemes.in/admin1/assets/plugins/plupload/js/jquery.plupload.queue/img/done.gif]
[lambdathemes.in/admin1/assets/plugins/plupload/js/jquery.plupload.queue/css/jquery.plupload.queue.css]
[lambdathemes.in/admin1/form-uploadca00.html]
[lambdathemes.in/admin1/form-uploadaf91.html]
[lambdathemes.in/admin1/form-upload0e99.html]
[lambdathemes.in/admin1/form-upload13d4.html]
[lambdathemes.in/admin1/form-upload938c.html]
[lambdathemes.in/admin1/form-upload4965.html]
[lambdathemes.in/admin1/assets/plugins/image-cropper/cropper.min.css]
[lambdathemes.in/admin1/form-image-cropca00.html]
[lambdathemes.in/admin1/form-image-cropaf91.html]
[lambdathemes.in/admin1/form-image-crop0e99.html]
[lambdathemes.in/admin1/form-image-crop13d4.html]
[lambdathemes.in/admin1/form-image-crop938c.html]
[lambdathemes.in/admin1/form-image-crop4965.html]
[lambdathemes.in/admin1/assets/images/crop.jpg]
[lambdathemes.in/admin1/form-image-zoomca00.html]
[lambdathemes.in/admin1/form-image-zoomaf91.html]
[lambdathemes.in/admin1/form-image-zoom0e99.html]
[lambdathemes.in/admin1/form-image-zoom13d4.html]
[lambdathemes.in/admin1/form-image-zoom938c.html]
[lambdathemes.in/admin1/form-image-zoom4965.html]
[lambdathemes.in/admin1/assets/plugins/select2/css/select2.min.css]
[lambdathemes.in/admin1/form-select2ca00.html]
[lambdathemes.in/admin1/form-select2af91.html]
[lambdathemes.in/admin1/form-select20e99.html]
[lambdathemes.in/admin1/form-select213d4.html]
[lambdathemes.in/admin1/form-select2938c.html]
[lambdathemes.in/admin1/form-select24965.html]
[lambdathemes.in/admin1/assets/plugins/x-editable/inputs-ext/typeaheadjs/lib/typeahead.js-bootstrap.css]
[lambdathemes.in/admin1/assets/plugins/x-editable/inputs-ext/address/address.css]
[lambdathemes.in/admin1/assets/plugins/select2-3.4.8/select2.png]
[lambdathemes.in/admin1/assets/plugins/select2-3.4.8/select2-spinner.gif]
[lambdathemes.in/admin1/assets/plugins/select2-3.4.8/select2x2.png]
[lambdathemes.in/admin1/assets/plugins/select2-3.4.8/select2.css]
[lambdathemes.in/admin1/assets/plugins/bootstrap-datetimepicker/css/bootstrap-datetimepicker.min.css]
[lambdathemes.in/admin1/form-x-editableca00.html]
[lambdathemes.in/admin1/form-x-editableaf91.html]
[lambdathemes.in/admin1/form-x-editable0e99.html]
[lambdathemes.in/admin1/form-x-editable13d4.html]
[lambdathemes.in/admin1/form-x-editable938c.html]
[lambdathemes.in/admin1/form-x-editable4965.html]
[lambdathemes.in/admin1/charts-sparklineca00.html]
[lambdathemes.in/admin1/charts-sparklineaf91.html]
[lambdathemes.in/admin1/charts-sparkline0e99.html]
[lambdathemes.in/admin1/charts-sparkline13d4.html]
[lambdathemes.in/admin1/charts-sparkline938c.html]
[lambdathemes.in/admin1/charts-sparkline4965.html]
[lambdathemes.in/admin1/assets/plugins/rickshaw/rickshaw.min.css]
[lambdathemes.in/admin1/charts-rickshawca00.html]
[lambdathemes.in/admin1/charts-rickshawaf91.html]
[lambdathemes.in/admin1/charts-rickshaw0e99.html]
[lambdathemes.in/admin1/charts-rickshaw13d4.html]
[lambdathemes.in/admin1/charts-rickshaw938c.html]
[lambdathemes.in/admin1/charts-rickshaw4965.html]
[lambdathemes.in/admin1/assets/plugins/morris/morris.css]
[lambdathemes.in/admin1/charts-morrisca00.html]
[lambdathemes.in/admin1/charts-morrisaf91.html]
[lambdathemes.in/admin1/charts-morris0e99.html]
[lambdathemes.in/admin1/charts-morris13d4.html]
[lambdathemes.in/admin1/charts-morris938c.html]
[lambdathemes.in/admin1/charts-morris4965.html]
[lambdathemes.in/admin1/charts-flotchartca00.html]
[lambdathemes.in/admin1/charts-flotchartaf91.html]
[lambdathemes.in/admin1/charts-flotchart0e99.html]
[lambdathemes.in/admin1/charts-flotchart13d4.html]
[lambdathemes.in/admin1/charts-flotchart938c.html]
[lambdathemes.in/admin1/charts-flotchart4965.html]
[lambdathemes.in/admin1/charts-chartjsca00.html]
[lambdathemes.in/admin1/charts-chartjsaf91.html]
[lambdathemes.in/admin1/charts-chartjs0e99.html]
[lambdathemes.in/admin1/charts-chartjs13d4.html]
[lambdathemes.in/admin1/charts-chartjs938c.html]
[lambdathemes.in/admin1/charts-chartjs4965.html]
[lambdathemes.in/admin1/maps-googleca00.html]
[lambdathemes.in/admin1/maps-googleaf91.html]
[lambdathemes.in/admin1/maps-google0e99.html]
[lambdathemes.in/admin1/maps-google13d4.html]
[lambdathemes.in/admin1/maps-google938c.html]
[lambdathemes.in/admin1/maps-google4965.html]
[lambdathemes.in/admin1/assets/plugins/jqvmap/jqvmap.css]
[lambdathemes.in/admin1/maps-vectorca00.html]
[lambdathemes.in/admin1/maps-vectoraf91.html]
[lambdathemes.in/admin1/maps-vector0e99.html]
[lambdathemes.in/admin1/maps-vector13d4.html]
[lambdathemes.in/admin1/maps-vector938c.html]
[lambdathemes.in/admin1/maps-vector4965.html]
[lambdathemes.in/admin1/invoiceca00.html]
[lambdathemes.in/admin1/invoiceaf91.html]
[lambdathemes.in/admin1/invoice0e99.html]
[lambdathemes.in/admin1/invoice13d4.html]
[lambdathemes.in/admin1/invoice938c.html]
[lambdathemes.in/admin1/invoice4965.html]
[lambdathemes.in/admin1/faqca00.html]
[lambdathemes.in/admin1/faqaf91.html]
[lambdathemes.in/admin1/faq0e99.html]
[lambdathemes.in/admin1/faq13d4.html]
[lambdathemes.in/admin1/faq938c.html]
[lambdathemes.in/admin1/faq4965.html]
[lambdathemes.in/admin1/todoca00.html]
[lambdathemes.in/admin1/todoaf91.html]
[lambdathemes.in/admin1/todo0e99.html]
[lambdathemes.in/admin1/todo13d4.html]
[lambdathemes.in/admin1/todo938c.html]
[lambdathemes.in/admin1/todo4965.html]
[lambdathemes.in/admin1/assets/plugins/pricing-tables/img/cd-icon-small-arrow.svg]
[lambdathemes.in/admin1/assets/plugins/pricing-tables/css/style.css]
[lambdathemes.in/admin1/pricing-tablesca00.html]
[lambdathemes.in/admin1/pricing-tablesaf91.html]
[lambdathemes.in/admin1/pricing-tables0e99.html]
[lambdathemes.in/admin1/pricing-tables13d4.html]
[lambdathemes.in/admin1/pricing-tables938c.html]
[lambdathemes.in/admin1/pricing-tables4965.html]
[lambdathemes.in/admin1/assets/plugins/product-preview-slider/css/style.css]
[lambdathemes.in/admin1/assets/plugins/checkoutconcepts/css/checkout-cornerflat.css]
[lambdathemes.in/admin1/shopca00.html]
[lambdathemes.in/admin1/shopaf91.html]
[lambdathemes.in/admin1/shop0e99.html]
[lambdathemes.in/admin1/shop13d4.html]
[lambdathemes.in/admin1/shop938c.html]
[lambdathemes.in/admin1/shop4965.html]
[lambdathemes.in/admin1/assets/plugins/gridgallery/css/component.css]
[lambdathemes.in/admin1/galleryca00.html]
[lambdathemes.in/admin1/galleryaf91.html]
[lambdathemes.in/admin1/gallery0e99.html]
[lambdathemes.in/admin1/gallery13d4.html]
[lambdathemes.in/admin1/gallery938c.html]
[lambdathemes.in/admin1/gallery4965.html]
[lambdathemes.in/admin1/assets/plugins/vertical-timeline/css/style.css]
[lambdathemes.in/admin1/timelineca00.html]
[lambdathemes.in/admin1/timelineaf91.html]
[lambdathemes.in/admin1/timeline0e99.html]
[lambdathemes.in/admin1/timeline13d4.html]
[lambdathemes.in/admin1/timeline938c.html]
[lambdathemes.in/admin1/timeline4965.html]
[lambdathemes.in/admin1/searchca00.html]
[lambdathemes.in/admin1/searchaf91.html]
[lambdathemes.in/admin1/search0e99.html]
[lambdathemes.in/admin1/search13d4.html]
[lambdathemes.in/admin1/search938c.html]
[lambdathemes.in/admin1/search4965.html]
[lambdathemes.in/admin1/contactca00.html]
[lambdathemes.in/admin1/contactaf91.html]
[lambdathemes.in/admin1/contact0e99.html]
[lambdathemes.in/admin1/contact13d4.html]
[lambdathemes.in/admin1/contact938c.html]
[lambdathemes.in/admin1/contact4965.html]
[lambdathemes.in/admin2/assets/plugins/bootstrap/fonts/glyphicons-halflings-regular.svg]
[lambdathemes.in/admin2/assets/plugins/fontawesome/fonts/fontawesome-webfonte0a5.svg]
[lambdathemes.in/admin2/assets/plugins/line-icons/fonts/Simple-Line-Icons.svg]
[lambdathemes.in/admin2/assets/plugins/weather-icons-master/font/weathericons-regular-webfont.svg]
[lambdathemes.in/admin2/assets/plugins/fullcalendar/fullcalendar.min.css]
[lambdathemes.in/admin2/assets/plugins/summernote-master/summernote.css]
[lambdathemes.in/admin2/assets/plugins/ion.rangeslider/css/ion.rangeSlider.css]
[lambdathemes.in/admin2/assets/plugins/ion.rangeslider/img/sprite-skin-flat.png]
[lambdathemes.in/admin2/assets/plugins/ion.rangeslider/css/ion.rangeSlider.skinFlat.css]
[lambdathemes.in/admin2/assets/plugins/nestable/nestable.css]
[lambdathemes.in/admin2/assets/plugins/jstree/themes/default/style.min.css]
[lambdathemes.in/admin2/assets/plugins/datatables/images/sort_both.png]
[lambdathemes.in/admin2/assets/plugins/datatables/images/sort_asc.png]
[lambdathemes.in/admin2/assets/plugins/datatables/images/sort_desc.png]
[lambdathemes.in/admin2/assets/plugins/datatables/images/sort_asc_disabled.png]
[lambdathemes.in/admin2/assets/plugins/datatables/css/jquery.datatables.min.css]
[lambdathemes.in/admin2/assets/plugins/datatables/images/sort_desc_disabled.png]
[lambdathemes.in/admin2/assets/plugins/datatables/css/jquery.datatables_themeroller.css]
[lambdathemes.in/admin2/assets/plugins/x-editable/bootstrap3-editable/img/loading.gif]
[lambdathemes.in/admin2/assets/plugins/x-editable/bootstrap3-editable/img/clear.png]
[lambdathemes.in/admin2/assets/plugins/x-editable/bootstrap3-editable/css/bootstrap-editable.css]
[lambdathemes.in/admin2/assets/plugins/bootstrap-datepicker/css/datepicker3.css]
[lambdathemes.in/admin2/assets/plugins/bootstrap-colorpicker/img/saturation.png]
[lambdathemes.in/admin2/assets/plugins/bootstrap-colorpicker/img/hue.png]
[lambdathemes.in/admin2/assets/plugins/bootstrap-colorpicker/img/alpha.png]
[lambdathemes.in/admin2/assets/plugins/bootstrap-colorpicker/css/colorpicker.css]
[lambdathemes.in/admin2/assets/plugins/bootstrap-tagsinput/bootstrap-tagsinput.css]
[lambdathemes.in/admin2/assets/plugins/bootstrap-timepicker/css/bootstrap-timepicker.min.css]
[lambdathemes.in/admin2/assets/plugins/dropzone/dropzone.min.css]
[lambdathemes.in/admin2/assets/plugins/plupload/js/jquery.plupload.queue/img/backgrounds.gif]
[lambdathemes.in/admin2/assets/plugins/plupload/js/jquery.plupload.queue/img/delete.gif]
[lambdathemes.in/admin2/assets/plugins/plupload/js/jquery.plupload.queue/img/error.gif]
[lambdathemes.in/admin2/assets/plugins/plupload/js/jquery.plupload.queue/img/done.gif]
[lambdathemes.in/admin2/assets/plugins/plupload/js/jquery.plupload.queue/css/jquery.plupload.queue.css]
[lambdathemes.in/admin2/assets/plugins/image-cropper/cropper.min.css]
[lambdathemes.in/admin2/assets/plugins/select2/css/select2.min.css]
[lambdathemes.in/admin2/assets/plugins/x-editable/inputs-ext/typeaheadjs/lib/typeahead.js-bootstrap.css]
[lambdathemes.in/admin2/assets/plugins/x-editable/inputs-ext/address/address.css]
[lambdathemes.in/admin2/assets/plugins/bootstrap-datetimepicker/css/bootstrap-datetimepicker.min.css]
[lambdathemes.in/admin2/assets/plugins/rickshaw/rickshaw.min.css]
[lambdathemes.in/admin2/assets/plugins/morris/morris.css]
[lambdathemes.in/admin2/assets/plugins/jqvmap/jqvmap.css]
[lambdathemes.in/admin2/assets/plugins/pricing-tables/css/style.css]
[lambdathemes.in/admin2/assets/plugins/product-preview-slider/css/style.css]
[lambdathemes.in/admin2/assets/plugins/product-preview-slider/js/jquery.mobile.min.html]
[lambdathemes.in/admin2/assets/plugins/gridgallery/css/component.css]
[lambdathemes.in/admin2/assets/plugins/vertical-timeline/css/style.css]
[lambdathemes.in/landing/assets/plugins/bootstrap/fonts/glyphicons-halflings-regular.svg]
[lambdathemes.in/landing/assets/plugins/fontawesome/fonts/fontawesome-webfonte0a5.svg]
[lambdathemes.in/landing/assets/plugins/pricing-tables/img/cd-icon-small-arrow.svg]
[lambdathemes.in/admin2/assets/plugins/pricing-tables/img/cd-icon-small-arrow.svg]
[lambdathemes.in/simple_showcase/assets/plugins/bootstrap/fonts/glyphicons-halflings-regular.svg]
[lambdathemes.in/simple_showcase/assets/plugins/fontawesome/fonts/fontawesome-webfonte0a5.svg]
[lambdathemes.in/admin1/assets/plugins/pricing-tables/img/cd-icon-small-arrow.svg]
[lambdathemes.in/admin2/assets/plugins/pricing-tables/img/cd-icon-small-arrow.svg]
