[geedmo.com/indexd066.html]
[backblue.gif]
[fade.gif]
[index.html]
[geedmo.com/conmutador/script.js]
[geedmo.com/conmutador/styles.css]
[geedmo.com/conmutador/logo.png]
[geedmo.com/themeforest/wintermin/dashboard.html]
[geedmo.com/indexd066.html]
[geedmo.com/index9e5d.html]
[geedmo.com/index8c85.html]
[geedmo.com/indexfe3f.html]
[geedmo.com/conmutador/fonts/icomoon2f66.eot]
[geedmo.com/indexdb99.html]
[geedmo.com/index3d70.html]
[geedmo.com/index1921.html]
[geedmo.com/conmutador/fonts/icomoond41d.eot]
[geedmo.com/index4ea3.html]
[geedmo.com/conmutador/fonts/icomoon2f66.woff]
[geedmo.com/index17dc.html]
[geedmo.com/indexaaa5.html]
[geedmo.com/conmutador/fonts/icomoon2f66.ttf]
[geedmo.com/indexe372.html]
[geedmo.com/conmutador/pattern.png]
[geedmo.com/conmutador/styles.css]
[geedmo.com/index.html]
[geedmo.com/home/index.html]
[geedmo.com/index8c85.html]
[geedmo.com/themeforest/singular/index.html]
[geedmo.com/index9e5d.html]
[geedmo.com/index3d70.html]
[geedmo.com/indexfe3f.html]
[geedmo.com/indexdb99.html]
[geedmo.com/codecanyon/elemento/index.html]
[geedmo.com/index1921.html]
[geedmo.com/codecanyon/sesamo/index.html]
[geedmo.com/codecanyon/boske/index.html]
[geedmo.com/index4ea3.html]
[geedmo.com/index17dc.html]
[geedmo.com/codecanyon/lush-content-slider/demo/slider.html]
[geedmo.com/indexaaa5.html]
[geedmo.com/codecanyon/lush-content-slider/lush/builder.html]
[geedmo.com/indexe372.html]
[geedmo.com/themeforest/wintermin/vendor/fontawesome/css/font-awesome.min.css]
[geedmo.com/themeforest/wintermin/vendor/animo/animate+animo.css]
[geedmo.com/themeforest/wintermin/app/css/bootstrap.css]
[geedmo.com/themeforest/wintermin/vendor/csspinner/csspinner.min.css]
[geedmo.com/themeforest/wintermin/vendor/modernizr/modernizr.js]
[geedmo.com/themeforest/wintermin/app/css/app.css]
[geedmo.com/themeforest/wintermin/vendor/fastclick/fastclick.js]
[geedmo.com/themeforest/wintermin/ga.js]
[geedmo.com/themeforest/wintermin/app/img/logo.png]
[geedmo.com/themeforest/wintermin/app/img/logo-single.png]
[geedmo.com/themeforest/wintermin/app/img/user/01.jpg]
[geedmo.com/themeforest/wintermin/app/img/user/04.jpg]
[geedmo.com/themeforest/wintermin/app/img/user/03.jpg]
[geedmo.com/themeforest/wintermin/app/img/user/05.jpg]
[geedmo.com/themeforest/wintermin/app/img/user/06.jpg]
[geedmo.com/themeforest/wintermin/dashboard-profile.html]
[geedmo.com/themeforest/wintermin/dashboard-sidebar2.html]
[geedmo.com/themeforest/wintermin/panels.html]
[geedmo.com/themeforest/wintermin/portlets.html]
[geedmo.com/themeforest/wintermin/button.html]
[geedmo.com/themeforest/wintermin/notifications.html]
[geedmo.com/themeforest/wintermin/typo.html]
[geedmo.com/themeforest/wintermin/icons.html]
[geedmo.com/themeforest/wintermin/grid.html]
[geedmo.com/themeforest/wintermin/grid-masonry.html]
[geedmo.com/themeforest/wintermin/animations.html]
[geedmo.com/themeforest/wintermin/dropdown-animations.html]
[geedmo.com/themeforest/wintermin/widgets.html]
[geedmo.com/themeforest/wintermin/spinners.html]
[geedmo.com/themeforest/wintermin/pages/landing.html]
[geedmo.com/themeforest/wintermin/pages/login.html]
[geedmo.com/themeforest/wintermin/pages/login-multi.html]
[geedmo.com/themeforest/wintermin/pages/signup.html]
[geedmo.com/themeforest/wintermin/pages/lock.html]
[geedmo.com/themeforest/wintermin/pages/recover.html]
[geedmo.com/themeforest/wintermin/template.html]
[geedmo.com/themeforest/wintermin/maps-google.html]
[geedmo.com/themeforest/wintermin/maps-vector.html]
[geedmo.com/themeforest/wintermin/chart-flot.html]
[geedmo.com/themeforest/wintermin/chart-radial.html]
[geedmo.com/themeforest/wintermin/table-datatable.html]
[geedmo.com/themeforest/wintermin/table-standard.html]
[geedmo.com/themeforest/wintermin/table-extended.html]
[geedmo.com/themeforest/wintermin/form-standard.html]
[geedmo.com/themeforest/wintermin/form-wizard.html]
[geedmo.com/themeforest/wintermin/form-validation.html]
[geedmo.com/themeforest/wintermin/form-extended.html]
[geedmo.com/themeforest/wintermin/calendar.html]
[geedmo.com/themeforest/wintermin/timeline.html]
[geedmo.com/themeforest/wintermin/search.html]
[geedmo.com/themeforest/wintermin/invoice.html]
[geedmo.com/themeforest/wintermin/mailbox.html]
[geedmo.com/themeforest/wintermin/app/img/user/02.jpg]
[geedmo.com/themeforest/wintermin/app/img/user/07.jpg]
[geedmo.com/themeforest/wintermin/app/img/user/08.jpg]
[geedmo.com/themeforest/wintermin/app/img/user/09.jpg]
[geedmo.com/themeforest/wintermin/app/img/user/10.jpg]
[geedmo.com/themeforest/wintermin/vendor/bootstrap/js/bootstrap.min.js]
[geedmo.com/themeforest/wintermin/vendor/chosen/chosen.jquery.min.js]
[geedmo.com/themeforest/wintermin/vendor/slider/js/bootstrap-slider.js]
[geedmo.com/themeforest/wintermin/vendor/filestyle/bootstrap-filestyle.min.js]
[geedmo.com/themeforest/wintermin/filebox.html]
[geedmo.com/themeforest/wintermin/vendor/animo/animo.min.js]
[geedmo.com/themeforest/wintermin/vendor/jquery/jquery.min.js]
[geedmo.com/themeforest/wintermin/vendor/slimscroll/jquery.slimscroll.min.js]
[geedmo.com/themeforest/wintermin/vendor/sparklines/jquery.sparkline.min.js]
[geedmo.com/themeforest/wintermin/vendor/store/store+json2.min.js]
[geedmo.com/themeforest/wintermin/vendor/classyloader/js/jquery.classyloader.min.js]
[geedmo.com/themeforest/wintermin/vendor/flot/jquery.flot.tooltip.min.js]
[geedmo.com/themeforest/wintermin/vendor/flot/jquery.flot.min.js]
[geedmo.com/themeforest/wintermin/vendor/flot/jquery.flot.resize.min.js]
[geedmo.com/themeforest/wintermin/vendor/flot/jquery.flot.pie.min.js]
[geedmo.com/themeforest/wintermin/vendor/flot/jquery.flot.time.min.js]
[geedmo.com/themeforest/wintermin/vendor/flot/jquery.flot.categories.min.js]
[geedmo.com/themeforest/wintermin/dashboard.html]
[geedmo.com/conmutador/fonts/icomoon2f66.svg]
[geedmo.com/home/index.html]
[geedmo.com/themeforest/wintermin/app/js/app.js]
[geedmo.com/themeforest/singular/app/css/apprtl.css]
[geedmo.com/themeforest/singular/app/css/app.css]
[geedmo.com/themeforest/singular/ga.js]
[geedmo.com/themeforest/singular/index.html]
[geedmo.com/codecanyon/47admin/dashboard.html]
[geedmo.com/codecanyon/47admin/index.html]
[geedmo.com/codecanyon/boske/assets/css/bootstrap.min.css]
[geedmo.com/codecanyon/boske/assets/img/main-bg.jpg]
[www.google-analytics.com/analytics.js]
[geedmo.com/themeforest/singular/app/js/base.js]
[geedmo.com/codecanyon/boske/examples/blog/index.html]
[geedmo.com/codecanyon/boske/examples/carousel/index.html]
[geedmo.com/themeforest/singular/app/js/app.js]
[geedmo.com/codecanyon/boske/examples/cover/index.html]
[geedmo.com/codecanyon/boske/examples/dashboard/index.html]
[geedmo.com/codecanyon/boske/examples/grid/index.html]
[geedmo.com/codecanyon/boske/examples/jumbotron/index.html]
[geedmo.com/codecanyon/boske/examples/jumbotron-narrow/index.html]
[geedmo.com/codecanyon/boske/examples/justified-nav/index.html]
[geedmo.com/codecanyon/boske/examples/navbar/index.html]
[geedmo.com/codecanyon/boske/examples/navbar-fixed-top/index.html]
[geedmo.com/codecanyon/boske/examples/navbar-static-top/index.html]
[geedmo.com/codecanyon/boske/examples/non-responsive/index.html]
[geedmo.com/codecanyon/boske/examples/offcanvas/index.html]
[geedmo.com/codecanyon/boske/examples/signin/index.html]
[geedmo.com/codecanyon/boske/examples/starter-template/index.html]
[geedmo.com/codecanyon/boske/examples/sticky-footer/index.html]
[geedmo.com/codecanyon/boske/examples/sticky-footer-navbar/index.html]
[geedmo.com/codecanyon/boske/assets/img/thumb1.jpg]
[geedmo.com/codecanyon/boske/assets/img/thumb2.jpg]
[geedmo.com/codecanyon/boske/assets/img/thumb3.jpg]
[geedmo.com/codecanyon/boske/assets/img/thumb4.jpg]
[geedmo.com/codecanyon/boske/assets/img/thumb5.jpg]
[geedmo.com/codecanyon/boske/assets/img/thumb6.jpg]
[geedmo.com/codecanyon/boske/assets/img/thumb-small.jpg]
[geedmo.com/codecanyon/boske/assets/js/jquery.js]
[geedmo.com/codecanyon/boske/assets/js/bootstrap.min.js]
[geedmo.com/codecanyon/boske/index.html]
[geedmo.com/codecanyon/boske/assets/js/application.js]
[geedmo.com/codecanyon/sesamo/demo/fontawesome/font-awesome.min.css]
[geedmo.com/codecanyon/sesamo/demo/demo.css]
[geedmo.com/codecanyon/sesamo/ga.js]
[geedmo.com/codecanyon/sesamo/index.html]
[geedmo.com/codecanyon/sesamo/demo/demo.js]
[geedmo.com/codecanyon/elemento/assets/css/bootstrap.min.css]
[geedmo.com/codecanyon/elemento/assets/css/docs.css]
[geedmo.com/codecanyon/elemento/ga.js]
[geedmo.com/codecanyon/elemento/bootstrap.html]
[geedmo.com/codecanyon/elemento/extras.html]
[geedmo.com/codecanyon/elemento/home.html]
[geedmo.com/codecanyon/sesamo/demo/jquery.js]
[geedmo.com/codecanyon/elemento/portfolio.html]
[geedmo.com/codecanyon/elemento/blog.html]
[geedmo.com/codecanyon/elemento/blog-detail.html]
[geedmo.com/codecanyon/elemento/about.html]
[geedmo.com/codecanyon/elemento/contact.html]
[geedmo.com/codecanyon/elemento/assets/css/bootstrap.earth.min.css]
[geedmo.com/codecanyon/elemento/assets/css/bootstrap.water.min.css]
[geedmo.com/codecanyon/elemento/assets/css/bootstrap.fire.min.css]
[geedmo.com/codecanyon/elemento/assets/css/bootstrap.wind.min.css]
[geedmo.com/codecanyon/elemento/assets/css/bootstrap.love.min.css]
[geedmo.com/codecanyon/elemento/assets/js/application.js]
[geedmo.com/codecanyon/elemento/index.html]
[geedmo.com/codecanyon/plan/bootstrap.html]
[geedmo.com/codecanyon/plan/index.html]
[geedmo.com/codecanyon/dropper/index.html]
[geedmo.com/codecanyon/dropper/bootstrap3/index.html]
[geedmo.com/codecanyon/elemento/assets/js/bootstrap.min.js]
[geedmo.com/codecanyon/lush-content-slider/demo/assets/css/bootstrap-responsive.css]
[geedmo.com/codecanyon/lush-content-slider/demo/assets/css/style.css]
[geedmo.com/codecanyon/lush-content-slider/lush/css/lush.animations.min.css]
[geedmo.com/codecanyon/lush-content-slider/lush/css/lush.min.css]
[geedmo.com/codecanyon/lush-content-slider/demo/assets/css/bootstrap.min.css]
[geedmo.com/codecanyon/elemento/assets/js/jquery.js]
[geedmo.com/codecanyon/lush-content-slider/demo/ga.js]
[geedmo.com/codecanyon/lush-content-slider/demo/flexslider.html]
[geedmo.com/codecanyon/lush-content-slider/demo/flexslider2.html]
[geedmo.com/codecanyon/lush-content-slider/demo/iframe.html]
[geedmo.com/codecanyon/lush-content-slider/demo/basic.html]
[geedmo.com/codecanyon/lush-content-slider/demo/carousel.html]
[geedmo.com/codecanyon/lush-content-slider/demo/assets/img/slider/clouds.png]
[geedmo.com/codecanyon/lush-content-slider/demo/assets/img/slider/tree-1.png]
[geedmo.com/codecanyon/lush-content-slider/demo/assets/img/slider/tree-2.png]
[geedmo.com/codecanyon/lush-content-slider/demo/assets/img/slider/tree-3.png]
[geedmo.com/codecanyon/lush-content-slider/demo/assets/img/slider/tree-4.png]
[geedmo.com/codecanyon/lush-content-slider/demo/assets/img/slider/pasto.png]
[geedmo.com/codecanyon/lush-content-slider/demo/assets/img/slider/youtube-logo.png]
[geedmo.com/codecanyon/lush-content-slider/demo/assets/img/slider/vimeo-logo.png]
[geedmo.com/codecanyon/lush-content-slider/demo/assets/img/slider/soundbg.png]
[geedmo.com/codecanyon/lush-content-slider/demo/assets/img/slider/soundline.png]
[geedmo.com/codecanyon/lush-content-slider/demo/assets/img/slider/woofer1.png]
[geedmo.com/codecanyon/lush-content-slider/demo/assets/img/slider/woofer2.png]
[geedmo.com/codecanyon/lush-content-slider/demo/assets/img/slider/woofer3.png]
[geedmo.com/codecanyon/lush-content-slider/demo/assets/img/slider/woofer4.png]
[geedmo.com/codecanyon/lush-content-slider/demo/assets/img/slider/lamp.png]
[geedmo.com/codecanyon/lush-content-slider/demo/assets/img/slider/bubble.png]
[geedmo.com/codecanyon/lush-content-slider/lush/js/jquery.easing.1.3.min.js]
[geedmo.com/codecanyon/lush-content-slider/lush/js/jquery.lush.min.js]
[geedmo.com/codecanyon/lush-content-slider/demo/assets/js/bootstrap.min.js]
[geedmo.com/codecanyon/lush-content-slider/lush/js/jquery.js]
[geedmo.com/codecanyon/lush-content-slider/demo/features.html]
[geedmo.com/codecanyon/lush-content-slider/demo/slider.html]
[geedmo.com/codecanyon/lush-content-slider/lush/builder/css/bootstrap.min.css]
[geedmo.com/codecanyon/lush-content-slider/lush/builder/css/jquery-ui-1.10.3.custom.min.css]
[geedmo.com/codecanyon/lush-content-slider/lush/builder/css/lush.builder.css]
[geedmo.com/codecanyon/lush-content-slider/lush/builder/js/google-code-prettify/prettify.css]
[geedmo.com/codecanyon/lush-content-slider/lush/flexslider/flexslider.css]
[geedmo.com/codecanyon/lush-content-slider/lush/builder/css/lush.items.css]
[geedmo.com/codecanyon/lush-content-slider/lush/ga.js]
[geedmo.com/codecanyon/lush-content-slider/lush/builder/js/bootstrap.min.js]
[geedmo.com/codecanyon/lush-content-slider/lush/builder/js/dragslider.js]
[geedmo.com/codecanyon/lush-content-slider/lush/builder/js/jquery.js]
[geedmo.com/codecanyon/lush-content-slider/lush/builder/js/google-code-prettify/prettify.js]
[geedmo.com/codecanyon/lush-content-slider/lush/builder/js/jquery-ui-1.10.3.custom.min.js]
[geedmo.com/codecanyon/lush-content-slider/lush/builder/js/style-html.min.js]
[geedmo.com/codecanyon/lush-content-slider/lush/flexslider/jquery.flexslider-min.js]
[geedmo.com/codecanyon/lush-content-slider/lush/builder.html]
[geedmo.com/themeforest/wintermin/app/css/bootstrap.css]
[geedmo.com/codecanyon/lush-content-slider/lush/builder/js/lush.builder.min.js]
[geedmo.com/themeforest/wintermin/vendor/fontawesome/fonts/fontawesome-webfont78ce.eot]
[geedmo.com/themeforest/wintermin/vendor/fontawesome/fonts/fontawesome-webfontd41d.eot]
[geedmo.com/themeforest/wintermin/vendor/fontawesome/fonts/fontawesome-webfont78ce.woff]
[geedmo.com/themeforest/wintermin/vendor/fontawesome/fonts/fontawesome-webfont78ce.ttf]
[geedmo.com/themeforest/wintermin/vendor/fontawesome/css/font-awesome.min.css]
[geedmo.com/themeforest/wintermin/vendor/animo/animate+animo.css]
[geedmo.com/themeforest/wintermin/vendor/csspinner/csspinner.min.css]
[geedmo.com/themeforest/wintermin/app/css/app.css]
[geedmo.com/themeforest/wintermin/dashboard-profile.html]
[geedmo.com/themeforest/wintermin/dashboard-sidebar2.html]
[geedmo.com/themeforest/wintermin/panels.html]
[geedmo.com/themeforest/wintermin/vendor/jqueryui/css/ui-lightness/jquery-ui-1.10.4.custom.min.css]
[geedmo.com/themeforest/wintermin/portlets.html]
[geedmo.com/themeforest/wintermin/button.html]
[geedmo.com/themeforest/wintermin/icons.html]
[geedmo.com/themeforest/wintermin/notifications.html]
[geedmo.com/themeforest/wintermin/typo.html]
[geedmo.com/themeforest/wintermin/grid.html]
[geedmo.com/themeforest/wintermin/vendor/touch-punch/jquery.ui.touch-punch.min.js]
[geedmo.com/themeforest/wintermin/app/img/bg1.jpg]
[geedmo.com/themeforest/wintermin/app/img/bg4.jpg]
[geedmo.com/themeforest/wintermin/vendor/jqueryui/js/jquery-ui-1.10.4.custom.min.js]
[geedmo.com/themeforest/wintermin/app/img/bg2.jpg]
[geedmo.com/themeforest/wintermin/app/img/bg5.jpg]
[geedmo.com/themeforest/wintermin/app/img/bg6.jpg]
[geedmo.com/themeforest/wintermin/app/img/bg7.jpg]
[geedmo.com/themeforest/wintermin/app/img/bg8.jpg]
[geedmo.com/themeforest/wintermin/app/img/bg9.jpg]
[geedmo.com/themeforest/wintermin/app/img/bg10.jpg]
[geedmo.com/themeforest/wintermin/grid-masonry.html]
[geedmo.com/themeforest/wintermin/animations.html]
[geedmo.com/themeforest/wintermin/dropdown-animations.html]
[geedmo.com/themeforest/wintermin/app/img/bg3.jpg]
[geedmo.com/themeforest/wintermin/vendor/gmap/jquery.gmap.min.js]
[geedmo.com/themeforest/wintermin/widgets.html]
[geedmo.com/themeforest/wintermin/spinners.html]
[geedmo.com/themeforest/wintermin/app/css/common.css]
[geedmo.com/themeforest/wintermin/app/css/landing.css]
[geedmo.com/themeforest/wintermin/app/img/landing/app-mobile.png]
[geedmo.com/themeforest/wintermin/app/img/landing/store-apple.png]
[geedmo.com/themeforest/wintermin/app/img/landing/store-google.png]
[geedmo.com/themeforest/wintermin/app/img/landing/app-multi.png]
[geedmo.com/themeforest/wintermin/app/img/landing/app-chart.png]
[geedmo.com/themeforest/wintermin/app/img/landing/app-widget.png]
[geedmo.com/themeforest/wintermin/app/img/landing/clients/jquery.png]
[geedmo.com/themeforest/wintermin/app/img/landing/clients/node.png]
[geedmo.com/themeforest/wintermin/app/img/landing/clients/gulp.png]
[geedmo.com/themeforest/wintermin/app/img/landing/clients/jade.png]
[geedmo.com/themeforest/wintermin/app/img/landing/clients/less.png]
[geedmo.com/themeforest/wintermin/app/img/landing/clients/bootstrap.png]
[geedmo.com/themeforest/wintermin/app/img/landing/iphone.png]
[geedmo.com/themeforest/wintermin/pages/landing.html]
[geedmo.com/themeforest/wintermin/pages/login.html]
[geedmo.com/themeforest/wintermin/pages/login-multi.html]
[geedmo.com/themeforest/wintermin/pages/signup.html]
[geedmo.com/themeforest/wintermin/app/img/lock-bg.jpg]
[geedmo.com/themeforest/wintermin/app/js/pages.js]
[geedmo.com/themeforest/wintermin/pages/lock.html]
[geedmo.com/themeforest/wintermin/pages/recover.html]
[geedmo.com/themeforest/wintermin/template.html]
[geedmo.com/themeforest/wintermin/maps-google.html]
[geedmo.com/themeforest/wintermin/vendor/jvectormap/jquery-jvectormap-1.2.2.css]
[geedmo.com/themeforest/wintermin/vendor/jvectormap/jquery-jvectormap-1.2.2.min.js]
[geedmo.com/themeforest/wintermin/maps-vector.html]
[geedmo.com/themeforest/wintermin/chart-flot.html]
[geedmo.com/themeforest/wintermin/chart-radial.html]
[geedmo.com/themeforest/wintermin/vendor/datatable/extensions/datatable-bootstrap/css/dataTables.bootstrap.css]
[geedmo.com/themeforest/wintermin/vendor/datatable/extensions/ColVis/css/dataTables.colVis.css]
[geedmo.com/themeforest/wintermin/vendor/datatable/extensions/datatable-bootstrap/js/dataTables.bootstrap.js]
[geedmo.com/themeforest/wintermin/vendor/datatable/extensions/datatable-bootstrap/js/dataTables.bootstrapPagination.js]
[geedmo.com/themeforest/wintermin/vendor/jvectormap/maps/jquery-jvectormap-world-mill-en.js]
[geedmo.com/themeforest/wintermin/vendor/datatable/extensions/ColVis/js/dataTables.colVis.min.js]
[geedmo.com/themeforest/wintermin/table-datatable.html]
[geedmo.com/themeforest/wintermin/table-standard.html]
[geedmo.com/themeforest/wintermin/table-extended.html]
[geedmo.com/themeforest/wintermin/form-standard.html]
[geedmo.com/themeforest/wintermin/vendor/datatable/media/js/jquery.dataTables.min.js]
[geedmo.com/themeforest/wintermin/form-wizard.html]
[geedmo.com/themeforest/wintermin/form-validation.html]
[geedmo.com/themeforest/wintermin/vendor/wizard/js/bwizard.min.js]
[geedmo.com/themeforest/wintermin/vendor/slider/css/slider.css]
[geedmo.com/themeforest/wintermin/vendor/chosen/chosen.min.css]
[geedmo.com/themeforest/wintermin/vendor/parsley/parsley.min.js]
[geedmo.com/themeforest/wintermin/vendor/datetimepicker/css/bootstrap-datetimepicker.min.css]
[geedmo.com/themeforest/wintermin/vendor/codemirror/lib/codemirror.css]
[geedmo.com/themeforest/wintermin/vendor/tagsinput/bootstrap-tagsinput.css]
[geedmo.com/themeforest/wintermin/vendor/codemirror/addon/mode/overlay.js]
[geedmo.com/themeforest/wintermin/vendor/codemirror/mode/xml/xml.js]
[geedmo.com/themeforest/wintermin/vendor/codemirror/mode/markdown/markdown.js]
[geedmo.com/themeforest/wintermin/vendor/codemirror/mode/gfm/gfm.js]
[geedmo.com/themeforest/wintermin/vendor/marked/marked.js]
[geedmo.com/themeforest/wintermin/vendor/datetimepicker/js/bootstrap-datetimepicker.min.js]
[geedmo.com/themeforest/wintermin/vendor/tagsinput/bootstrap-tagsinput.min.js]
[geedmo.com/themeforest/wintermin/vendor/moment/min/moment-with-langs.min.js]
[geedmo.com/themeforest/wintermin/form-extended.html]
[geedmo.com/themeforest/wintermin/vendor/codemirror/lib/codemirror.js]
[geedmo.com/themeforest/wintermin/vendor/fullcalendar/fullcalendar.css]
[geedmo.com/themeforest/wintermin/vendor/fullcalendar/fullcalendar.print.css]
[geedmo.com/themeforest/wintermin/calendar.html]
[geedmo.com/themeforest/wintermin/timeline.html]
[geedmo.com/themeforest/wintermin/vendor/inputmask/jquery.inputmask.bundle.min.js]
[geedmo.com/themeforest/wintermin/app/img/dummy.png]
[geedmo.com/themeforest/wintermin/search.html]
[geedmo.com/themeforest/wintermin/invoice.html]
[geedmo.com/themeforest/wintermin/app/img/user/11.jpg]
[geedmo.com/themeforest/wintermin/app/img/mb-sample.jpg]
[geedmo.com/themeforest/wintermin/vendor/fullcalendar/fullcalendar.min.js]
[geedmo.com/themeforest/wintermin/mailbox.html]
[geedmo.com/themeforest/wintermin/filebox.html]
[geedmo.com/themeforest/singular/app/vendor/open-sans-fontface/fonts/Light/OpenSans-Light.eot]
[geedmo.com/themeforest/singular/app/vendor/open-sans-fontface/fonts/Light/OpenSans-Light.woff]
[geedmo.com/themeforest/singular/app/vendor/open-sans-fontface/fonts/Light/OpenSans-Lightd41d.eot]
[geedmo.com/themeforest/singular/app/vendor/open-sans-fontface/fonts/Light/OpenSans-Light.ttf]
[geedmo.com/themeforest/singular/app/vendor/open-sans-fontface/fonts/Regular/OpenSans-Regular.eot]
[geedmo.com/themeforest/singular/app/vendor/open-sans-fontface/fonts/Regular/OpenSans-Regular.woff]
[geedmo.com/themeforest/singular/app/vendor/open-sans-fontface/fonts/Regular/OpenSans-Regulard41d.eot]
[geedmo.com/themeforest/singular/app/vendor/open-sans-fontface/fonts/Regular/OpenSans-Regular.ttf]
[geedmo.com/themeforest/singular/app/vendor/open-sans-fontface/fonts/Italic/OpenSans-Italicd41d.eot]
[geedmo.com/themeforest/singular/app/vendor/open-sans-fontface/fonts/Italic/OpenSans-Italic.woff]
[geedmo.com/themeforest/singular/app/vendor/open-sans-fontface/fonts/Italic/OpenSans-Italic.ttf]
[geedmo.com/themeforest/singular/app/vendor/open-sans-fontface/fonts/Semibold/OpenSans-Semibold.eot]
[geedmo.com/themeforest/singular/app/vendor/open-sans-fontface/fonts/Semibold/OpenSans-Semibold.woff]
[geedmo.com/themeforest/singular/app/vendor/open-sans-fontface/fonts/Semibold/OpenSans-Semiboldd41d.eot]
[geedmo.com/themeforest/singular/app/vendor/open-sans-fontface/fonts/Semibold/OpenSans-Semibold.ttf]
[geedmo.com/themeforest/singular/app/css/app.css]
[geedmo.com/themeforest/singular/app/css/apprtl.css]
[geedmo.com/codecanyon/47admin/app/css/bootstrap.css]
[geedmo.com/codecanyon/47admin/vendor/fontawesome/css/font-awesome.min.css]
[geedmo.com/codecanyon/47admin/vendor/animo/animate+animo.css]
[geedmo.com/codecanyon/47admin/vendor/csspinner/csspinner.min.css]
[geedmo.com/codecanyon/47admin/app/css/app.css]
[geedmo.com/codecanyon/47admin/vendor/modernizr/modernizr.js]
[geedmo.com/codecanyon/47admin/ga.js]
[geedmo.com/codecanyon/47admin/vendor/fastclick/fastclick.js]
[geedmo.com/codecanyon/47admin/app/img/user/01.jpg]
[geedmo.com/codecanyon/47admin/app/img/user/04.jpg]
[geedmo.com/codecanyon/47admin/app/img/user/03.jpg]
[geedmo.com/codecanyon/47admin/app/img/user/05.jpg]
[geedmo.com/codecanyon/47admin/app/img/user/06.jpg]
[geedmo.com/codecanyon/47admin/app/img/user/02.jpg]
[geedmo.com/codecanyon/47admin/dashboard-nosidebar.html]
[geedmo.com/codecanyon/47admin/dashboard-noprofile.html]
[geedmo.com/codecanyon/47admin/chart-flot.html]
[geedmo.com/codecanyon/47admin/chart-radial.html]
[geedmo.com/codecanyon/47admin/table-datatable.html]
[geedmo.com/codecanyon/47admin/table-standard.html]
[geedmo.com/codecanyon/47admin/table-extended.html]
[geedmo.com/codecanyon/47admin/form-standard.html]
[geedmo.com/codecanyon/47admin/form-extended.html]
[geedmo.com/codecanyon/47admin/form-validation.html]
[geedmo.com/codecanyon/47admin/form-wizard.html]
[geedmo.com/codecanyon/47admin/panels.html]
[geedmo.com/codecanyon/47admin/portlets.html]
[geedmo.com/codecanyon/47admin/button.html]
[geedmo.com/codecanyon/47admin/icons.html]
[geedmo.com/codecanyon/47admin/notifications.html]
[geedmo.com/codecanyon/47admin/typo.html]
[geedmo.com/codecanyon/47admin/grid.html]
[geedmo.com/codecanyon/47admin/grid-masonry.html]
[geedmo.com/codecanyon/47admin/animations.html]
[geedmo.com/codecanyon/47admin/dropdown-animations.html]
[geedmo.com/codecanyon/47admin/widgets.html]
[geedmo.com/codecanyon/47admin/maps.html]
[geedmo.com/codecanyon/47admin/calendar.html]
[geedmo.com/codecanyon/47admin/spinners.html]
[geedmo.com/codecanyon/47admin/pages/landing.html]
[geedmo.com/codecanyon/47admin/pages/login.html]
[geedmo.com/codecanyon/47admin/pages/login-multi.html]
[geedmo.com/codecanyon/47admin/pages/signup.html]
[geedmo.com/codecanyon/47admin/pages/lock.html]
[geedmo.com/codecanyon/47admin/pages/recover.html]
[geedmo.com/codecanyon/47admin/template.html]
[geedmo.com/codecanyon/47admin/timeline.html]
[geedmo.com/codecanyon/47admin/inbox.html]
[geedmo.com/codecanyon/47admin/app/img/offsidebar-bg.jpg]
[geedmo.com/codecanyon/47admin/app/img/user/07.jpg]
[geedmo.com/codecanyon/47admin/app/img/user/08.jpg]
[geedmo.com/codecanyon/47admin/app/img/user/09.jpg]
[geedmo.com/codecanyon/47admin/app/img/user/10.jpg]
[geedmo.com/codecanyon/47admin/vendor/bootstrap/js/bootstrap.min.js]
[geedmo.com/codecanyon/47admin/vendor/chosen/chosen.jquery.min.js]
[geedmo.com/codecanyon/47admin/vendor/slider/js/bootstrap-slider.js]
[geedmo.com/codecanyon/47admin/vendor/filestyle/bootstrap-filestyle.min.js]
[geedmo.com/codecanyon/47admin/vendor/jquery/jquery.min.js]
[geedmo.com/codecanyon/47admin/vendor/animo/animo.min.js]
[geedmo.com/codecanyon/47admin/vendor/slimscroll/jquery.slimscroll.min.js]
[geedmo.com/codecanyon/47admin/vendor/sparklines/jquery.sparkline.min.js]
[geedmo.com/codecanyon/47admin/vendor/flot/jquery.flot.min.js]
[geedmo.com/codecanyon/47admin/vendor/flot/jquery.flot.tooltip.min.js]
[geedmo.com/codecanyon/47admin/vendor/flot/jquery.flot.resize.min.js]
[geedmo.com/codecanyon/47admin/vendor/flot/jquery.flot.pie.min.js]
[geedmo.com/codecanyon/47admin/vendor/flot/jquery.flot.time.min.js]
[geedmo.com/codecanyon/47admin/vendor/flot/jquery.flot.categories.min.js]
[geedmo.com/codecanyon/47admin/dashboard.html]
[geedmo.com/codecanyon/47admin/app/js/app.js]
[geedmo.com/codecanyon/boske/assets/fonts/fontawesome-webfont862f.eot]
[geedmo.com/codecanyon/boske/assets/fonts/fontawesome-webfontd41d.eot]
[geedmo.com/codecanyon/boske/assets/fonts/fontawesome-webfont862f.woff]
[geedmo.com/codecanyon/boske/assets/fonts/fontawesome-webfont862f.ttf]
[geedmo.com/codecanyon/boske/assets/css/bootstrap.min.css]
[geedmo.com/codecanyon/boske/examples/blog/blog.css]
[ajax.googleapis.com/ajax/libs/jquery/1.11.0/jquery.min.js]
[geedmo.com/codecanyon/boske/examples/blog/index.html]
[geedmo.com/codecanyon/boske/assets/js/docs.min.js]
[geedmo.com/codecanyon/boske/examples/carousel/carousel.css]
[geedmo.com/codecanyon/boske/examples/carousel/index.html]
[geedmo.com/codecanyon/boske/examples/cover/cover.css]
[geedmo.com/codecanyon/boske/examples/cover/index.html]
[geedmo.com/codecanyon/boske/examples/dashboard/dashboard.css]
[geedmo.com/codecanyon/boske/examples/dashboard/index.html]
[geedmo.com/codecanyon/boske/examples/grid/grid.css]
[geedmo.com/codecanyon/boske/examples/grid/index.html]
[geedmo.com/codecanyon/boske/examples/jumbotron/jumbotron.css]
[geedmo.com/codecanyon/boske/examples/jumbotron/index.html]
[geedmo.com/codecanyon/boske/examples/jumbotron-narrow/jumbotron-narrow.css]
[geedmo.com/codecanyon/boske/examples/jumbotron-narrow/index.html]
[geedmo.com/codecanyon/boske/examples/justified-nav/justified-nav.css]
[geedmo.com/codecanyon/boske/examples/justified-nav/index.html]
[geedmo.com/codecanyon/boske/examples/navbar/navbar.css]
[geedmo.com/codecanyon/boske/examples/navbar/index.html]
[geedmo.com/codecanyon/boske/examples/navbar/index-2.html]
[geedmo.com/codecanyon/boske/examples/navbar-fixed-top/index.html]
[geedmo.com/codecanyon/boske/examples/navbar-static-top/index-2.html]
[geedmo.com/codecanyon/boske/examples/navbar-fixed-top/index-2.html]
[geedmo.com/codecanyon/boske/examples/navbar-static-top/navbar-static-top.css]
[geedmo.com/codecanyon/boske/examples/navbar-static-top/index.html]
[geedmo.com/codecanyon/boske/examples/non-responsive/non-responsive.css]
[geedmo.com/codecanyon/boske/examples/non-responsive/index.html]
[geedmo.com/codecanyon/boske/examples/offcanvas/offcanvas.css]
[geedmo.com/codecanyon/boske/examples/offcanvas/offcanvas.js]
[geedmo.com/codecanyon/boske/examples/offcanvas/index.html]
[geedmo.com/codecanyon/boske/examples/signin/signin.css]
[geedmo.com/codecanyon/boske/examples/signin/index.html]
[geedmo.com/codecanyon/boske/examples/starter-template/starter-template.css]
[geedmo.com/codecanyon/boske/examples/starter-template/index.html]
[geedmo.com/codecanyon/boske/examples/sticky-footer/sticky-footer.css]
[geedmo.com/codecanyon/boske/examples/sticky-footer/index.html]
[geedmo.com/codecanyon/boske/examples/sticky-footer-navbar/index-2.html]
[geedmo.com/codecanyon/boske/examples/sticky-footer-navbar/sticky-footer-navbar.css]
[geedmo.com/codecanyon/boske/examples/sticky-footer-navbar/index.html]
[geedmo.com/codecanyon/sesamo/demo/fontawesome/font/fontawesome-webfontf77b.eot]
[geedmo.com/codecanyon/boske/examples/sticky-footer/index-2.html]
[geedmo.com/codecanyon/sesamo/demo/fontawesome/font/fontawesome-webfontd41d.eot]
[geedmo.com/codecanyon/sesamo/demo/fontawesome/font/fontawesome-webfontf77b.woff]
[geedmo.com/codecanyon/sesamo/demo/fontawesome/font/fontawesome-webfontf77b.ttf]
[geedmo.com/codecanyon/sesamo/demo/fontawesome/font-awesome.min.css]
[geedmo.com/codecanyon/sesamo/demo/demo.css]
[geedmo.com/codecanyon/elemento/assets/fonts/fontawesome-webfontba72.eot]
[geedmo.com/codecanyon/elemento/assets/fonts/fontawesome-webfontd41d.eot]
[geedmo.com/codecanyon/elemento/assets/fonts/fontawesome-webfontba72.woff]
[geedmo.com/codecanyon/elemento/assets/fonts/fontawesome-webfontba72.ttf]
[geedmo.com/codecanyon/elemento/assets/img/saturation.png]
[geedmo.com/codecanyon/elemento/assets/img/alpha.png]
[geedmo.com/codecanyon/elemento/assets/css/bootstrap.min.css]
[geedmo.com/codecanyon/elemento/assets/img/cartographer.png]
[geedmo.com/codecanyon/elemento/assets/css/docs.css]
[geedmo.com/codecanyon/elemento/assets/img/image-placeholder.png]
[geedmo.com/codecanyon/elemento/assets/img/image-placeholder-64x64.png]
[geedmo.com/codecanyon/elemento/assets/img/bootstrap-mdo-sfmoma-01.jpg]
[geedmo.com/codecanyon/elemento/assets/img/bootstrap-mdo-sfmoma-02.jpg]
[geedmo.com/codecanyon/elemento/assets/img/bootstrap-mdo-sfmoma-03.jpg]
[geedmo.com/codecanyon/elemento/bootstrap.html]
[geedmo.com/codecanyon/elemento/assets/js/jquery.gmap.min.js]
[geedmo.com/codecanyon/elemento/extras.html]
[geedmo.com/codecanyon/elemento/home.html]
[geedmo.com/codecanyon/elemento/portfolio.html]
[geedmo.com/codecanyon/elemento/blog.html]
[geedmo.com/codecanyon/elemento/blog-detail.html]
[geedmo.com/codecanyon/elemento/about.html]
[geedmo.com/codecanyon/elemento/contact.html]
[geedmo.com/codecanyon/elemento/assets/js/typeahead.min.js]
[geedmo.com/codecanyon/elemento/assets/css/bootstrap.fire.min.css]
[geedmo.com/codecanyon/elemento/assets/css/bootstrap.water.min.css]
[geedmo.com/codecanyon/elemento/assets/css/bootstrap.earth.min.css]
[geedmo.com/codecanyon/elemento/assets/css/bootstrap.wind.min.css]
[geedmo.com/codecanyon/elemento/assets/css/bootstrap.love.min.css]
[geedmo.com/codecanyon/plan/assets/css/bootstrap.min.css]
[geedmo.com/codecanyon/plan/assets/css/bootstrap-select.min.css]
[geedmo.com/codecanyon/plan/assets/css/plan.min.css]
[geedmo.com/codecanyon/plan/plan.html]
[geedmo.com/codecanyon/plan/uikit.html]
[geedmo.com/codecanyon/plan/assets/img/image-placeholder.png]
[geedmo.com/codecanyon/plan/assets/img/image-placeholder-64x64.png]
[geedmo.com/codecanyon/plan/assets/img/bootstrap-mdo-sfmoma-01.jpg]
[geedmo.com/codecanyon/plan/assets/img/bootstrap-mdo-sfmoma-02.jpg]
[geedmo.com/codecanyon/plan/assets/img/bootstrap-mdo-sfmoma-03.jpg]
[code.jquery.com/jquery-1.11.0.min.js]
[geedmo.com/codecanyon/plan/assets/js/jquery.js]
[geedmo.com/codecanyon/plan/assets/js/plan.ui.js]
[geedmo.com/codecanyon/plan/assets/js/bootstrap.min.js]
[geedmo.com/codecanyon/plan/assets/js/bootstrap-select.min.js]
[geedmo.com/codecanyon/plan/assets/js/application.js]
[geedmo.com/codecanyon/plan/bootstrap.html]
[geedmo.com/codecanyon/dropper/bootstrap3/assets/css/bootstrap.min.css]
[geedmo.com/codecanyon/dropper/bootstrap3/assets/css/docs.css]
[geedmo.com/codecanyon/dropper/bootstrap3/index-2.html]
[geedmo.com/codecanyon/dropper/bootstrap3/bootstrap.html]
[geedmo.com/codecanyon/dropper/bootstrap3/extras.html]
[geedmo.com/codecanyon/dropper/bootstrap3/uikit.html]
[geedmo.com/codecanyon/dropper/bootstrap3/assets/css/bootstrap.blue.min.css]
[geedmo.com/codecanyon/dropper/bootstrap3/assets/css/bootstrap.green.min.css]
[geedmo.com/codecanyon/dropper/bootstrap3/assets/css/bootstrap.orange.min.css]
[geedmo.com/codecanyon/dropper/bootstrap3/assets/css/bootstrap.pink.min.css]
[geedmo.com/codecanyon/dropper/bootstrap3/assets/css/bootstrap.purple.min.css]
[geedmo.com/codecanyon/dropper/bootstrap2/index.html]
[geedmo.com/codecanyon/dropper/bootstrap3/assets/js/dropper.input.js]
[geedmo.com/codecanyon/dropper/bootstrap3/index.html]
[geedmo.com/codecanyon/dropper/bootstrap3/assets/js/application.js]
[geedmo.com/codecanyon/lush-content-slider/demo/assets/font/fontawesome-webfont3294.eot]
[geedmo.com/codecanyon/lush-content-slider/demo/assets/font/fontawesome-webfontd41d.eot]
[geedmo.com/codecanyon/dropper/bootstrap3/assets/js/bootstrap.min.js]
[geedmo.com/codecanyon/lush-content-slider/demo/assets/font/fontawesome-webfont3294.woff]
[geedmo.com/codecanyon/dropper/bootstrap3/assets/js/jquery.js]
[geedmo.com/codecanyon/lush-content-slider/demo/assets/font/fontawesome-webfont3294.ttf]
[geedmo.com/codecanyon/lush-content-slider/demo/assets/css/bootstrap.min.css]
[geedmo.com/codecanyon/lush-content-slider/demo/assets/css/bootstrap-responsive.css]
[geedmo.com/codecanyon/lush-content-slider/demo/assets/img/bg.png]
[geedmo.com/codecanyon/lush-content-slider/demo/assets/img/ads/bg.jpg]
[geedmo.com/codecanyon/lush-content-slider/demo/assets/css/style.css]
[geedmo.com/codecanyon/lush-content-slider/lush/css/lush.animations.min.css]
[geedmo.com/codecanyon/lush-content-slider/lush/img/preloader.gif]
[geedmo.com/codecanyon/lush-content-slider/lush/img/icon-play-video.png]
[geedmo.com/codecanyon/lush-content-slider/lush/img/skin/lush-skin.png]
[geedmo.com/codecanyon/lush-content-slider/lush/img/shadow-a.png]
[geedmo.com/codecanyon/lush-content-slider/lush/img/shadow-b.png]
[geedmo.com/codecanyon/lush-content-slider/lush/img/shadow-c.png]
[geedmo.com/codecanyon/lush-content-slider/lush/img/shadow-d.png]
[geedmo.com/codecanyon/lush-content-slider/lush/img/skin/lush-skin-dark.png]
[geedmo.com/codecanyon/lush-content-slider/lush/img/skin/lush-skin-silver.png]
[geedmo.com/codecanyon/lush-content-slider/lush/img/skin/lush-skin-flat.png]
[geedmo.com/codecanyon/lush-content-slider/lush/img/skin/lush-mini-skin.png]
[geedmo.com/codecanyon/lush-content-slider/lush/img/skin/lush-mini-skin-dark.png]
[geedmo.com/codecanyon/lush-content-slider/lush/img/skin/lush-mini-skin-silver.png]
[geedmo.com/codecanyon/lush-content-slider/lush/css/lush.min.css]
[geedmo.com/codecanyon/lush-content-slider/demo/assets/img/slider/sky.png]
[geedmo.com/codecanyon/lush-content-slider/demo/assets/img/slider/darkbg.png]
[geedmo.com/codecanyon/lush-content-slider/demo/flexslider.html]
[geedmo.com/codecanyon/lush-content-slider/demo/assets/img/slider/ls1.jpg]
[geedmo.com/codecanyon/lush-content-slider/demo/assets/img/slider/ls2.jpg]
[geedmo.com/codecanyon/lush-content-slider/demo/assets/img/slider/ls3.jpg]
[geedmo.com/codecanyon/lush-content-slider/demo/flexslider2.html]
[geedmo.com/codecanyon/lush-content-slider/demo/assets/img/cc/47admin.png]
[geedmo.com/codecanyon/lush-content-slider/demo/assets/img/cc/tale.png]
[geedmo.com/codecanyon/lush-content-slider/demo/assets/img/cc/elemento.png]
[geedmo.com/codecanyon/lush-content-slider/demo/assets/img/cc/boske.png]
[geedmo.com/codecanyon/lush-content-slider/demo/iframe.html]
[geedmo.com/codecanyon/lush-content-slider/demo/assets/img/ads/tablet.png]
[geedmo.com/codecanyon/lush-content-slider/demo/basic.html]
[geedmo.com/codecanyon/lush-content-slider/demo/assets/img/carousel/carousel1.jpg]
[geedmo.com/codecanyon/lush-content-slider/demo/assets/img/carousel/carousel2.jpg]
[geedmo.com/codecanyon/lush-content-slider/demo/assets/img/carousel/carousel3.jpg]
[geedmo.com/codecanyon/lush-content-slider/demo/assets/img/carousel/carousel4.jpg]
[geedmo.com/codecanyon/lush-content-slider/demo/assets/img/carousel/carousel5.jpg]
[geedmo.com/codecanyon/lush-content-slider/demo/carousel.html]
[geedmo.com/codecanyon/lush-content-slider/demo/features.html]
[geedmo.com/codecanyon/lush-content-slider/lush/builder/font/fontawesome-webfontf77b.eot]
[geedmo.com/codecanyon/lush-content-slider/lush/builder/font/fontawesome-webfontd41d.eot]
[geedmo.com/codecanyon/lush-content-slider/lush/builder/font/fontawesome-webfontf77b.woff]
[geedmo.com/codecanyon/lush-content-slider/lush/builder/font/fontawesome-webfontf77b.ttf]
[geedmo.com/codecanyon/lush-content-slider/lush/builder/css/bootstrap.min.css]
[geedmo.com/codecanyon/lush-content-slider/lush/builder/css/images/ui-bg_highlight-soft_100_eeeeee_1x100.png]
[geedmo.com/codecanyon/lush-content-slider/lush/builder/css/images/ui-bg_glass_100_f6f6f6_1x400.png]
[geedmo.com/codecanyon/lush-content-slider/lush/builder/css/images/ui-bg_glass_100_fdf5ce_1x400.png]
[geedmo.com/codecanyon/lush-content-slider/lush/builder/css/images/ui-bg_glass_65_ffffff_1x400.png]
[geedmo.com/codecanyon/lush-content-slider/lush/builder/css/images/ui-bg_highlight-soft_75_ffe45c_1x100.png]
[geedmo.com/codecanyon/lush-content-slider/lush/builder/css/images/ui-bg_diagonals-thick_18_b81900_40x40.png]
[geedmo.com/codecanyon/lush-content-slider/lush/builder/css/images/ui-icons_222222_256x240.png]
[geedmo.com/codecanyon/lush-content-slider/lush/builder/css/images/ui-icons_ffffff_256x240.png]
[geedmo.com/codecanyon/lush-content-slider/lush/builder/css/images/ui-icons_ef8c08_256x240.png]
[geedmo.com/codecanyon/lush-content-slider/lush/builder/css/images/ui-icons_228ef1_256x240.png]
[geedmo.com/codecanyon/lush-content-slider/lush/builder/css/images/ui-icons_ffd27a_256x240.png]
[geedmo.com/codecanyon/lush-content-slider/lush/builder/css/images/ui-bg_diagonals-thick_20_666666_40x40.png]
[geedmo.com/codecanyon/lush-content-slider/lush/builder/css/images/ui-bg_flat_10_000000_40x100.png]
[geedmo.com/codecanyon/lush-content-slider/lush/builder/css/jquery-ui-1.10.3.custom.min.css]
[geedmo.com/codecanyon/lush-content-slider/lush/builder/css/lush.builder.css]
[geedmo.com/codecanyon/lush-content-slider/lush/builder/js/google-code-prettify/prettify.css]
[geedmo.com/codecanyon/lush-content-slider/lush/flexslider/images/bg_direction_nav.png]
[geedmo.com/codecanyon/lush-content-slider/lush/flexslider/flexslider.css]
[geedmo.com/codecanyon/lush-content-slider/lush/builder/css/lush.items.css]
[geedmo.com/themeforest/wintermin/vendor/fontawesome/fonts/fontawesome-webfont78ce.svg]
[geedmo.com/themeforest/wintermin/vendor/jqueryui/css/ui-lightness/images/ui-bg_highlight-soft_100_eeeeee_1x100.png]
[geedmo.com/themeforest/wintermin/vendor/jqueryui/css/ui-lightness/images/ui-bg_gloss-wave_35_f6a828_500x100.png]
[geedmo.com/themeforest/wintermin/vendor/jqueryui/css/ui-lightness/images/ui-bg_glass_100_f6f6f6_1x400.png]
[geedmo.com/themeforest/wintermin/vendor/jqueryui/css/ui-lightness/images/ui-bg_glass_100_fdf5ce_1x400.png]
[geedmo.com/themeforest/wintermin/vendor/jqueryui/css/ui-lightness/images/ui-bg_glass_65_ffffff_1x400.png]
[geedmo.com/themeforest/wintermin/vendor/jqueryui/css/ui-lightness/images/ui-bg_highlight-soft_75_ffe45c_1x100.png]
[geedmo.com/themeforest/wintermin/vendor/jqueryui/css/ui-lightness/images/ui-bg_diagonals-thick_18_b81900_40x40.png]
[geedmo.com/themeforest/wintermin/vendor/jqueryui/css/ui-lightness/images/ui-icons_222222_256x240.png]
[geedmo.com/themeforest/wintermin/vendor/jqueryui/css/ui-lightness/images/ui-icons_ffffff_256x240.png]
[geedmo.com/themeforest/wintermin/vendor/jqueryui/css/ui-lightness/images/ui-icons_ef8c08_256x240.png]
[geedmo.com/themeforest/wintermin/vendor/jqueryui/css/ui-lightness/images/ui-icons_228ef1_256x240.png]
[geedmo.com/themeforest/wintermin/vendor/jqueryui/css/ui-lightness/images/ui-icons_ffd27a_256x240.png]
[geedmo.com/themeforest/wintermin/vendor/jqueryui/css/ui-lightness/images/ui-bg_diagonals-thick_20_666666_40x40.png]
[geedmo.com/themeforest/wintermin/vendor/jqueryui/css/ui-lightness/images/ui-bg_flat_10_000000_40x100.png]
[geedmo.com/themeforest/wintermin/vendor/jqueryui/css/ui-lightness/jquery-ui-1.10.4.custom.min.css]
[geedmo.com/themeforest/wintermin/app/css/common.css]
[geedmo.com/themeforest/wintermin/app/img/landing/background.jpg]
[geedmo.com/themeforest/wintermin/app/img/landing/callout.jpg]
[geedmo.com/themeforest/wintermin/app/css/landing.css]
[geedmo.com/themeforest/wintermin/vendor/jvectormap/jquery-jvectormap-1.2.2.css]
[geedmo.com/themeforest/wintermin/vendor/datatable/extensions/datatable-bootstrap/images/sort_both.png]
[geedmo.com/themeforest/wintermin/vendor/datatable/extensions/datatable-bootstrap/images/sort_asc.png]
[geedmo.com/themeforest/wintermin/vendor/datatable/extensions/datatable-bootstrap/images/sort_desc.png]
[geedmo.com/themeforest/wintermin/vendor/datatable/extensions/datatable-bootstrap/images/sort_asc_disabled.png]
[geedmo.com/themeforest/wintermin/vendor/datatable/extensions/datatable-bootstrap/images/sort_desc_disabled.png]
[geedmo.com/themeforest/wintermin/vendor/datatable/extensions/datatable-bootstrap/css/dataTables.bootstrap.css]
[geedmo.com/themeforest/wintermin/vendor/datatable/extensions/ColVis/css/dataTables.colVis.css]
[geedmo.com/themeforest/wintermin/vendor/slider/css/slider.css]
[geedmo.com/themeforest/wintermin/vendor/chosen/chosen-sprite.png]
[geedmo.com/themeforest/wintermin/vendor/chosen/chosen-sprite@2x.png]
[geedmo.com/themeforest/wintermin/vendor/chosen/chosen.min.css]
[geedmo.com/themeforest/wintermin/vendor/datetimepicker/css/bootstrap-datetimepicker.min.css]
[geedmo.com/themeforest/wintermin/vendor/codemirror/lib/codemirror.css]
[geedmo.com/themeforest/wintermin/vendor/tagsinput/bootstrap-tagsinput.css]
[geedmo.com/themeforest/wintermin/vendor/fullcalendar/fullcalendar.css]
[geedmo.com/themeforest/wintermin/vendor/fullcalendar/fullcalendar.print.css]
[geedmo.com/themeforest/singular/app/vendor/open-sans-fontface/fonts/Light/OpenSans-Light.svg]
[geedmo.com/themeforest/singular/app/vendor/open-sans-fontface/fonts/Regular/OpenSans-Regular.svg]
[geedmo.com/themeforest/singular/app/vendor/open-sans-fontface/fonts/Italic/OpenSans-Italic.svg]
[geedmo.com/themeforest/singular/app/vendor/open-sans-fontface/fonts/Italic/OpenSans-Italic.eot]
[geedmo.com/themeforest/singular/app/vendor/open-sans-fontface/fonts/Semibold/OpenSans-Semibold.svg]
[geedmo.com/codecanyon/47admin/app/css/bootstrap.css]
[geedmo.com/codecanyon/47admin/vendor/fontawesome/fonts/fontawesome-webfont862f.eot]
[geedmo.com/codecanyon/47admin/vendor/fontawesome/fonts/fontawesome-webfontd41d.eot]
[geedmo.com/codecanyon/47admin/vendor/fontawesome/fonts/fontawesome-webfont862f.woff]
[geedmo.com/codecanyon/47admin/vendor/fontawesome/fonts/fontawesome-webfont862f.ttf]
[geedmo.com/codecanyon/47admin/vendor/fontawesome/css/font-awesome.min.css]
[geedmo.com/codecanyon/47admin/vendor/animo/animate+animo.css]
[geedmo.com/codecanyon/47admin/vendor/csspinner/csspinner.min.css]
[geedmo.com/codecanyon/47admin/app/css/app.css]
[geedmo.com/codecanyon/47admin/dashboard-nosidebar.html]
[geedmo.com/codecanyon/47admin/dashboard-noprofile.html]
[geedmo.com/codecanyon/47admin/chart-flot.html]
[geedmo.com/codecanyon/47admin/chart-radial.html]
[geedmo.com/codecanyon/47admin/vendor/datatable/extensions/ColVis/css/dataTables.colVis.css]
[geedmo.com/codecanyon/47admin/vendor/datatable/extensions/datatable-bootstrap/js/dataTables.bootstrap.js]
[geedmo.com/codecanyon/47admin/vendor/datatable/extensions/datatable-bootstrap/js/dataTables.bootstrapPagination.js]
[geedmo.com/codecanyon/47admin/vendor/datatable/media/js/jquery.dataTables.min.js]
[geedmo.com/codecanyon/47admin/vendor/datatable/extensions/ColVis/js/dataTables.colVis.min.js]
[geedmo.com/codecanyon/47admin/table-datatable.html]
[geedmo.com/codecanyon/47admin/table-standard.html]
[geedmo.com/codecanyon/47admin/table-extended.html]
[geedmo.com/codecanyon/47admin/form-standard.html]
[geedmo.com/codecanyon/47admin/vendor/slider/css/slider.css]
[geedmo.com/codecanyon/47admin/vendor/chosen/chosen.min.css]
[geedmo.com/codecanyon/47admin/vendor/datetimepicker/css/bootstrap-datetimepicker.min.css]
[geedmo.com/codecanyon/47admin/vendor/codemirror/lib/codemirror.css]
[geedmo.com/codecanyon/47admin/vendor/tagsinput/bootstrap-tagsinput.css]
[geedmo.com/codecanyon/47admin/vendor/codemirror/addon/mode/overlay.js]
[geedmo.com/codecanyon/47admin/vendor/codemirror/mode/markdown/markdown.js]
[geedmo.com/codecanyon/47admin/vendor/codemirror/mode/xml/xml.js]
[geedmo.com/codecanyon/47admin/vendor/codemirror/mode/gfm/gfm.js]
[geedmo.com/codecanyon/47admin/vendor/marked/marked.js]
[geedmo.com/codecanyon/47admin/vendor/datetimepicker/js/bootstrap-datetimepicker.min.js]
[geedmo.com/codecanyon/47admin/vendor/tagsinput/bootstrap-tagsinput.min.js]
[geedmo.com/codecanyon/47admin/vendor/moment/min/moment-with-langs.min.js]
[geedmo.com/codecanyon/47admin/form-extended.html]
[geedmo.com/codecanyon/47admin/vendor/inputmask/jquery.inputmask.bundle.min.js]
[geedmo.com/codecanyon/47admin/form-validation.html]
[geedmo.com/codecanyon/47admin/vendor/parsley/parsley.min.js]
[geedmo.com/codecanyon/47admin/form-wizard.html]
[geedmo.com/codecanyon/47admin/panels.html]
[geedmo.com/codecanyon/47admin/vendor/codemirror/lib/codemirror.js]
[geedmo.com/codecanyon/47admin/vendor/formwizard/js/bwizard.min.js]
[geedmo.com/codecanyon/47admin/vendor/jqueryui/css/ui-lightness/jquery-ui-1.10.4.custom.min.css]
[geedmo.com/codecanyon/47admin/vendor/touch-punch/jquery.ui.touch-punch.min.js]
[geedmo.com/codecanyon/47admin/portlets.html]
[geedmo.com/codecanyon/47admin/button.html]
[geedmo.com/codecanyon/47admin/icons.html]
[geedmo.com/codecanyon/47admin/notifications.html]
[geedmo.com/codecanyon/47admin/typo.html]
[geedmo.com/codecanyon/47admin/grid.html]
[geedmo.com/codecanyon/47admin/app/img/bg1.jpg]
[geedmo.com/codecanyon/47admin/vendor/jqueryui/js/jquery-ui-1.10.4.custom.min.js]
[geedmo.com/codecanyon/47admin/app/img/bg4.jpg]
[geedmo.com/codecanyon/47admin/app/img/bg2.jpg]
[geedmo.com/codecanyon/47admin/app/img/bg5.jpg]
[geedmo.com/codecanyon/47admin/app/img/bg6.jpg]
[geedmo.com/codecanyon/47admin/app/img/bg7.jpg]
[geedmo.com/codecanyon/47admin/app/img/bg8.jpg]
[geedmo.com/codecanyon/47admin/app/img/bg9.jpg]
[geedmo.com/codecanyon/47admin/app/img/bg10.jpg]
[geedmo.com/codecanyon/47admin/grid-masonry.html]
[geedmo.com/codecanyon/47admin/animations.html]
[geedmo.com/codecanyon/47admin/dropdown-animations.html]
[geedmo.com/codecanyon/47admin/app/img/bg3.jpg]
[geedmo.com/codecanyon/47admin/vendor/gmap/jquery.gmap.min.js]
[geedmo.com/codecanyon/47admin/widgets.html]
[geedmo.com/codecanyon/47admin/maps.html]
[geedmo.com/codecanyon/47admin/vendor/fullcalendar/fullcalendar.css]
[geedmo.com/codecanyon/47admin/vendor/fullcalendar/fullcalendar.print.css]
[geedmo.com/codecanyon/47admin/calendar.html]
[geedmo.com/codecanyon/47admin/spinners.html]
[geedmo.com/codecanyon/47admin/app/css/landing.css]
[geedmo.com/codecanyon/47admin/app/img/logo2.png]
[geedmo.com/codecanyon/47admin/vendor/fullcalendar/fullcalendar.min.js]
[geedmo.com/codecanyon/47admin/app/img/landing/chrome-app.png]
[geedmo.com/codecanyon/47admin/app/img/landing/store-apple.png]
[geedmo.com/codecanyon/47admin/app/img/landing/store-google.png]
[geedmo.com/codecanyon/47admin/app/img/landing/clients/jquery.png]
[geedmo.com/codecanyon/47admin/app/img/landing/clients/node.png]
[geedmo.com/codecanyon/47admin/app/img/landing/clients/gulp.png]
[geedmo.com/codecanyon/47admin/app/img/landing/clients/jade.png]
[geedmo.com/codecanyon/47admin/app/img/landing/clients/less.png]
[geedmo.com/codecanyon/47admin/app/img/landing/clients/bootstrap.png]
[geedmo.com/codecanyon/47admin/app/img/landing/app-multi.png]
[geedmo.com/codecanyon/47admin/app/img/landing/app-chart.png]
[geedmo.com/codecanyon/47admin/app/img/landing/app-widget.png]
[geedmo.com/codecanyon/47admin/app/img/landing/app-mobile.png]
[geedmo.com/codecanyon/47admin/app/js/pages.js]
[geedmo.com/codecanyon/47admin/pages/landing.html]
[geedmo.com/codecanyon/47admin/app/img/logo3.png]
[geedmo.com/codecanyon/47admin/pages/login.html]
[geedmo.com/codecanyon/47admin/pages/login-multi.html]
[geedmo.com/codecanyon/47admin/pages/signup.html]
[geedmo.com/codecanyon/47admin/app/img/lock-bg.jpg]
[geedmo.com/codecanyon/47admin/pages/lock.html]
[geedmo.com/codecanyon/47admin/pages/recover.html]
[geedmo.com/codecanyon/47admin/template.html]
[geedmo.com/codecanyon/47admin/timeline.html]
[geedmo.com/codecanyon/47admin/inbox.html]
[geedmo.com/codecanyon/boske/assets/fonts/fontawesome-webfont862f.svg]
[geedmo.com/codecanyon/boske/assets/ico/favicon.html]
[geedmo.com/codecanyon/boske/examples/blog/blog.css]
[geedmo.com/codecanyon/boske/examples/carousel/carousel.css]
[geedmo.com/codecanyon/boske/examples/cover/cover.css]
[geedmo.com/codecanyon/boske/examples/dashboard/dashboard.css]
[geedmo.com/codecanyon/boske/examples/grid/grid.css]
[geedmo.com/codecanyon/boske/examples/jumbotron/jumbotron.css]
[geedmo.com/codecanyon/boske/examples/jumbotron-narrow/jumbotron-narrow.css]
[geedmo.com/codecanyon/boske/examples/justified-nav/justified-nav.css]
[geedmo.com/codecanyon/boske/examples/navbar/navbar.css]
[geedmo.com/codecanyon/boske/examples/navbar/index-2.html]
[geedmo.com/codecanyon/boske/examples/navbar-static-top/index-2.html]
[geedmo.com/codecanyon/boske/examples/navbar-fixed-top/index-2.html]
[geedmo.com/codecanyon/boske/components/index.html]
[geedmo.com/codecanyon/boske/examples/navbar-fixed-top/navbar-fixed-top.css]
[geedmo.com/codecanyon/boske/examples/navbar-static-top/navbar-static-top.css]
[geedmo.com/codecanyon/boske/examples/non-responsive/non-responsive.css]
[geedmo.com/codecanyon/boske/examples/offcanvas/offcanvas.css]
[geedmo.com/codecanyon/boske/examples/signin/signin.css]
[geedmo.com/codecanyon/boske/examples/starter-template/starter-template.css]
[geedmo.com/codecanyon/boske/examples/sticky-footer/sticky-footer.css]
[geedmo.com/codecanyon/boske/examples/sticky-footer-navbar/index-2.html]
[geedmo.com/codecanyon/boske/examples/sticky-footer-navbar/sticky-footer-navbar.css]
[geedmo.com/codecanyon/boske/examples/sticky-footer/index-2.html]
[geedmo.com/codecanyon/sesamo/demo/fontawesome/font/fontawesome-webfont.svg]
[geedmo.com/codecanyon/elemento/assets/fonts/fontawesome-webfontba72.svg]
[geedmo.com/codecanyon/elemento/assets/img/hue.png]
[geedmo.com/codecanyon/plan/assets/fonts/fontawesome-webfont862f.eot]
[geedmo.com/codecanyon/plan/assets/fonts/fontawesome-webfontd41d.eot]
[geedmo.com/codecanyon/plan/assets/fonts/fontawesome-webfont862f.woff]
[geedmo.com/codecanyon/plan/assets/fonts/fontawesome-webfont862f.ttf]
[geedmo.com/codecanyon/plan/assets/css/bootstrap.min.css]
[geedmo.com/codecanyon/plan/assets/css/bootstrap-select.min.css]
[geedmo.com/codecanyon/plan/assets/css/plan.min.css]
[geedmo.com/codecanyon/plan/assets/css/video-js.min.css]
[geedmo.com/envato/videos/big-buck-bunny_poster.jpg]
[geedmo.com/envato/videos/big_buck_bunny.mp4]
[geedmo.com/codecanyon/plan/assets/js/video.js]
[geedmo.com/codecanyon/plan/assets/js/responsive.video.js]
[geedmo.com/codecanyon/plan/plan.html]
[geedmo.com/codecanyon/plan/assets/js/jquery.placeholder.js]
[geedmo.com/codecanyon/plan/assets/img/avatar.png]
[geedmo.com/codecanyon/plan/assets/img/ipad.png]
[geedmo.com/codecanyon/plan/assets/img/plan.jpg]
[geedmo.com/codecanyon/plan/assets/img/profile.jpg]
[geedmo.com/codecanyon/plan/assets/img/gallery/pic1.png]
[geedmo.com/codecanyon/plan/assets/img/gallery/pic2.png]
[geedmo.com/codecanyon/plan/assets/img/gallery/pic3.png]
[geedmo.com/codecanyon/plan/assets/img/gallery/pic4.png]
[geedmo.com/codecanyon/plan/assets/img/gallery/pic5.png]
[geedmo.com/codecanyon/plan/assets/img/gallery/pic6.png]
[geedmo.com/codecanyon/plan/assets/img/gallery/pic7.png]
[geedmo.com/codecanyon/plan/assets/img/gallery/pic8.png]
[geedmo.com/codecanyon/plan/assets/js/bootstrap-fileupload.min.js]
[geedmo.com/codecanyon/plan/uikit.html]
[geedmo.com/codecanyon/plan/assets/js/jquery.gmap.min.js]
[geedmo.com/codecanyon/dropper/bootstrap3/assets/fonts/fontawesome-webfontba72.eot]
[geedmo.com/codecanyon/dropper/bootstrap3/assets/fonts/fontawesome-webfontd41d.eot]
[geedmo.com/codecanyon/dropper/bootstrap3/assets/fonts/fontawesome-webfontba72.woff]
[geedmo.com/codecanyon/dropper/bootstrap3/assets/fonts/fontawesome-webfontba72.ttf]
[geedmo.com/codecanyon/dropper/bootstrap3/assets/img/saturation.png]
[geedmo.com/codecanyon/dropper/bootstrap3/assets/img/hue.png]
[geedmo.com/codecanyon/dropper/bootstrap3/assets/img/alpha.png]
[geedmo.com/codecanyon/dropper/bootstrap3/assets/css/bootstrap.min.css]
[geedmo.com/codecanyon/dropper/bootstrap3/assets/css/docs.css]
[geedmo.com/codecanyon/dropper/bootstrap3/index-2.html]
[geedmo.com/codecanyon/dropper/bootstrap3/assets/img/image-placeholder.png]
[geedmo.com/codecanyon/dropper/bootstrap3/assets/img/image-placeholder-64x64.png]
[geedmo.com/codecanyon/dropper/bootstrap3/assets/img/bootstrap-mdo-sfmoma-01.jpg]
[geedmo.com/codecanyon/dropper/bootstrap3/assets/img/bootstrap-mdo-sfmoma-02.jpg]
[geedmo.com/codecanyon/dropper/bootstrap3/assets/img/bootstrap-mdo-sfmoma-03.jpg]
[geedmo.com/codecanyon/dropper/bootstrap3/bootstrap.html]
[geedmo.com/codecanyon/dropper/bootstrap3/assets/js/jquery.gmap.min.js]
[geedmo.com/codecanyon/dropper/bootstrap3/extras.html]
[geedmo.com/codecanyon/dropper/bootstrap3/uikit.png]
[geedmo.com/codecanyon/dropper/bootstrap3/uikit.html]
[geedmo.com/codecanyon/dropper/bootstrap3/assets/css/bootstrap.blue.min.css]
[geedmo.com/codecanyon/dropper/bootstrap3/assets/css/bootstrap.green.min.css]
[geedmo.com/codecanyon/dropper/bootstrap3/assets/css/bootstrap.orange.min.css]
[geedmo.com/codecanyon/dropper/bootstrap3/assets/css/bootstrap.pink.min.css]
[geedmo.com/codecanyon/dropper/bootstrap3/assets/css/bootstrap.purple.min.css]
[geedmo.com/codecanyon/dropper/bootstrap2/assets/css/bootstrap.min.css]
[geedmo.com/codecanyon/dropper/bootstrap2/assets/css/bootstrap-responsive.min.css]
[geedmo.com/codecanyon/dropper/bootstrap2/assets/css/docs.css]
[geedmo.com/codecanyon/dropper/bootstrap2/assets/js/google-code-prettify/prettify.css]
[geedmo.com/codecanyon/dropper/bootstrap2/index-2.html]
[geedmo.com/codecanyon/dropper/bootstrap2/extents.html]
[geedmo.com/codecanyon/dropper/bootstrap2/uikit.html]
[geedmo.com/codecanyon/dropper/bootstrap2/base-css.html]
[geedmo.com/codecanyon/dropper/bootstrap2/components.html]
[geedmo.com/codecanyon/dropper/bootstrap2/javascript.html]
[geedmo.com/codecanyon/dropper/bootstrap2/home.html]
[geedmo.com/codecanyon/dropper/bootstrap2/about.html]
[geedmo.com/codecanyon/dropper/bootstrap2/portfolio.html]
[geedmo.com/codecanyon/dropper/bootstrap2/blog.html]
[geedmo.com/codecanyon/dropper/bootstrap2/blog-detail.html]
[geedmo.com/codecanyon/dropper/bootstrap2/contact.html]
[geedmo.com/codecanyon/dropper/bootstrap2/signin.html]
[geedmo.com/codecanyon/dropper/bootstrap2/carousel.html]
[geedmo.com/codecanyon/dropper/bootstrap2/fluid.html]
[geedmo.com/codecanyon/dropper/bootstrap2/marketing-alternate.html]
[geedmo.com/codecanyon/dropper/bootstrap2/marketing-narrow.html]
[geedmo.com/codecanyon/dropper/bootstrap2/hero.html]
[geedmo.com/codecanyon/dropper/bootstrap2/documentation.html]
[geedmo.com/codecanyon/dropper/bootstrap2/assets/css/bootstrap.blue.min.css]
[geedmo.com/codecanyon/dropper/bootstrap2/assets/css/bootstrap.green.min.css]
[geedmo.com/codecanyon/dropper/bootstrap2/assets/css/bootstrap.orange.min.css]
[geedmo.com/codecanyon/dropper/bootstrap2/assets/css/bootstrap.pink.min.css]
[geedmo.com/codecanyon/dropper/bootstrap2/assets/js/bootstrap.min.js]
[geedmo.com/codecanyon/dropper/bootstrap2/assets/js/jquery.js]
[geedmo.com/codecanyon/dropper/bootstrap2/assets/js/holder/holder.js]
[geedmo.com/codecanyon/dropper/bootstrap2/assets/js/application.js]
[geedmo.com/codecanyon/dropper/bootstrap2/assets/js/google-code-prettify/prettify.js]
[geedmo.com/codecanyon/dropper/bootstrap2/index.html]
[geedmo.com/codecanyon/elemento/bootstrap3/index.html]
[geedmo.com/codecanyon/lush-content-slider/lush/builder/font/fontawesome-webfont.svg]
[geedmo.com/codecanyon/47admin/app/fonts/glyphicons-halflings-regular.html]
[geedmo.com/codecanyon/47admin/app/fonts/glyphicons-halflings-regulard41d.html]
[geedmo.com/codecanyon/47admin/app/fonts/glyphicons-halflings-regular-2.html]
[geedmo.com/codecanyon/47admin/app/fonts/glyphicons-halflings-regular-3.html]
[geedmo.com/codecanyon/47admin/app/fonts/glyphicons-halflings-regular-4.html]
[geedmo.com/codecanyon/47admin/vendor/fontawesome/fonts/fontawesome-webfont862f.svg]
[geedmo.com/codecanyon/lush-content-slider/lush/builder/css/images/ui-bg_gloss-wave_35_f6a828_500x100.png]
[geedmo.com/codecanyon/47admin/vendor/datatable/extensions/datatable-bootstrap/css/dataTables.bootstrap.css]
[geedmo.com/codecanyon/47admin/vendor/datatable/extensions/ColVis/css/dataTables.colVis.css]
[geedmo.com/codecanyon/47admin/vendor/slider/css/slider.css]
[geedmo.com/codecanyon/47admin/vendor/chosen/chosen-sprite.png]
[geedmo.com/codecanyon/47admin/vendor/chosen/chosen-sprite@2x.png]
[geedmo.com/codecanyon/47admin/vendor/chosen/chosen.min.css]
[geedmo.com/codecanyon/47admin/vendor/datetimepicker/css/bootstrap-datetimepicker.min.css]
[geedmo.com/codecanyon/47admin/vendor/codemirror/lib/codemirror.css]
[geedmo.com/codecanyon/47admin/vendor/tagsinput/bootstrap-tagsinput.css]
[geedmo.com/codecanyon/47admin/vendor/jqueryui/css/ui-lightness/images/ui-bg_highlight-soft_100_eeeeee_1x100.png]
[geedmo.com/codecanyon/47admin/vendor/jqueryui/css/ui-lightness/images/ui-bg_gloss-wave_35_f6a828_500x100.png]
[geedmo.com/codecanyon/47admin/vendor/jqueryui/css/ui-lightness/images/ui-bg_glass_100_f6f6f6_1x400.png]
[geedmo.com/codecanyon/47admin/vendor/jqueryui/css/ui-lightness/images/ui-bg_glass_100_fdf5ce_1x400.png]
[geedmo.com/codecanyon/47admin/vendor/jqueryui/css/ui-lightness/images/ui-bg_glass_65_ffffff_1x400.png]
[geedmo.com/codecanyon/47admin/vendor/jqueryui/css/ui-lightness/images/ui-bg_highlight-soft_75_ffe45c_1x100.png]
[geedmo.com/codecanyon/47admin/vendor/jqueryui/css/ui-lightness/images/ui-bg_diagonals-thick_18_b81900_40x40.png]
[geedmo.com/codecanyon/47admin/vendor/jqueryui/css/ui-lightness/images/ui-icons_222222_256x240.png]
[geedmo.com/codecanyon/47admin/vendor/jqueryui/css/ui-lightness/images/ui-icons_ffffff_256x240.png]
[geedmo.com/codecanyon/47admin/vendor/jqueryui/css/ui-lightness/images/ui-icons_ef8c08_256x240.png]
[geedmo.com/codecanyon/47admin/vendor/jqueryui/css/ui-lightness/images/ui-icons_228ef1_256x240.png]
[geedmo.com/codecanyon/47admin/vendor/jqueryui/css/ui-lightness/images/ui-icons_ffd27a_256x240.png]
[geedmo.com/codecanyon/47admin/vendor/jqueryui/css/ui-lightness/images/ui-bg_diagonals-thick_20_666666_40x40.png]
[geedmo.com/codecanyon/47admin/vendor/jqueryui/css/ui-lightness/images/ui-bg_flat_10_000000_40x100.png]
[geedmo.com/codecanyon/47admin/vendor/jqueryui/css/ui-lightness/jquery-ui-1.10.4.custom.min.css]
[geedmo.com/codecanyon/47admin/vendor/fullcalendar/fullcalendar.css]
[geedmo.com/codecanyon/47admin/vendor/fullcalendar/fullcalendar.print.css]
[geedmo.com/codecanyon/47admin/app/img/landing/background.jpg]
[geedmo.com/codecanyon/47admin/app/img/landing/callout.jpg]
[geedmo.com/codecanyon/47admin/app/css/landing.css]
[geedmo.com/codecanyon/plan/assets/fonts/fontawesome-webfont862f.svg]
[geedmo.com/codecanyon/plan/assets/css/video-js.min.css]
[geedmo.com/codecanyon/dropper/bootstrap3/assets/fonts/fontawesome-webfontba72.svg]
[geedmo.com/envato/videos/big_buck_bunny.mp4]
[geedmo.com/envato/videos/big_buck_bunny.webm]
[geedmo.com/codecanyon/dropper/bootstrap2/assets/img/saturation.png]
[geedmo.com/codecanyon/dropper/bootstrap2/assets/img/hue.png]
[geedmo.com/codecanyon/dropper/bootstrap2/assets/img/alpha.png]
[geedmo.com/codecanyon/dropper/bootstrap2/assets/font/fontawesome-webfont2167.eot]
[geedmo.com/codecanyon/dropper/bootstrap2/assets/font/fontawesome-webfontd41d.eot]
[geedmo.com/codecanyon/dropper/bootstrap2/assets/font/fontawesome-webfont2167.woff]
[geedmo.com/codecanyon/dropper/bootstrap2/assets/font/fontawesome-webfont2167.ttf]
[geedmo.com/codecanyon/dropper/bootstrap2/assets/css/bootstrap.min.css]
[geedmo.com/codecanyon/dropper/bootstrap2/assets/css/bootstrap-responsive.min.css]
[geedmo.com/codecanyon/dropper/bootstrap2/assets/css/docs.css]
[geedmo.com/codecanyon/dropper/bootstrap2/assets/js/google-code-prettify/prettify.css]
[geedmo.com/codecanyon/dropper/bootstrap2/assets/ico/apple-touch-icon-144-precomposed.html]
[geedmo.com/codecanyon/dropper/bootstrap2/assets/ico/apple-touch-icon-114-precomposed.html]
[geedmo.com/codecanyon/dropper/bootstrap2/assets/ico/apple-touch-icon-72-precomposed.html]
[geedmo.com/codecanyon/dropper/bootstrap2/assets/ico/apple-touch-icon-57-precomposed.html]
[geedmo.com/codecanyon/dropper/bootstrap2/assets/ico/favicon.html]
[geedmo.com/codecanyon/dropper/bootstrap2/assets/js/ga.html]
[geedmo.com/codecanyon/dropper/bootstrap2/index-2.html]
[geedmo.com/codecanyon/dropper/bootstrap2/assets/img/ico/twitter.png]
[geedmo.com/codecanyon/dropper/bootstrap2/assets/img/ico/google.png]
[geedmo.com/codecanyon/dropper/bootstrap2/assets/img/ico/flickr.png]
[geedmo.com/codecanyon/dropper/bootstrap2/assets/img/ico/rss.png]
[geedmo.com/codecanyon/dropper/bootstrap2/extents.html]
[geedmo.com/codecanyon/dropper/bootstrap2/assets/js/jquery.gmap.min.js]
[geedmo.com/codecanyon/dropper/bootstrap2/uikit.png]
[geedmo.com/codecanyon/dropper/bootstrap2/uikit.html]
[geedmo.com/codecanyon/dropper/bootstrap2/base-css.html]
[geedmo.com/codecanyon/dropper/bootstrap2/components.html]
[geedmo.com/codecanyon/dropper/bootstrap2/assets/img/bootstrap-mdo-sfmoma-01.jpg]
[geedmo.com/codecanyon/dropper/bootstrap2/assets/img/bootstrap-mdo-sfmoma-02.jpg]
[geedmo.com/codecanyon/dropper/bootstrap2/assets/img/bootstrap-mdo-sfmoma-03.jpg]
[geedmo.com/codecanyon/dropper/bootstrap2/javascript.html]
[geedmo.com/codecanyon/dropper/bootstrap2/assets/img/examples/slide-01.jpg]
[geedmo.com/codecanyon/dropper/bootstrap2/assets/img/examples/slide-02.jpg]
[geedmo.com/codecanyon/dropper/bootstrap2/assets/img/examples/slide-03.jpg]
[geedmo.com/codecanyon/dropper/bootstrap2/home.html]
[geedmo.com/codecanyon/dropper/bootstrap2/about.html]
[geedmo.com/codecanyon/dropper/bootstrap2/portfolio.html]
[geedmo.com/codecanyon/dropper/bootstrap2/blog.html]
[geedmo.com/codecanyon/dropper/bootstrap2/blog-detail.html]
[geedmo.com/codecanyon/dropper/bootstrap2/contact.html]
[geedmo.com/codecanyon/dropper/bootstrap2/signin.html]
[geedmo.com/codecanyon/dropper/bootstrap2/carousel.html]
[geedmo.com/codecanyon/dropper/bootstrap2/fluid.html]
[geedmo.com/codecanyon/dropper/bootstrap2/marketing-alternate.html]
[geedmo.com/codecanyon/dropper/bootstrap2/marketing-narrow.html]
[geedmo.com/codecanyon/dropper/bootstrap2/hero.html]
[platform.twitter.com/widgets.js]
[geedmo.com/codecanyon/dropper/bootstrap2/documentation.html]
[geedmo.com/codecanyon/dropper/bootstrap2/assets/css/bootstrap.blue.min.css]
[geedmo.com/codecanyon/dropper/bootstrap2/assets/css/bootstrap.green.min.css]
[geedmo.com/codecanyon/dropper/bootstrap2/assets/css/bootstrap.orange.min.css]
[geedmo.com/codecanyon/dropper/bootstrap2/assets/css/bootstrap.pink.min.css]
[geedmo.com/codecanyon/dropper/bootstrap2/assets/css/bootstrap.purple.min.css]
[geedmo.com/codecanyon/47admin/vendor/datatable/extensions/datatable-bootstrap/images/sort_both.png]
[geedmo.com/codecanyon/47admin/vendor/datatable/extensions/datatable-bootstrap/images/sort_asc.png]
[geedmo.com/codecanyon/47admin/vendor/datatable/extensions/datatable-bootstrap/images/sort_desc.png]
[geedmo.com/codecanyon/47admin/vendor/datatable/extensions/datatable-bootstrap/images/sort_asc_disabled.png]
[geedmo.com/codecanyon/47admin/vendor/datatable/extensions/datatable-bootstrap/images/sort_desc_disabled.png]
[geedmo.com/codecanyon/47admin/vendor/datatable/extensions/datatable-bootstrap/css/dataTables.bootstrap.css]
[geedmo.com/codecanyon/plan/assets/css/font/vjs.html]
[geedmo.com/codecanyon/plan/assets/css/font/vjsd41d.html]
[geedmo.com/codecanyon/plan/assets/css/font/vjs-2.html]
[geedmo.com/codecanyon/plan/assets/css/font/vjs-3.html]
[geedmo.com/envato/videos/big_buck_bunny.mp4]
[geedmo.com/codecanyon/dropper/bootstrap2/assets/font/fontawesome-webfont.svg]
[geedmo.com/codecanyon/dropper/assets/ico/apple-touch-icon-144-precomposed.html]
[geedmo.com/codecanyon/dropper/assets/ico/apple-touch-icon-114-precomposed.html]
[geedmo.com/codecanyon/dropper/assets/ico/apple-touch-icon-72-precomposed.html]
[geedmo.com/codecanyon/dropper/assets/ico/apple-touch-icon-57-precomposed.html]
[geedmo.com/codecanyon/dropper/assets/ico/favicon.html]
[geedmo.com/codecanyon/dropper/bootstrap2/blog-single.html]
[geedmo.com/codecanyon/dropper/bootstrap2/assets/css/bootstrap.purple.min.css]
[geedmo.com/envato/videos/big_buck_bunny.webm]
[geedmo.com/codecanyon/dropper/bootstrap2/assets/img/ico/facebook.png]
